Archive member included to satisfy reference by file (symbol)

/home/alexey/dev/pico/arduino-pico/Fade/build/../../../../../../../tmp/arduino/cores/c64b4fb940d8d4d7c6cb5c1115408555/core.a(delay.cpp.o)
                              /home/alexey/dev/pico/arduino-pico/Fade/build/sketch/Fade.ino.cpp.o (delay)
/home/alexey/dev/pico/arduino-pico/Fade/build/../../../../../../../tmp/arduino/cores/c64b4fb940d8d4d7c6cb5c1115408555/core.a(main.cpp.o)
                              /home/alexey/.arduino15/packages/rp2040/tools/pqt-gcc/2.1.0-a-d3d2e6b/bin/../lib/gcc/arm-none-eabi/12.3.0/../../../../arm-none-eabi/lib/thumb/crt0.o (main)
/home/alexey/dev/pico/arduino-pico/Fade/build/../../../../../../../tmp/arduino/cores/c64b4fb940d8d4d7c6cb5c1115408555/core.a(malloc-lock.cpp.o)
                              /home/alexey/dev/pico/arduino-pico/Fade/build/../../../../../../../tmp/arduino/cores/c64b4fb940d8d4d7c6cb5c1115408555/core.a(main.cpp.o) (__wrap_calloc)
/home/alexey/dev/pico/arduino-pico/Fade/build/../../../../../../../tmp/arduino/cores/c64b4fb940d8d4d7c6cb5c1115408555/core.a(wiring_analog.cpp.o)
                              /home/alexey/dev/pico/arduino-pico/Fade/build/sketch/Fade.ino.cpp.o (analogWrite)
/home/alexey/dev/pico/arduino-pico/Fade/build/../../../../../../../tmp/arduino/cores/c64b4fb940d8d4d7c6cb5c1115408555/core.a(wiring_digital.cpp.o)
                              /home/alexey/dev/pico/arduino-pico/Fade/build/sketch/Fade.ino.cpp.o (pinMode)
/home/alexey/dev/pico/arduino-pico/Fade/build/../../../../../../../tmp/arduino/cores/c64b4fb940d8d4d7c6cb5c1115408555/core.a(wiring_private.cpp.o)
                              /home/alexey/dev/pico/arduino-pico/Fade/build/../../../../../../../tmp/arduino/cores/c64b4fb940d8d4d7c6cb5c1115408555/core.a(main.cpp.o) (interrupts)
/home/alexey/dev/pico/arduino-pico/Fade/build/../../../../../../../tmp/arduino/cores/c64b4fb940d8d4d7c6cb5c1115408555/core.a(CoreMutex.cpp.o)
                              /home/alexey/dev/pico/arduino-pico/Fade/build/../../../../../../../tmp/arduino/cores/c64b4fb940d8d4d7c6cb5c1115408555/core.a(wiring_analog.cpp.o) (_ZN9CoreMutexC1EP5mutexh)
/home/alexey/dev/pico/arduino-pico/Fade/build/../../../../../../../tmp/arduino/cores/c64b4fb940d8d4d7c6cb5c1115408555/core.a(PIOProgram.cpp.o)
                              /home/alexey/dev/pico/arduino-pico/Fade/build/../../../../../../../tmp/arduino/cores/c64b4fb940d8d4d7c6cb5c1115408555/core.a(main.cpp.o) (_ZN10PIOProgramC1EPK11pio_program)
/home/alexey/dev/pico/arduino-pico/Fade/build/../../../../../../../tmp/arduino/cores/c64b4fb940d8d4d7c6cb5c1115408555/core.a(RP2040USB.cpp.o)
                              /home/alexey/dev/pico/arduino-pico/Fade/build/../../../../../../../tmp/arduino/cores/c64b4fb940d8d4d7c6cb5c1115408555/core.a(main.cpp.o) (_Z10__USBStartv)
/home/alexey/dev/pico/arduino-pico/Fade/build/../../../../../../../tmp/arduino/cores/c64b4fb940d8d4d7c6cb5c1115408555/core.a(SerialUSB.cpp.o)
                              /home/alexey/dev/pico/arduino-pico/Fade/build/../../../../../../../tmp/arduino/cores/c64b4fb940d8d4d7c6cb5c1115408555/core.a(main.cpp.o) (_ZN9SerialUSB5beginEm)
/home/alexey/dev/pico/arduino-pico/Fade/build/../../../../../../../tmp/arduino/cores/c64b4fb940d8d4d7c6cb5c1115408555/core.a(_freertos.cpp.o)
                              /home/alexey/dev/pico/arduino-pico/Fade/build/../../../../../../../tmp/arduino/cores/c64b4fb940d8d4d7c6cb5c1115408555/core.a(CoreMutex.cpp.o) (_Z28__get_freertos_mutex_for_ptrP5mutexb)
/home/alexey/dev/pico/arduino-pico/Fade/build/../../../../../../../tmp/arduino/cores/c64b4fb940d8d4d7c6cb5c1115408555/core.a(String.cpp.o)
                              /home/alexey/dev/pico/arduino-pico/Fade/build/../../../../../../../tmp/arduino/cores/c64b4fb940d8d4d7c6cb5c1115408555/core.a(main.cpp.o) (_ZN7arduino6StringD1Ev)
/home/alexey/dev/pico/arduino-pico/Fade/build/../../../../../../../tmp/arduino/cores/c64b4fb940d8d4d7c6cb5c1115408555/core.a(stdlib_noniso.cpp.o)
                              /home/alexey/dev/pico/arduino-pico/Fade/build/../../../../../../../tmp/arduino/cores/c64b4fb940d8d4d7c6cb5c1115408555/core.a(String.cpp.o) (ltoa)
/home/alexey/.arduino15/packages/rp2040/hardware/rp2040/3.6.0/lib/libpico.a(adc.c.obj)
                              /home/alexey/dev/pico/arduino-pico/Fade/build/../../../../../../../tmp/arduino/cores/c64b4fb940d8d4d7c6cb5c1115408555/core.a(wiring_analog.cpp.o) (adc_init)
/home/alexey/.arduino15/packages/rp2040/hardware/rp2040/3.6.0/lib/libpico.a(sync.c.obj)
                              /home/alexey/dev/pico/arduino-pico/Fade/build/../../../../../../../tmp/arduino/cores/c64b4fb940d8d4d7c6cb5c1115408555/core.a(main.cpp.o) (next_striped_spin_lock_num)
/home/alexey/.arduino15/packages/rp2040/hardware/rp2040/3.6.0/lib/libpico.a(gpio.c.obj)
                              /home/alexey/dev/pico/arduino-pico/Fade/build/../../../../../../../tmp/arduino/cores/c64b4fb940d8d4d7c6cb5c1115408555/core.a(wiring_analog.cpp.o) (gpio_set_function)
[...]
Memory Configuration

Name             Origin             Length             Attributes
FLASH            0x10000000         0x001ff000         xr
RAM              0x20000000         0x00040000         xrw
SCRATCH_X        0x20040000         0x00001000         xrw
SCRATCH_Y        0x20041000         0x00001000         xrw
*default*        0x00000000         0xffffffff

Linker script and memory map

LOAD /home/alexey/.arduino15/packages/rp2040/tools/pqt-gcc/2.1.0-a-d3d2e6b/bin/../lib/gcc/arm-none-eabi/12.3.0/thumb/crti.o
LOAD /home/alexey/.arduino15/packages/rp2040/tools/pqt-gcc/2.1.0-a-d3d2e6b/bin/../lib/gcc/arm-none-eabi/12.3.0/thumb/crtbegin.o
LOAD /home/alexey/.arduino15/packages/rp2040/tools/pqt-gcc/2.1.0-a-d3d2e6b/bin/../lib/gcc/arm-none-eabi/12.3.0/../../../../arm-none-eabi/lib/thumb/crt0.o
                [!provide]                        PROVIDE (_EEPROM_start = 0x101ff000)
                [!provide]                        PROVIDE (_FS_start = 0x101ff000)
                [!provide]                        PROVIDE (_FS_end = 0x101ff000)

.flash_begin    0x10000000        0x0
                0x10000000                        __flash_binary_start = .

.boot2          0x10000000      0x100
                0x10000000                        __boot2_start__ = .
 *(.boot2)
 .boot2         0x10000000      0x100 /home/alexey/dev/pico/arduino-pico/Fade/build/boot2.o
                0x10000100                        __boot2_end__ = .
                0x00000001                        ASSERT (((__boot2_end__ - __boot2_start__) == 0x100), ERROR: Pico second stage bootloader must be 256 bytes in size)

.ota            0x10000100     0x24e4
 *(.OTA)
 .OTA           0x10000100     0x24e4 /home/alexey/.arduino15/packages/rp2040/hardware/rp2040/3.6.0/lib/ota.o
                0x10000100                _binary_ota_bin_start
                0x100025e4                _binary_ota_bin_end

.partition      0x100025e4      0xa1c
                0x10002ff0                        . = (__flash_binary_start + 0x2ff0)
 *fill*         0x100025e4      0xa0c 
                0x10002ff0        0x4 LONG 0x101ff000
                0x10002ff4        0x4 LONG 0x101ff000
                0x10002ff8        0x4 LONG 0x101ff000
                0x10002ffc        0x4 LONG 0x1ff000

.text           0x10003000     0xc460
                0x10003000                        __logical_binary_start = .
 *(.vectors)
 .vectors       0x10003000       0xd4 /home/alexey/.arduino15/packages/rp2040/hardware/rp2040/3.6.0/lib/libpico.a(crt0.S.obj)
                0x10003000                __vectors
                0x10003000                __VECTOR_TABLE
                0x100030c0                isr_invalid
                0x100030c0                __default_isrs_start
                0x100030c2                isr_nmi
                0x100030c4                isr_hardfault
                0x100030c6                isr_svcall
                0x100030c8                isr_pendsv
                0x100030ca                isr_systick
                0x100030cc                isr_irq30
                0x100030cc                __unhandled_user_irq
                0x100030cc                isr_irq13
                0x100030cc                isr_irq27
                0x100030cc                isr_irq31
                0x100030cc                isr_irq5
                0x100030cc                isr_irq11
                0x100030cc                isr_irq23
                0x100030cc                isr_irq18
                0x100030cc                isr_irq28
                0x100030cc                isr_irq19
                0x100030cc                isr_irq0
                0x100030cc                isr_irq6
                0x100030cc                isr_irq22
                0x100030cc                isr_irq17
                0x100030cc                isr_irq14
                0x100030cc                isr_irq2
                0x100030cc                isr_irq10
                0x100030cc                isr_irq8
                0x100030cc                isr_irq24
                0x100030cc                isr_irq1
                0x100030cc                isr_irq7
                0x100030cc                isr_irq21
                0x100030cc                isr_irq20
                0x100030cc                isr_irq15
                0x100030cc                isr_irq25
                0x100030cc                isr_irq4
                0x100030cc                isr_irq16
                0x100030cc                isr_irq29
                0x100030cc                isr_irq26
                0x100030cc                __default_isrs_end
                0x100030cc                isr_irq3
                0x100030cc                isr_irq12
                0x100030cc                isr_irq9
                0x100030d2                unhandled_user_irq_num_in_r0
 *(.binary_info_header)
 .binary_info_header
                0x100030d4        0x0 /home/alexey/.arduino15/packages/rp2040/hardware/rp2040/3.6.0/lib/libpico.a(crt0.S.obj)
                0x100030d4                        __binary_info_header_end = .
 *(.reset)
 .reset         0x100030d4       0xa0 /home/alexey/.arduino15/packages/rp2040/hardware/rp2040/3.6.0/lib/libpico.a(crt0.S.obj)
                0x100030d4                _entry_point
 *(.init)
 .init          0x10003174        0x4 /home/alexey/.arduino15/packages/rp2040/tools/pqt-gcc/2.1.0-a-d3d2e6b/bin/../lib/gcc/arm-none-eabi/12.3.0/thumb/crti.o
                0x10003174                _init
 *(EXCLUDE_FILE(*dvi.c.o *PicoDVI.cpp.o *divider.S.obj *interp.c.obj *libm.a: *libc.a:*lib_a-mem*.o *libgcc.a:) .text*)
 .text          0x10003178       0x98 /home/alexey/.arduino15/packages/rp2040/tools/pqt-gcc/2.1.0-a-d3d2e6b/bin/../lib/gcc/arm-none-eabi/12.3.0/thumb/crtbegin.o
 .text.setup    0x10003210       0x14 /home/alexey/dev/pico/arduino-pico/Fade/build/sketch/Fade.ino.cpp.o
                0x10003210                setup
 .text.loop     0x10003224       0x38 /home/alexey/dev/pico/arduino-pico/Fade/build/sketch/Fade.ino.cpp.o
                0x10003224                loop
 .text.delay    0x1000325c        0xc /home/alexey/dev/pico/arduino-pico/Fade/build/../../../../../../../tmp/arduino/cores/c64b4fb940d8d4d7c6cb5c1115408555/core.a(delay.cpp.o)
                0x1000325c                delay
 .text._ZN6RP204015_SystickHandlerEv
                0x10003268       0x1c /home/alexey/dev/pico/arduino-pico/Fade/build/../../../../../../../tmp/arduino/cores/c64b4fb940d8d4d7c6cb5c1115408555/core.a(main.cpp.o)
                0x10003268                _ZN6RP204015_SystickHandlerEv
 .text._ZN6_MFIFO12registerCoreEv.part.0
                0x10003284       0x24 /home/alexey/dev/pico/arduino-pico/Fade/build/../../../../../../../tmp/arduino/cores/c64b4fb940d8d4d7c6cb5c1115408555/core.a(main.cpp.o)
 .text.main1    0x100032a8       0x30 /home/alexey/dev/pico/arduino-pico/Fade/build/../../../../../../../tmp/arduino/cores/c64b4fb940d8d4d7c6cb5c1115408555/core.a(main.cpp.o)
                0x100032a8                main1
 .text._ZN6_MFIFO5beginEi.part.0.constprop.0
                0x100032d8       0x44 /home/alexey/dev/pico/arduino-pico/Fade/build/../../../../../../../tmp/arduino/cores/c64b4fb940d8d4d7c6cb5c1115408555/core.a(main.cpp.o)
 .text._ZN6RP20405beginEv
                0x1000331c       0xb8 /home/alexey/dev/pico/arduino-pico/Fade/build/../../../../../../../tmp/arduino/cores/c64b4fb940d8d4d7c6cb5c1115408555/core.a(main.cpp.o)
                0x1000331c                _ZN6RP20405beginEv
 .text.initVariant
                0x100033d4        0x2 /home/alexey/dev/pico/arduino-pico/Fade/build/../../../../../../../tmp/arduino/cores/c64b4fb940d8d4d7c6cb5c1115408555/core.a(main.cpp.o)
                0x100033d4                initVariant
 *fill*         0x100033d6        0x2 
 .text._Z6__loopv
                0x100033d8       0x30 /home/alexey/dev/pico/arduino-pico/Fade/build/../../../../../../../tmp/arduino/cores/c64b4fb940d8d4d7c6cb5c1115408555/core.a(main.cpp.o)
                0x100033d8                _Z6__loopv
 .text.__wrap___getreent
                0x10003408       0x1c /home/alexey/dev/pico/arduino-pico/Fade/build/../../../../../../../tmp/arduino/cores/c64b4fb940d8d4d7c6cb5c1115408555/core.a(main.cpp.o)
                0x10003408                __wrap___getreent
 .text.startup._GLOBAL__sub_I_rp2040
                0x10003424       0x28 /home/alexey/dev/pico/arduino-pico/Fade/build/../../../../../../../tmp/arduino/cores/c64b4fb940d8d4d7c6cb5c1115408555/core.a(main.cpp.o)
 .text.startup.main
                0x1000344c      0x120 /home/alexey/dev/pico/arduino-pico/Fade/build/../../../../../../../tmp/arduino/cores/c64b4fb940d8d4d7c6cb5c1115408555/core.a(main.cpp.o)
                0x1000344c                main
 .text.__wrap_malloc
                0x1000356c       0x18 /home/alexey/dev/pico/arduino-pico/Fade/build/../../../../../../../tmp/arduino/cores/c64b4fb940d8d4d7c6cb5c1115408555/core.a(malloc-lock.cpp.o)
                0x1000356c                __wrap_malloc
 .text.__wrap_calloc
                0x10003584       0x1c /home/alexey/dev/pico/arduino-pico/Fade/build/../../../../../../../tmp/arduino/cores/c64b4fb940d8d4d7c6cb5c1115408555/core.a(malloc-lock.cpp.o)
                0x10003584                __wrap_calloc
 .text.__wrap_realloc
                0x100035a0       0x1c /home/alexey/dev/pico/arduino-pico/Fade/build/../../../../../../../tmp/arduino/cores/c64b4fb940d8d4d7c6cb5c1115408555/core.a(malloc-lock.cpp.o)
                0x100035a0                __wrap_realloc
 .text.__wrap_free
                0x100035bc       0x14 /home/alexey/dev/pico/arduino-pico/Fade/build/../../../../../../../tmp/arduino/cores/c64b4fb940d8d4d7c6cb5c1115408555/core.a(malloc-lock.cpp.o)
                0x100035bc                __wrap_free
 .text._Z13__clearADCPinh
                0x100035d0       0x14 /home/alexey/dev/pico/arduino-pico/Fade/build/../../../../../../../tmp/arduino/cores/c64b4fb940d8d4d7c6cb5c1115408555/core.a(wiring_analog.cpp.o)
                0x100035d0                _Z13__clearADCPinh
 .text.analogWrite
                0x100035e4      0x1e8 /home/alexey/dev/pico/arduino-pico/Fade/build/../../../../../../../tmp/arduino/cores/c64b4fb940d8d4d7c6cb5c1115408555/core.a(wiring_analog.cpp.o)
                0x100035e4                analogWrite
 .text.__pinMode
                0x100037cc       0xb0 /home/alexey/dev/pico/arduino-pico/Fade/build/../../../../../../../tmp/arduino/cores/c64b4fb940d8d4d7c6cb5c1115408555/core.a(wiring_digital.cpp.o)
                0x100037cc                __pinMode
                0x100037cc                pinMode
 .text.interrupts
                0x1000387c       0x30 /home/alexey/dev/pico/arduino-pico/Fade/build/../../../../../../../tmp/arduino/cores/c64b4fb940d8d4d7c6cb5c1115408555/core.a(wiring_private.cpp.o)
                0x1000387c                interrupts
 .text.noInterrupts
                0x100038ac       0x3c /home/alexey/dev/pico/arduino-pico/Fade/build/../../../../../../../tmp/arduino/cores/c64b4fb940d8d4d7c6cb5c1115408555/core.a(wiring_private.cpp.o)
                0x100038ac                noInterrupts
 .text.startup._GLOBAL__sub_I_interrupts
                0x100038e8       0x1c /home/alexey/dev/pico/arduino-pico/Fade/build/../../../../../../../tmp/arduino/cores/c64b4fb940d8d4d7c6cb5c1115408555/core.a(wiring_private.cpp.o)
 .text._ZN9CoreMutexC2EP5mutexh
                0x10003904       0x68 /home/alexey/dev/pico/arduino-pico/Fade/build/../../../../../../../tmp/arduino/cores/c64b4fb940d8d4d7c6cb5c1115408555/core.a(CoreMutex.cpp.o)
                0x10003904                _ZN9CoreMutexC2EP5mutexh
                0x10003904                _ZN9CoreMutexC1EP5mutexh
 .text._ZN9CoreMutexD2Ev
                0x1000396c       0x44 /home/alexey/dev/pico/arduino-pico/Fade/build/../../../../../../../tmp/arduino/cores/c64b4fb940d8d4d7c6cb5c1115408555/core.a(CoreMutex.cpp.o)
                0x1000396c                _ZN9CoreMutexD2Ev
                0x1000396c                _ZN9CoreMutexD1Ev
 .text._ZN10PIOProgramC2EPK11pio_program
                0x100039b0        0xc /home/alexey/dev/pico/arduino-pico/Fade/build/../../../../../../../tmp/arduino/cores/c64b4fb940d8d4d7c6cb5c1115408555/core.a(PIOProgram.cpp.o)
                0x100039b0                _ZN10PIOProgramC1EPK11pio_program
                0x100039b0                _ZN10PIOProgramC2EPK11pio_program
 .text._ZN10PIOProgram7prepareEPP8pio_hw_tPiS3_
                0x100039bc      0x198 /home/alexey/dev/pico/arduino-pico/Fade/build/../../../../../../../tmp/arduino/cores/c64b4fb940d8d4d7c6cb5c1115408555/core.a(PIOProgram.cpp.o)
                0x100039bc                _ZN10PIOProgram7prepareEPP8pio_hw_tPiS3_
 .text.startup._GLOBAL__sub_I__ZN10PIOProgramC2EPK11pio_program
                0x10003b54       0x2c /home/alexey/dev/pico/arduino-pico/Fade/build/../../../../../../../tmp/arduino/cores/c64b4fb940d8d4d7c6cb5c1115408555/core.a(PIOProgram.cpp.o)
 .text._ZL10timer_tasklPv
                0x10003b80       0x18 /home/alexey/dev/pico/arduino-pico/Fade/build/../../../../../../../tmp/arduino/cores/c64b4fb940d8d4d7c6cb5c1115408555/core.a(RP2040USB.cpp.o)
 .text._ZL7usb_irqv
                0x10003b98       0x28 /home/alexey/dev/pico/arduino-pico/Fade/build/../../../../../../../tmp/arduino/cores/c64b4fb940d8d4d7c6cb5c1115408555/core.a(RP2040USB.cpp.o)
 .text.tud_descriptor_device_cb
                0x10003bc0       0xb8 /home/alexey/dev/pico/arduino-pico/Fade/build/../../../../../../../tmp/arduino/cores/c64b4fb940d8d4d7c6cb5c1115408555/core.a(RP2040USB.cpp.o)
                0x10003bc0                tud_descriptor_device_cb
 .text._Z20__SetupDescHIDReportv
                0x10003c78      0x1cc /home/alexey/dev/pico/arduino-pico/Fade/build/../../../../../../../tmp/arduino/cores/c64b4fb940d8d4d7c6cb5c1115408555/core.a(RP2040USB.cpp.o)
                0x10003c78                _Z20__SetupDescHIDReportv
 .text.tud_hid_descriptor_report_cb
                0x10003e44        0xc /home/alexey/dev/pico/arduino-pico/Fade/build/../../../../../../../tmp/arduino/cores/c64b4fb940d8d4d7c6cb5c1115408555/core.a(RP2040USB.cpp.o)
                0x10003e44                tud_hid_descriptor_report_cb
 .text.tud_descriptor_configuration_cb
                0x10003e50        0xc /home/alexey/dev/pico/arduino-pico/Fade/build/../../../../../../../tmp/arduino/cores/c64b4fb940d8d4d7c6cb5c1115408555/core.a(RP2040USB.cpp.o)
                0x10003e50                tud_descriptor_configuration_cb
 .text._Z20__SetupUSBDescriptorv
                0x10003e5c      0x1b4 /home/alexey/dev/pico/arduino-pico/Fade/build/../../../../../../../tmp/arduino/cores/c64b4fb940d8d4d7c6cb5c1115408555/core.a(RP2040USB.cpp.o)
                0x10003e5c                _Z20__SetupUSBDescriptorv
 .text.tud_descriptor_string_cb
                0x10004010       0x68 /home/alexey/dev/pico/arduino-pico/Fade/build/../../../../../../../tmp/arduino/cores/c64b4fb940d8d4d7c6cb5c1115408555/core.a(RP2040USB.cpp.o)
                0x10004010                tud_descriptor_string_cb
 .text._Z10__USBStartv
                0x10004078       0x9c /home/alexey/dev/pico/arduino-pico/Fade/build/../../../../../../../tmp/arduino/cores/c64b4fb940d8d4d7c6cb5c1115408555/core.a(RP2040USB.cpp.o)
                0x10004078                _Z10__USBStartv
 .text.tud_hid_get_report_cb
                0x10004114        0x4 /home/alexey/dev/pico/arduino-pico/Fade/build/../../../../../../../tmp/arduino/cores/c64b4fb940d8d4d7c6cb5c1115408555/core.a(RP2040USB.cpp.o)
                0x10004114                tud_hid_get_report_cb
 .text.tud_hid_set_report_cb
                0x10004118        0x2 /home/alexey/dev/pico/arduino-pico/Fade/build/../../../../../../../tmp/arduino/cores/c64b4fb940d8d4d7c6cb5c1115408555/core.a(RP2040USB.cpp.o)
                0x10004118                tud_hid_set_report_cb
 .text.tud_msc_read10_cb
                0x1000411a        0x6 /home/alexey/dev/pico/arduino-pico/Fade/build/../../../../../../../tmp/arduino/cores/c64b4fb940d8d4d7c6cb5c1115408555/core.a(RP2040USB.cpp.o)
                0x1000411a                tud_msc_read10_cb
 .text.tud_msc_test_unit_ready_cb
                0x10004120        0x4 /home/alexey/dev/pico/arduino-pico/Fade/build/../../../../../../../tmp/arduino/cores/c64b4fb940d8d4d7c6cb5c1115408555/core.a(RP2040USB.cpp.o)
                0x10004120                tud_msc_test_unit_ready_cb
 .text.tud_msc_write10_cb
                0x10004124        0x6 /home/alexey/dev/pico/arduino-pico/Fade/build/../../../../../../../tmp/arduino/cores/c64b4fb940d8d4d7c6cb5c1115408555/core.a(RP2040USB.cpp.o)
                0x10004124                tud_msc_write10_cb
 .text.tud_msc_scsi_cb
                0x1000412a        0x4 /home/alexey/dev/pico/arduino-pico/Fade/build/../../../../../../../tmp/arduino/cores/c64b4fb940d8d4d7c6cb5c1115408555/core.a(RP2040USB.cpp.o)
                0x1000412a                tud_msc_scsi_cb
 .text.tud_msc_capacity_cb
                0x1000412e        0x8 /home/alexey/dev/pico/arduino-pico/Fade/build/../../../../../../../tmp/arduino/cores/c64b4fb940d8d4d7c6cb5c1115408555/core.a(RP2040USB.cpp.o)
                0x1000412e                tud_msc_capacity_cb
 .text.tud_msc_inquiry_cb
                0x10004136        0xa /home/alexey/dev/pico/arduino-pico/Fade/build/../../../../../../../tmp/arduino/cores/c64b4fb940d8d4d7c6cb5c1115408555/core.a(RP2040USB.cpp.o)
                0x10004136                tud_msc_inquiry_cb
 .text._ZN9SerialUSB5beginEmt
                0x10004140        0xa /home/alexey/dev/pico/arduino-pico/Fade/build/../../../../../../../tmp/arduino/cores/c64b4fb940d8d4d7c6cb5c1115408555/core.a(SerialUSB.cpp.o)
                0x10004140                _ZN9SerialUSB5beginEmt
 .text._ZN9SerialUSB5beginEm
                0x1000414a        0xc /home/alexey/dev/pico/arduino-pico/Fade/build/../../../../../../../tmp/arduino/cores/c64b4fb940d8d4d7c6cb5c1115408555/core.a(SerialUSB.cpp.o)
                0x1000414a                _ZN9SerialUSB5beginEm
 .text._ZN9SerialUSB3endEv
                0x10004156        0x2 /home/alexey/dev/pico/arduino-pico/Fade/build/../../../../../../../tmp/arduino/cores/c64b4fb940d8d4d7c6cb5c1115408555/core.a(SerialUSB.cpp.o)
                0x10004156                _ZN9SerialUSB3endEv
 .text._ZN9SerialUSB5writeEh
                0x10004158       0x14 /home/alexey/dev/pico/arduino-pico/Fade/build/../../../../../../../tmp/arduino/cores/c64b4fb940d8d4d7c6cb5c1115408555/core.a(SerialUSB.cpp.o)
                0x10004158                _ZN9SerialUSB5writeEh
 .text._ZN9SerialUSB4peekEv
                0x1000416c       0x50 /home/alexey/dev/pico/arduino-pico/Fade/build/../../../../../../../tmp/arduino/cores/c64b4fb940d8d4d7c6cb5c1115408555/core.a(SerialUSB.cpp.o)
                0x1000416c                _ZN9SerialUSB4peekEv
 .text._ZN9SerialUSB9availableEv
                0x100041bc       0x44 /home/alexey/dev/pico/arduino-pico/Fade/build/../../../../../../../tmp/arduino/cores/c64b4fb940d8d4d7c6cb5c1115408555/core.a(SerialUSB.cpp.o)
                0x100041bc                _ZN9SerialUSB9availableEv
 .text._ZN9SerialUSB17availableForWriteEv
                0x10004200       0x44 /home/alexey/dev/pico/arduino-pico/Fade/build/../../../../../../../tmp/arduino/cores/c64b4fb940d8d4d7c6cb5c1115408555/core.a(SerialUSB.cpp.o)
                0x10004200                _ZN9SerialUSB17availableForWriteEv
 .text._ZL16CheckSerialResetv
                0x10004244       0x74 /home/alexey/dev/pico/arduino-pico/Fade/build/../../../../../../../tmp/arduino/cores/c64b4fb940d8d4d7c6cb5c1115408555/core.a(SerialUSB.cpp.o)
 .text._ZN9SerialUSB4readEv
                0x100042b8       0x5c /home/alexey/dev/pico/arduino-pico/Fade/build/../../../../../../../tmp/arduino/cores/c64b4fb940d8d4d7c6cb5c1115408555/core.a(SerialUSB.cpp.o)
                0x100042b8                _ZN9SerialUSB4readEv
 .text._ZN9SerialUSB5flushEv
                0x10004314       0x40 /home/alexey/dev/pico/arduino-pico/Fade/build/../../../../../../../tmp/arduino/cores/c64b4fb940d8d4d7c6cb5c1115408555/core.a(SerialUSB.cpp.o)
                0x10004314                _ZN9SerialUSB5flushEv
 .text._ZN9SerialUSBcvbEv
                0x10004354       0x40 /home/alexey/dev/pico/arduino-pico/Fade/build/../../../../../../../tmp/arduino/cores/c64b4fb940d8d4d7c6cb5c1115408555/core.a(SerialUSB.cpp.o)
                0x10004354                _ZN9SerialUSBcvbEv
 .text._ZN9SerialUSB5writeEPKhj
                0x10004394       0xf4 /home/alexey/dev/pico/arduino-pico/Fade/build/../../../../../../../tmp/arduino/cores/c64b4fb940d8d4d7c6cb5c1115408555/core.a(SerialUSB.cpp.o)
                0x10004394                _ZN9SerialUSB5writeEPKhj
 .text._Z18__USBInstallSerialv
                0x10004488        0x2 /home/alexey/dev/pico/arduino-pico/Fade/build/../../../../../../../tmp/arduino/cores/c64b4fb940d8d4d7c6cb5c1115408555/core.a(SerialUSB.cpp.o)
                0x10004488                _Z18__USBInstallSerialv
 *fill*         0x1000448a        0x2 
 .text.tud_cdc_line_state_cb
                0x1000448c       0x10 /home/alexey/dev/pico/arduino-pico/Fade/build/../../../../../../../tmp/arduino/cores/c64b4fb940d8d4d7c6cb5c1115408555/core.a(SerialUSB.cpp.o)
                0x1000448c                tud_cdc_line_state_cb
 .text.tud_cdc_line_coding_cb
                0x1000449c       0x24 /home/alexey/dev/pico/arduino-pico/Fade/build/../../../../../../../tmp/arduino/cores/c64b4fb940d8d4d7c6cb5c1115408555/core.a(SerialUSB.cpp.o)
                0x1000449c                tud_cdc_line_coding_cb
 .text._ZN7arduino14serialEventRunEv
                0x100044c0       0x20 /home/alexey/dev/pico/arduino-pico/Fade/build/../../../../../../../tmp/arduino/cores/c64b4fb940d8d4d7c6cb5c1115408555/core.a(SerialUSB.cpp.o)
                0x100044c0                _ZN7arduino14serialEventRunEv
 .text.startup._GLOBAL__sub_I__Z18__USBInstallSerialv
                0x100044e0       0x1c /home/alexey/dev/pico/arduino-pico/Fade/build/../../../../../../../tmp/arduino/cores/c64b4fb940d8d4d7c6cb5c1115408555/core.a(SerialUSB.cpp.o)
 .text._Z28__get_freertos_mutex_for_ptrP5mutexb
                0x100044fc       0x64 /home/alexey/dev/pico/arduino-pico/Fade/build/../../../../../../../tmp/arduino/cores/c64b4fb940d8d4d7c6cb5c1115408555/core.a(_freertos.cpp.o)
                0x100044fc                _Z28__get_freertos_mutex_for_ptrP5mutexb
 .text._ZN7arduino6String10invalidateEv
                0x10004560       0x18 /home/alexey/dev/pico/arduino-pico/Fade/build/../../../../../../../tmp/arduino/cores/c64b4fb940d8d4d7c6cb5c1115408555/core.a(String.cpp.o)
                0x10004560                _ZN7arduino6String10invalidateEv
 .text._ZN7arduino6String12changeBufferEj
                0x10004578       0x18 /home/alexey/dev/pico/arduino-pico/Fade/build/../../../../../../../tmp/arduino/cores/c64b4fb940d8d4d7c6cb5c1115408555/core.a(String.cpp.o)
                0x10004578                _ZN7arduino6String12changeBufferEj
 .text._ZN7arduino6String7reserveEj
                0x10004590       0x28 /home/alexey/dev/pico/arduino-pico/Fade/build/../../../../../../../tmp/arduino/cores/c64b4fb940d8d4d7c6cb5c1115408555/core.a(String.cpp.o)
                0x10004590                _ZN7arduino6String7reserveEj
 .text._ZN7arduino6String4copyEPKcj
                0x100045b8       0x32 /home/alexey/dev/pico/arduino-pico/Fade/build/../../../../../../../tmp/arduino/cores/c64b4fb940d8d4d7c6cb5c1115408555/core.a(String.cpp.o)
                0x100045b8                _ZN7arduino6String4copyEPKcj
 .text._ZN7arduino6StringC2EPKc
                0x100045ea       0x26 /home/alexey/dev/pico/arduino-pico/Fade/build/../../../../../../../tmp/arduino/cores/c64b4fb940d8d4d7c6cb5c1115408555/core.a(String.cpp.o)
                0x100045ea                _ZN7arduino6StringC1EPKc
                0x100045ea                _ZN7arduino6StringC2EPKc
 .text.spin_locks_reset
                0x10004610       0x1c /home/alexey/.arduino15/packages/rp2040/hardware/rp2040/3.6.0/lib/libpico.a(sync.c.obj)
                0x10004610                spin_locks_reset
 .text.next_striped_spin_lock_num
                0x1000462c       0x18 /home/alexey/.arduino15/packages/rp2040/hardware/rp2040/3.6.0/lib/libpico.a(sync.c.obj)
                0x1000462c                next_striped_spin_lock_num
 .text.spin_lock_claim_unused
                0x10004644       0x20 /home/alexey/.arduino15/packages/rp2040/hardware/rp2040/3.6.0/lib/libpico.a(sync.c.obj)
                0x10004644                spin_lock_claim_unused
 .text.gpio_set_function
                0x10004664       0x2c /home/alexey/.arduino15/packages/rp2040/hardware/rp2040/3.6.0/lib/libpico.a(gpio.c.obj)
                0x10004664                gpio_set_function
 .text.gpio_set_pulls
                0x10004690       0x24 /home/alexey/.arduino15/packages/rp2040/hardware/rp2040/3.6.0/lib/libpico.a(gpio.c.obj)
                0x10004690                gpio_set_pulls
 .text.gpio_set_drive_strength
                0x100046b4       0x20 /home/alexey/.arduino15/packages/rp2040/hardware/rp2040/3.6.0/lib/libpico.a(gpio.c.obj)
                0x100046b4                gpio_set_drive_strength
 .text.gpio_init
                0x100046d4       0x16 /home/alexey/.arduino15/packages/rp2040/hardware/rp2040/3.6.0/lib/libpico.a(gpio.c.obj)
                0x100046d4                gpio_init
 *fill*         0x100046ea        0x2 
 .text.set_raw_irq_handler_and_unlock
                0x100046ec       0x28 /home/alexey/.arduino15/packages/rp2040/hardware/rp2040/3.6.0/lib/libpico.a(irq.c.obj)
 .text.irq_is_enabled
                0x10004714       0x18 /home/alexey/.arduino15/packages/rp2040/hardware/rp2040/3.6.0/lib/libpico.a(irq.c.obj)
                0x10004714                irq_is_enabled
 .text.irq_set_mask_enabled
                0x1000472c       0x20 /home/alexey/.arduino15/packages/rp2040/hardware/rp2040/3.6.0/lib/libpico.a(irq.c.obj)
                0x1000472c                irq_set_mask_enabled
 .text.irq_set_enabled
                0x1000474c        0xe /home/alexey/.arduino15/packages/rp2040/hardware/rp2040/3.6.0/lib/libpico.a(irq.c.obj)
                0x1000474c                irq_set_enabled
 *fill*         0x1000475a        0x2 
 .text.irq_set_pending
                0x1000475c       0x10 /home/alexey/.arduino15/packages/rp2040/hardware/rp2040/3.6.0/lib/libpico.a(irq.c.obj)
                0x1000475c                irq_set_pending
 .text.irq_get_vtable_handler
                0x1000476c       0x10 /home/alexey/.arduino15/packages/rp2040/hardware/rp2040/3.6.0/lib/libpico.a(irq.c.obj)
                0x1000476c                irq_get_vtable_handler
 .text.irq_set_exclusive_handler
                0x1000477c       0x40 /home/alexey/.arduino15/packages/rp2040/hardware/rp2040/3.6.0/lib/libpico.a(irq.c.obj)
                0x1000477c                irq_set_exclusive_handler
 .text.irq_add_shared_handler
                0x100047bc      0x1a0 /home/alexey/.arduino15/packages/rp2040/hardware/rp2040/3.6.0/lib/libpico.a(irq.c.obj)
                0x100047bc                irq_add_shared_handler
 .text.irq_remove_handler
                0x1000495c      0x164 /home/alexey/.arduino15/packages/rp2040/hardware/rp2040/3.6.0/lib/libpico.a(irq.c.obj)
                0x1000495c                irq_remove_handler
 .text.irq_add_tail_to_free_list
                0x10004ac0       0xa0 /home/alexey/.arduino15/packages/rp2040/hardware/rp2040/3.6.0/lib/libpico.a(irq.c.obj)
                0x10004ac0                irq_add_tail_to_free_list
 .text.irq_init_priorities
                0x10004b60       0x24 /home/alexey/.arduino15/packages/rp2040/hardware/rp2040/3.6.0/lib/libpico.a(irq.c.obj)
                0x10004b60                irq_init_priorities
 .text.user_irq_claim_unused
                0x10004b84       0x28 /home/alexey/.arduino15/packages/rp2040/hardware/rp2040/3.6.0/lib/libpico.a(irq.c.obj)
                0x10004b84                user_irq_claim_unused
 .text.mutex_init
                0x10004bac       0x1a /home/alexey/.arduino15/packages/rp2040/hardware/rp2040/3.6.0/lib/libpico.a(mutex.c.obj)
                0x10004bac                mutex_init
 .text.recursive_mutex_init
                0x10004bc6       0x1a /home/alexey/.arduino15/packages/rp2040/hardware/rp2040/3.6.0/lib/libpico.a(mutex.c.obj)
                0x10004bc6                recursive_mutex_init
 .text.time_reached
                0x10004be0       0x28 /home/alexey/.arduino15/packages/rp2040/hardware/rp2040/3.6.0/lib/libpico.a(time.c.obj)
 .text.timer_pool_entry_comparator
                0x10004c08       0x30 /home/alexey/.arduino15/packages/rp2040/hardware/rp2040/3.6.0/lib/libpico.a(time.c.obj)
                0x10004c08                timer_pool_entry_comparator
 .text.alarm_pool_post_alloc_init
                0x10004c38       0x40 /home/alexey/.arduino15/packages/rp2040/hardware/rp2040/3.6.0/lib/libpico.a(time.c.obj)
 .text.sleep_until_callback
                0x10004c78       0x30 /home/alexey/.arduino15/packages/rp2040/hardware/rp2040/3.6.0/lib/libpico.a(time.c.obj)
 .text.ph_add_child_node.isra.0
                0x10004ca8       0x20 /home/alexey/.arduino15/packages/rp2040/hardware/rp2040/3.6.0/lib/libpico.a(time.c.obj)
 .text.add_alarm_under_lock
                0x10004cc8       0xcc /home/alexey/.arduino15/packages/rp2040/hardware/rp2040/3.6.0/lib/libpico.a(time.c.obj)
 .text.alarm_pool_alarm_callback
                0x10004d94      0x18c /home/alexey/.arduino15/packages/rp2040/hardware/rp2040/3.6.0/lib/libpico.a(time.c.obj)
 .text.alarm_pool_init_default
                0x10004f20       0x3c /home/alexey/.arduino15/packages/rp2040/hardware/rp2040/3.6.0/lib/libpico.a(time.c.obj)
                0x10004f20                alarm_pool_init_default
 .text.alarm_pool_get_default
                0x10004f5c        0x8 /home/alexey/.arduino15/packages/rp2040/hardware/rp2040/3.6.0/lib/libpico.a(time.c.obj)
                0x10004f5c                alarm_pool_get_default
 .text.alarm_pool_add_alarm_at
                0x10004f64       0xd4 /home/alexey/.arduino15/packages/rp2040/hardware/rp2040/3.6.0/lib/libpico.a(time.c.obj)
                0x10004f64                alarm_pool_add_alarm_at
 .text.alarm_pool_cancel_alarm
                0x10005038       0x6a /home/alexey/.arduino15/packages/rp2040/hardware/rp2040/3.6.0/lib/libpico.a(time.c.obj)
                0x10005038                alarm_pool_cancel_alarm
 *fill*         0x100050a2        0x2 
 .text.sleep_until
                0x100050a4       0x98 /home/alexey/.arduino15/packages/rp2040/hardware/rp2040/3.6.0/lib/libpico.a(time.c.obj)
                0x100050a4                sleep_until
 .text.sleep_us
                0x1000513c       0x28 /home/alexey/.arduino15/packages/rp2040/hardware/rp2040/3.6.0/lib/libpico.a(time.c.obj)
                0x1000513c                sleep_us
 .text.sleep_ms
                0x10005164       0x14 /home/alexey/.arduino15/packages/rp2040/hardware/rp2040/3.6.0/lib/libpico.a(time.c.obj)
                0x10005164                sleep_ms
 .text.best_effort_wfe_or_timeout
                0x10005178       0x44 /home/alexey/.arduino15/packages/rp2040/hardware/rp2040/3.6.0/lib/libpico.a(time.c.obj)
                0x10005178                best_effort_wfe_or_timeout
 .text.hardware_alarm_irq_handler
                0x100051bc       0xac /home/alexey/.arduino15/packages/rp2040/hardware/rp2040/3.6.0/lib/libpico.a(timer.c.obj)
 .text.hardware_alarm_claim
                0x10005268       0x18 /home/alexey/.arduino15/packages/rp2040/hardware/rp2040/3.6.0/lib/libpico.a(timer.c.obj)
                0x10005268                hardware_alarm_claim
 .text.time_us_64
                0x10005280       0x14 /home/alexey/.arduino15/packages/rp2040/hardware/rp2040/3.6.0/lib/libpico.a(timer.c.obj)
                0x10005280                time_us_64
 .text.busy_wait_until
                0x10005294       0x1c /home/alexey/.arduino15/packages/rp2040/hardware/rp2040/3.6.0/lib/libpico.a(timer.c.obj)
                0x10005294                busy_wait_until
 .text.busy_wait_us
                0x100052b0       0x2c /home/alexey/.arduino15/packages/rp2040/hardware/rp2040/3.6.0/lib/libpico.a(timer.c.obj)
                0x100052b0                busy_wait_us
 .text.busy_wait_us_32
                0x100052dc       0x20 /home/alexey/.arduino15/packages/rp2040/hardware/rp2040/3.6.0/lib/libpico.a(timer.c.obj)
                0x100052dc                busy_wait_us_32
 .text.busy_wait_ms
                0x100052fc       0x2c /home/alexey/.arduino15/packages/rp2040/hardware/rp2040/3.6.0/lib/libpico.a(timer.c.obj)
                0x100052fc                busy_wait_ms
 .text.hardware_alarm_set_callback
                0x10005328       0x9c /home/alexey/.arduino15/packages/rp2040/hardware/rp2040/3.6.0/lib/libpico.a(timer.c.obj)
                0x10005328                hardware_alarm_set_callback
 .text.hardware_alarm_set_target
                0x100053c4       0xc0 /home/alexey/.arduino15/packages/rp2040/hardware/rp2040/3.6.0/lib/libpico.a(timer.c.obj)
                0x100053c4                hardware_alarm_set_target
 .text.hardware_alarm_cancel
                0x10005484       0x40 /home/alexey/.arduino15/packages/rp2040/hardware/rp2040/3.6.0/lib/libpico.a(timer.c.obj)
                0x10005484                hardware_alarm_cancel
 .text.ph_add_child_node.isra.0
                0x100054c4       0x20 /home/alexey/.arduino15/packages/rp2040/hardware/rp2040/3.6.0/lib/libpico.a(pheap.c.obj)
 .text.ph_merge_nodes
                0x100054e4       0x36 /home/alexey/.arduino15/packages/rp2040/hardware/rp2040/3.6.0/lib/libpico.a(pheap.c.obj)
 .text.ph_clear
                0x1000551a       0x34 /home/alexey/.arduino15/packages/rp2040/hardware/rp2040/3.6.0/lib/libpico.a(pheap.c.obj)
                0x1000551a                ph_clear
 .text.ph_post_alloc_init
                0x1000554e        0xe /home/alexey/.arduino15/packages/rp2040/hardware/rp2040/3.6.0/lib/libpico.a(pheap.c.obj)
                0x1000554e                ph_post_alloc_init
 .text.ph_merge_two_pass
                0x1000555c       0x48 /home/alexey/.arduino15/packages/rp2040/hardware/rp2040/3.6.0/lib/libpico.a(pheap.c.obj)
                0x1000555c                ph_merge_two_pass
 .text.ph_remove_any_head
                0x100055a4       0x52 /home/alexey/.arduino15/packages/rp2040/hardware/rp2040/3.6.0/lib/libpico.a(pheap.c.obj)
 .text.ph_remove_head
                0x100055f6       0x14 /home/alexey/.arduino15/packages/rp2040/hardware/rp2040/3.6.0/lib/libpico.a(pheap.c.obj)
                0x100055f6                ph_remove_head
 .text.ph_remove_and_free_node
                0x1000560a       0x6e /home/alexey/.arduino15/packages/rp2040/hardware/rp2040/3.6.0/lib/libpico.a(pheap.c.obj)
                0x1000560a                ph_remove_and_free_node
 .text.queue_init_with_spinlock
                0x10005678       0x22 /home/alexey/.arduino15/packages/rp2040/hardware/rp2040/3.6.0/lib/libpico.a(queue.c.obj)
                0x10005678                queue_init_with_spinlock
 *fill*         0x1000569a        0x2 
 .text.clock_configure
                0x1000569c       0xec /home/alexey/.arduino15/packages/rp2040/hardware/rp2040/3.6.0/lib/libpico.a(clocks.c.obj)
                0x1000569c                clock_configure
 .text.clocks_init
                0x10005788       0xf4 /home/alexey/.arduino15/packages/rp2040/hardware/rp2040/3.6.0/lib/libpico.a(clocks.c.obj)
                0x10005788                clocks_init
 .text.clock_get_hz
                0x1000587c        0xc /home/alexey/.arduino15/packages/rp2040/hardware/rp2040/3.6.0/lib/libpico.a(clocks.c.obj)
                0x1000587c                clock_get_hz
 .text.pll_init
                0x10005888       0x9c /home/alexey/.arduino15/packages/rp2040/hardware/rp2040/3.6.0/lib/libpico.a(pll.c.obj)
                0x10005888                pll_init
 .text.watchdog_start_tick
                0x10005924       0x10 /home/alexey/.arduino15/packages/rp2040/hardware/rp2040/3.6.0/lib/libpico.a(watchdog.c.obj)
                0x10005924                watchdog_start_tick
 .text.xosc_init
                0x10005934       0x28 /home/alexey/.arduino15/packages/rp2040/hardware/rp2040/3.6.0/lib/libpico.a(xosc.c.obj)
                0x10005934                xosc_init
 .text.exception_get_vtable_handler
                0x1000595c       0x10 /home/alexey/.arduino15/packages/rp2040/hardware/rp2040/3.6.0/lib/libpico.a(exception.c.obj)
                0x1000595c                exception_get_vtable_handler
 .text.exception_set_exclusive_handler
                0x1000596c       0x48 /home/alexey/.arduino15/packages/rp2040/hardware/rp2040/3.6.0/lib/libpico.a(exception.c.obj)
                0x1000596c                exception_set_exclusive_handler
 .text.rom_func_lookup
                0x100059b4       0x10 /home/alexey/.arduino15/packages/rp2040/hardware/rp2040/3.6.0/lib/libpico.a(bootrom.c.obj)
                0x100059b4                rom_func_lookup
 .text.rom_data_lookup
                0x100059c4       0x10 /home/alexey/.arduino15/packages/rp2040/hardware/rp2040/3.6.0/lib/libpico.a(bootrom.c.obj)
                0x100059c4                rom_data_lookup
 .text.rom_funcs_lookup
                0x100059d4       0x26 /home/alexey/.arduino15/packages/rp2040/hardware/rp2040/3.6.0/lib/libpico.a(bootrom.c.obj)
                0x100059d4                rom_funcs_lookup
 *fill*         0x100059fa        0x2 
 .text._pio_find_offset_for_program.isra.0
                0x100059fc       0x48 /home/alexey/.arduino15/packages/rp2040/hardware/rp2040/3.6.0/lib/libpico.a(pio.c.obj)
 .text._pio_add_program_at_offset
                0x10005a44       0x84 /home/alexey/.arduino15/packages/rp2040/hardware/rp2040/3.6.0/lib/libpico.a(pio.c.obj)
 .text.pio_claim_unused_sm
                0x10005ac8       0x34 /home/alexey/.arduino15/packages/rp2040/hardware/rp2040/3.6.0/lib/libpico.a(pio.c.obj)
                0x10005ac8                pio_claim_unused_sm
 .text.pio_can_add_program
                0x10005afc       0x2a /home/alexey/.arduino15/packages/rp2040/hardware/rp2040/3.6.0/lib/libpico.a(pio.c.obj)
                0x10005afc                pio_can_add_program
 *fill*         0x10005b26        0x2 
 .text.pio_add_program
                0x10005b28       0x3c /home/alexey/.arduino15/packages/rp2040/hardware/rp2040/3.6.0/lib/libpico.a(pio.c.obj)
                0x10005b28                pio_add_program
 .text.pio_sm_init
                0x10005b64       0x8c /home/alexey/.arduino15/packages/rp2040/hardware/rp2040/3.6.0/lib/libpico.a(pio.c.obj)
                0x10005b64                pio_sm_init
 .text          0x10005bf0       0x10 /home/alexey/.arduino15/packages/rp2040/hardware/rp2040/3.6.0/lib/libpico.a(bit_ops_aeabi.S.obj)
 .text.__wrap___aeabi_darithmetic
                0x10005c00       0x80 /home/alexey/.arduino15/packages/rp2040/hardware/rp2040/3.6.0/lib/libpico.a(double_aeabi.S.obj)
                0x10005c00                __wrap___aeabi_drsub
                0x10005c06                __wrap___aeabi_dsub
                0x10005c18                __wrap___aeabi_dadd
                0x10005c2a                __wrap___aeabi_ddiv
                0x10005c66                __wrap___aeabi_dmul
 .text.__wrap___aeabi_cdcmple
                0x10005c80       0x6c /home/alexey/.arduino15/packages/rp2040/hardware/rp2040/3.6.0/lib/libpico.a(double_aeabi.S.obj)
                0x10005c80                __wrap___aeabi_cdrcmple
                0x10005c90                __wrap___aeabi_cdcmple
                0x10005c90                __wrap___aeabi_cdcmpeq
 .text.__wrap___aeabi_dcmpeq
                0x10005cec       0x10 /home/alexey/.arduino15/packages/rp2040/hardware/rp2040/3.6.0/lib/libpico.a(double_aeabi.S.obj)
                0x10005cec                __wrap___aeabi_dcmpeq
 .text.__wrap___aeabi_dcmplt
                0x10005cfc        0xc /home/alexey/.arduino15/packages/rp2040/hardware/rp2040/3.6.0/lib/libpico.a(double_aeabi.S.obj)
                0x10005cfc                __wrap___aeabi_dcmplt
 .text.__wrap___aeabi_dcmple
                0x10005d08       0x10 /home/alexey/.arduino15/packages/rp2040/hardware/rp2040/3.6.0/lib/libpico.a(double_aeabi.S.obj)
                0x10005d08                __wrap___aeabi_dcmple
 .text.__wrap___aeabi_dcmpge
                0x10005d18       0x10 /home/alexey/.arduino15/packages/rp2040/hardware/rp2040/3.6.0/lib/libpico.a(double_aeabi.S.obj)
                0x10005d18                __wrap___aeabi_dcmpge
 .text.__wrap___aeabi_dcmpgt
                0x10005d28        0xa /home/alexey/.arduino15/packages/rp2040/hardware/rp2040/3.6.0/lib/libpico.a(double_aeabi.S.obj)
                0x10005d28                __wrap___aeabi_dcmpgt
 .text.__wrap___aeabi_dcmpun
                0x10005d32       0x1c /home/alexey/.arduino15/packages/rp2040/hardware/rp2040/3.6.0/lib/libpico.a(double_aeabi.S.obj)
                0x10005d32                __wrap___aeabi_dcmpun
 *fill*         0x10005d4e        0x2 
 .text.__wrap___aeabi_i2d
                0x10005d50       0x38 /home/alexey/.arduino15/packages/rp2040/hardware/rp2040/3.6.0/lib/libpico.a(double_aeabi.S.obj)
                0x10005d50                __wrap___aeabi_ui2d
                0x10005d58                __wrap___aeabi_i2d
 .text.__wrap___aeabi_d2iz
                0x10005d88       0x48 /home/alexey/.arduino15/packages/rp2040/hardware/rp2040/3.6.0/lib/libpico.a(double_aeabi.S.obj)
                0x10005d88                __wrap___aeabi_d2iz
                0x10005d88                double2int_z
 .text.__wrap___aeabi_d2uiz
                0x10005dd0       0x18 /home/alexey/.arduino15/packages/rp2040/hardware/rp2040/3.6.0/lib/libpico.a(double_aeabi.S.obj)
                0x10005dd0                double2uint
                0x10005dd0                __wrap___aeabi_d2uiz
 .text.__wrap___aeabi_l2d
                0x10005de8       0x18 /home/alexey/.arduino15/packages/rp2040/hardware/rp2040/3.6.0/lib/libpico.a(double_aeabi.S.obj)
                0x10005de8                __wrap___aeabi_l2d
 .text.__wrap___aeabi_d2lz
                0x10005e00       0x26 /home/alexey/.arduino15/packages/rp2040/hardware/rp2040/3.6.0/lib/libpico.a(double_aeabi.S.obj)
                0x10005e00                __wrap___aeabi_d2lz
                0x10005e00                double2int64_z
 *fill*         0x10005e26        0x2 
 .text.double2int64
                0x10005e28       0x18 /home/alexey/.arduino15/packages/rp2040/hardware/rp2040/3.6.0/lib/libpico.a(double_aeabi.S.obj)
                0x10005e28                double2int64
 .text.double2ufix64
                0x10005e40       0x18 /home/alexey/.arduino15/packages/rp2040/hardware/rp2040/3.6.0/lib/libpico.a(double_aeabi.S.obj)
                0x10005e40                double2ufix64
 .text.__wrap___aeabi_d2f
                0x10005e58       0x18 /home/alexey/.arduino15/packages/rp2040/hardware/rp2040/3.6.0/lib/libpico.a(double_aeabi.S.obj)
                0x10005e58                __wrap___aeabi_d2f
 .text.__aeabi_double_init
                0x10005e70       0x58 /home/alexey/.arduino15/packages/rp2040/hardware/rp2040/3.6.0/lib/libpico.a(double_init_rom.c.obj)
                0x10005e70                __aeabi_double_init
 .text.double_table_shim_on_use_helper
                0x10005ec8       0x2c /home/alexey/.arduino15/packages/rp2040/hardware/rp2040/3.6.0/lib/libpico.a(double_v1_rom_shim.S.obj)
                0x10005ec8                double_table_shim_on_use_helper
 .text.__wrap___aeabi_dsub
                0x10005ef4       0x10 /home/alexey/.arduino15/packages/rp2040/hardware/rp2040/3.6.0/lib/libpico.a(double_v1_rom_shim.S.obj)
                0x10005ef4                drsub_shim
                0x10005efa                dsub_shim
 .text.dadd_shim
                0x10005f04      0x15c /home/alexey/.arduino15/packages/rp2040/hardware/rp2040/3.6.0/lib/libpico.a(double_v1_rom_shim.S.obj)
                0x10005f04                dadd_shim
 .text.dmul_shim
                0x10006060      0x15c /home/alexey/.arduino15/packages/rp2040/hardware/rp2040/3.6.0/lib/libpico.a(double_v1_rom_shim.S.obj)
                0x10006060                dmul_shim
 .text.ddiv_shim
                0x100061bc      0x1b0 /home/alexey/.arduino15/packages/rp2040/hardware/rp2040/3.6.0/lib/libpico.a(double_v1_rom_shim.S.obj)
                0x100061bc                ddiv_shim
 .text.double2uint_shim
                0x1000636c        0xe /home/alexey/.arduino15/packages/rp2040/hardware/rp2040/3.6.0/lib/libpico.a(double_v1_rom_shim.S.obj)
                0x1000636c                double2uint_shim
                0x1000636e                double2ufix_shim
 .text.double2int64_shim
                0x1000637a       0x1a /home/alexey/.arduino15/packages/rp2040/hardware/rp2040/3.6.0/lib/libpico.a(double_v1_rom_shim.S.obj)
                0x1000637a                double2int64_shim
                0x1000637c                double2fix64_shim
 .text.double2uint64_shim
                0x10006394       0x70 /home/alexey/.arduino15/packages/rp2040/hardware/rp2040/3.6.0/lib/libpico.a(double_v1_rom_shim.S.obj)
                0x10006394                double2uint64_shim
                0x10006396                double2ufix64_shim
                0x100063b6                d2fix_a
 .text.double2float_shim
                0x10006404       0x5c /home/alexey/.arduino15/packages/rp2040/hardware/rp2040/3.6.0/lib/libpico.a(double_v1_rom_shim.S.obj)
                0x10006404                double2float_shim
 .text.x2double_shims
                0x10006460       0x90 /home/alexey/.arduino15/packages/rp2040/hardware/rp2040/3.6.0/lib/libpico.a(double_v1_rom_shim.S.obj)
                0x10006460                uint2double_shim
                0x10006462                ufix2double_shim
                0x10006468                int2double_shim
                0x1000646a                fix2double_shim
                0x10006470                uint642double_shim
                0x10006472                ufix642double_shim
                0x10006478                int642double_shim
                0x1000647a                fix642double_shim
 .text.dunpacks
                0x100064f0       0x3c /home/alexey/.arduino15/packages/rp2040/hardware/rp2040/3.6.0/lib/libpico.a(double_v1_rom_shim.S.obj)
                0x100064f0                dunpacks
 .text.__wrap___aeabi_farithmetic
                0x1000652c       0x48 /home/alexey/.arduino15/packages/rp2040/hardware/rp2040/3.6.0/lib/libpico.a(float_aeabi.S.obj)
                0x1000652c                __wrap___aeabi_frsub
                0x10006532                __wrap___aeabi_fsub
                0x10006538                __wrap___aeabi_fadd
                0x1000653e                __wrap___aeabi_fdiv
                0x10006566                __wrap___aeabi_fmul
 .text.__wrap___aeabi_cfcmple
                0x10006574       0x50 /home/alexey/.arduino15/packages/rp2040/hardware/rp2040/3.6.0/lib/libpico.a(float_aeabi.S.obj)
                0x10006574                __wrap___aeabi_cfrcmple
                0x10006580                __wrap___aeabi_cfcmpeq
                0x10006580                __wrap___aeabi_cfcmple
 .text.__wrap___aeabi_fcmplt
                0x100065c4        0xc /home/alexey/.arduino15/packages/rp2040/hardware/rp2040/3.6.0/lib/libpico.a(float_aeabi.S.obj)
                0x100065c4                __wrap___aeabi_fcmplt
 .text.__wrap___aeabi_fcmple
                0x100065d0       0x10 /home/alexey/.arduino15/packages/rp2040/hardware/rp2040/3.6.0/lib/libpico.a(float_aeabi.S.obj)
                0x100065d0                __wrap___aeabi_fcmple
 .text.__wrap___aeabi_fcmpgt
                0x100065e0        0xa /home/alexey/.arduino15/packages/rp2040/hardware/rp2040/3.6.0/lib/libpico.a(float_aeabi.S.obj)
                0x100065e0                __wrap___aeabi_fcmpgt
 .text.__wrap___aeabi_fcmpun
                0x100065ea       0x18 /home/alexey/.arduino15/packages/rp2040/hardware/rp2040/3.6.0/lib/libpico.a(float_aeabi.S.obj)
                0x100065ea                __wrap___aeabi_fcmpun
 .text.__wrap___aeabi_ui2f
                0x10006602        0xa /home/alexey/.arduino15/packages/rp2040/hardware/rp2040/3.6.0/lib/libpico.a(float_aeabi.S.obj)
                0x10006602                __wrap___aeabi_ui2f
 .text.__wrap___aeabi_i2f
                0x1000660c       0x44 /home/alexey/.arduino15/packages/rp2040/hardware/rp2040/3.6.0/lib/libpico.a(float_aeabi.S.obj)
                0x1000660c                __wrap___aeabi_i2f
 .text.__wrap___aeabi_f2uiz
                0x10006650        0xc /home/alexey/.arduino15/packages/rp2040/hardware/rp2040/3.6.0/lib/libpico.a(float_aeabi.S.obj)
                0x10006650                __wrap___aeabi_f2uiz
 .text.__aeabi_float_init
                0x1000665c       0x5c /home/alexey/.arduino15/packages/rp2040/hardware/rp2040/3.6.0/lib/libpico.a(float_init_rom.c.obj)
                0x1000665c                __aeabi_float_init
 .text.float_table_shim_on_use_helper
                0x100066b8       0x2c /home/alexey/.arduino15/packages/rp2040/hardware/rp2040/3.6.0/lib/libpico.a(float_v1_rom_shim.S.obj)
                0x100066b8                float_table_shim_on_use_helper
 .text.__aeabi_lmul
                0x100066e4       0x32 /home/alexey/.arduino15/packages/rp2040/hardware/rp2040/3.6.0/lib/libpico.a(pico_int64_ops_aeabi.S.obj)
                0x100066e4                __wrap___aeabi_lmul
 *fill*         0x10006716        0x2 
 .text          0x10006718       0x10 /home/alexey/.arduino15/packages/rp2040/hardware/rp2040/3.6.0/lib/libpico.a(mem_ops_aeabi.S.obj)
                0x10006718                __aeabi_mem_init
 .text.memset   0x10006728        0xc /home/alexey/.arduino15/packages/rp2040/hardware/rp2040/3.6.0/lib/libpico.a(mem_ops_aeabi.S.obj)
                0x10006728                __wrap_memset
 .text.memcpy   0x10006734        0xc /home/alexey/.arduino15/packages/rp2040/hardware/rp2040/3.6.0/lib/libpico.a(mem_ops_aeabi.S.obj)
                0x10006734                __wrap___aeabi_memcpy
                0x10006734                __wrap_memcpy
 .text.multicore_fifo_pop_blocking_inline
                0x10006740       0x14 /home/alexey/.arduino15/packages/rp2040/hardware/rp2040/3.6.0/lib/libpico.a(multicore.c.obj)
 .text.core1_trampoline
                0x10006754        0x2 /home/alexey/.arduino15/packages/rp2040/hardware/rp2040/3.6.0/lib/libpico.a(multicore.c.obj)
 .text.core1_wrapper
                0x10006756        0xc /home/alexey/.arduino15/packages/rp2040/hardware/rp2040/3.6.0/lib/libpico.a(multicore.c.obj)
                0x10006756                core1_wrapper
 .text.multicore_fifo_push_blocking_inline
                0x10006762       0x12 /home/alexey/.arduino15/packages/rp2040/hardware/rp2040/3.6.0/lib/libpico.a(multicore.c.obj)
 .text.multicore_fifo_pop_blocking
                0x10006774        0x8 /home/alexey/.arduino15/packages/rp2040/hardware/rp2040/3.6.0/lib/libpico.a(multicore.c.obj)
                0x10006774                multicore_fifo_pop_blocking
 .text.multicore_launch_core1_raw
                0x1000677c       0x6a /home/alexey/.arduino15/packages/rp2040/hardware/rp2040/3.6.0/lib/libpico.a(multicore.c.obj)
                0x1000677c                multicore_launch_core1_raw
 *fill*         0x100067e6        0x2 
 .text.multicore_launch_core1_with_stack
                0x100067e8       0x34 /home/alexey/.arduino15/packages/rp2040/hardware/rp2040/3.6.0/lib/libpico.a(multicore.c.obj)
                0x100067e8                multicore_launch_core1_with_stack
 .text.multicore_launch_core1
                0x1000681c       0x20 /home/alexey/.arduino15/packages/rp2040/hardware/rp2040/3.6.0/lib/libpico.a(multicore.c.obj)
                0x1000681c                multicore_launch_core1
 .text.startup._retrieve_unique_id_on_boot
                0x1000683c       0x10 /home/alexey/.arduino15/packages/rp2040/hardware/rp2040/3.6.0/lib/libpico.a(unique_id.c.obj)
 .text.pico_get_unique_board_id_string
                0x1000684c       0x3c /home/alexey/.arduino15/packages/rp2040/hardware/rp2040/3.6.0/lib/libpico.a(unique_id.c.obj)
                0x1000684c                pico_get_unique_board_id_string
 .text.runtime_init
                0x10006888       0xcc /home/alexey/.arduino15/packages/rp2040/hardware/rp2040/3.6.0/lib/libpico.a(runtime.c.obj)
                0x10006888                runtime_init
 .text._exit    0x10006954        0x4 /home/alexey/.arduino15/packages/rp2040/hardware/rp2040/3.6.0/lib/libpico.a(runtime.c.obj)
                0x10006954                _exit
 .text._sbrk    0x10006958       0x30 /home/alexey/.arduino15/packages/rp2040/hardware/rp2040/3.6.0/lib/libpico.a(runtime.c.obj)
                0x10006958                _sbrk
 .text.exit     0x10006988        0x6 /home/alexey/.arduino15/packages/rp2040/hardware/rp2040/3.6.0/lib/libpico.a(runtime.c.obj)
                0x10006988                exit
 *fill*         0x1000698e        0x2 
 .text.__assert_func
                0x10006990       0x34 /home/alexey/.arduino15/packages/rp2040/hardware/rp2040/3.6.0/lib/libpico.a(runtime.c.obj)
                0x10006990                __assert_func
 .text.panic    0x100069c4       0x30 /home/alexey/.arduino15/packages/rp2040/hardware/rp2040/3.6.0/lib/libpico.a(runtime.c.obj)
                0x100069c4                panic
 .text.hard_assertion_failure
                0x100069f4        0xc /home/alexey/.arduino15/packages/rp2040/hardware/rp2040/3.6.0/lib/libpico.a(runtime.c.obj)
                0x100069f4                hard_assertion_failure
 .text._Znwj    0x10006a00        0x8 /home/alexey/.arduino15/packages/rp2040/hardware/rp2040/3.6.0/lib/libpico.a(new_delete.cpp.obj)
                0x10006a00                _Znwj
 .text.set_sys_clock_pll
                0x10006a08       0x78 /home/alexey/.arduino15/packages/rp2040/hardware/rp2040/3.6.0/lib/libpico.a(stdlib.c.obj)
                0x10006a08                set_sys_clock_pll
 .text.check_sys_clock_khz
                0x10006a80       0x78 /home/alexey/.arduino15/packages/rp2040/hardware/rp2040/3.6.0/lib/libpico.a(stdlib.c.obj)
                0x10006a80                check_sys_clock_khz
 .text.critical_section_exit
                0x10006af8       0x10 /home/alexey/.arduino15/packages/rp2040/hardware/rp2040/3.6.0/lib/libpico.a(usbd.c.obj)
 .text.get_driver
                0x10006b08       0x40 /home/alexey/.arduino15/packages/rp2040/hardware/rp2040/3.6.0/lib/libpico.a(usbd.c.obj)
 .text.critical_section_enter_blocking
                0x10006b48       0x16 /home/alexey/.arduino15/packages/rp2040/hardware/rp2040/3.6.0/lib/libpico.a(usbd.c.obj)
 .text.invoke_class_control
                0x10006b5e       0x1a /home/alexey/.arduino15/packages/rp2040/hardware/rp2040/3.6.0/lib/libpico.a(usbd.c.obj)
 .text.configuration_reset
                0x10006b78       0x54 /home/alexey/.arduino15/packages/rp2040/hardware/rp2040/3.6.0/lib/libpico.a(usbd.c.obj)
 .text.tud_mounted
                0x10006bcc       0x10 /home/alexey/.arduino15/packages/rp2040/hardware/rp2040/3.6.0/lib/libpico.a(usbd.c.obj)
                0x10006bcc                tud_mounted
 .text.tud_suspended
                0x10006bdc       0x10 /home/alexey/.arduino15/packages/rp2040/hardware/rp2040/3.6.0/lib/libpico.a(usbd.c.obj)
                0x10006bdc                tud_suspended
 .text.tud_inited
                0x10006bec       0x14 /home/alexey/.arduino15/packages/rp2040/hardware/rp2040/3.6.0/lib/libpico.a(usbd.c.obj)
                0x10006bec                tud_inited
 .text.tud_init
                0x10006c00       0x9c /home/alexey/.arduino15/packages/rp2040/hardware/rp2040/3.6.0/lib/libpico.a(usbd.c.obj)
                0x10006c00                tud_init
 .text.usbd_edpt_open
                0x10006c9c       0x34 /home/alexey/.arduino15/packages/rp2040/hardware/rp2040/3.6.0/lib/libpico.a(usbd.c.obj)
                0x10006c9c                usbd_edpt_open
 .text.usbd_open_edpt_pair
                0x10006cd0       0x4c /home/alexey/.arduino15/packages/rp2040/hardware/rp2040/3.6.0/lib/libpico.a(usbd.c.obj)
                0x10006cd0                usbd_open_edpt_pair
 .text.usbd_edpt_claim
                0x10006d1c       0x24 /home/alexey/.arduino15/packages/rp2040/hardware/rp2040/3.6.0/lib/libpico.a(usbd.c.obj)
                0x10006d1c                usbd_edpt_claim
 .text.usbd_edpt_release
                0x10006d40       0x24 /home/alexey/.arduino15/packages/rp2040/hardware/rp2040/3.6.0/lib/libpico.a(usbd.c.obj)
                0x10006d40                usbd_edpt_release
 .text.usbd_edpt_xfer
                0x10006d64       0x48 /home/alexey/.arduino15/packages/rp2040/hardware/rp2040/3.6.0/lib/libpico.a(usbd.c.obj)
                0x10006d64                usbd_edpt_xfer
 .text.usbd_edpt_busy
                0x10006dac       0x1c /home/alexey/.arduino15/packages/rp2040/hardware/rp2040/3.6.0/lib/libpico.a(usbd.c.obj)
                0x10006dac                usbd_edpt_busy
 .text.usbd_edpt_stall
                0x10006dc8       0x3c /home/alexey/.arduino15/packages/rp2040/hardware/rp2040/3.6.0/lib/libpico.a(usbd.c.obj)
                0x10006dc8                usbd_edpt_stall
 .text.usbd_edpt_clear_stall
                0x10006e04       0x3c /home/alexey/.arduino15/packages/rp2040/hardware/rp2040/3.6.0/lib/libpico.a(usbd.c.obj)
                0x10006e04                usbd_edpt_clear_stall
 .text.usbd_edpt_stalled
                0x10006e40       0x1c /home/alexey/.arduino15/packages/rp2040/hardware/rp2040/3.6.0/lib/libpico.a(usbd.c.obj)
                0x10006e40                usbd_edpt_stalled
 .text.tud_task_ext
                0x10006e5c      0x528 /home/alexey/.arduino15/packages/rp2040/hardware/rp2040/3.6.0/lib/libpico.a(usbd.c.obj)
                0x10006e5c                tud_task_ext
 .text._data_stage_xact
                0x10007384       0x58 /home/alexey/.arduino15/packages/rp2040/hardware/rp2040/3.6.0/lib/libpico.a(usbd_control.c.obj)
 .text._status_stage_xact.isra.0
                0x100073dc       0x12 /home/alexey/.arduino15/packages/rp2040/hardware/rp2040/3.6.0/lib/libpico.a(usbd_control.c.obj)
 *fill*         0x100073ee        0x2 
 .text.tud_control_status
                0x100073f0       0x24 /home/alexey/.arduino15/packages/rp2040/hardware/rp2040/3.6.0/lib/libpico.a(usbd_control.c.obj)
                0x100073f0                tud_control_status
 .text.tud_control_xfer
                0x10007414       0x50 /home/alexey/.arduino15/packages/rp2040/hardware/rp2040/3.6.0/lib/libpico.a(usbd_control.c.obj)
                0x10007414                tud_control_xfer
 .text.usbd_control_reset
                0x10007464       0x14 /home/alexey/.arduino15/packages/rp2040/hardware/rp2040/3.6.0/lib/libpico.a(usbd_control.c.obj)
                0x10007464                usbd_control_reset
 .text.usbd_control_set_complete_callback
                0x10007478        0xc /home/alexey/.arduino15/packages/rp2040/hardware/rp2040/3.6.0/lib/libpico.a(usbd_control.c.obj)
                0x10007478                usbd_control_set_complete_callback
 .text.usbd_control_set_request
                0x10007484       0x1c /home/alexey/.arduino15/packages/rp2040/hardware/rp2040/3.6.0/lib/libpico.a(usbd_control.c.obj)
                0x10007484                usbd_control_set_request
 .text.usbd_control_xfer_cb
                0x100074a0       0xa4 /home/alexey/.arduino15/packages/rp2040/hardware/rp2040/3.6.0/lib/libpico.a(usbd_control.c.obj)
                0x100074a0                usbd_control_xfer_cb
 .text._prep_out_transaction.isra.0
                0x10007544       0x42 /home/alexey/.arduino15/packages/rp2040/hardware/rp2040/3.6.0/lib/libpico.a(cdc_device.c.obj)
 *fill*         0x10007586        0x2 
 .text.tud_cdc_n_connected
                0x10007588       0x30 /home/alexey/.arduino15/packages/rp2040/hardware/rp2040/3.6.0/lib/libpico.a(cdc_device.c.obj)
                0x10007588                tud_cdc_n_connected
 .text.tud_cdc_n_available
                0x100075b8       0x18 /home/alexey/.arduino15/packages/rp2040/hardware/rp2040/3.6.0/lib/libpico.a(cdc_device.c.obj)
                0x100075b8                tud_cdc_n_available
 .text.tud_cdc_n_read
                0x100075d0       0x28 /home/alexey/.arduino15/packages/rp2040/hardware/rp2040/3.6.0/lib/libpico.a(cdc_device.c.obj)
                0x100075d0                tud_cdc_n_read
 .text.tud_cdc_n_peek
                0x100075f8       0x18 /home/alexey/.arduino15/packages/rp2040/hardware/rp2040/3.6.0/lib/libpico.a(cdc_device.c.obj)
                0x100075f8                tud_cdc_n_peek
 .text.tud_cdc_n_write_flush
                0x10007610       0x78 /home/alexey/.arduino15/packages/rp2040/hardware/rp2040/3.6.0/lib/libpico.a(cdc_device.c.obj)
                0x10007610                tud_cdc_n_write_flush
 .text.tud_cdc_n_write
                0x10007688       0x30 /home/alexey/.arduino15/packages/rp2040/hardware/rp2040/3.6.0/lib/libpico.a(cdc_device.c.obj)
                0x10007688                tud_cdc_n_write
 .text.tud_cdc_n_write_available
                0x100076b8       0x18 /home/alexey/.arduino15/packages/rp2040/hardware/rp2040/3.6.0/lib/libpico.a(cdc_device.c.obj)
                0x100076b8                tud_cdc_n_write_available
 .text.cdcd_init
                0x100076d0       0x7c /home/alexey/.arduino15/packages/rp2040/hardware/rp2040/3.6.0/lib/libpico.a(cdc_device.c.obj)
                0x100076d0                cdcd_init
 .text.cdcd_reset
                0x1000774c       0x30 /home/alexey/.arduino15/packages/rp2040/hardware/rp2040/3.6.0/lib/libpico.a(cdc_device.c.obj)
                0x1000774c                cdcd_reset
 .text.cdcd_open
                0x1000777c       0xa0 /home/alexey/.arduino15/packages/rp2040/hardware/rp2040/3.6.0/lib/libpico.a(cdc_device.c.obj)
                0x1000777c                cdcd_open
 .text.cdcd_control_xfer_cb
                0x1000781c       0xd8 /home/alexey/.arduino15/packages/rp2040/hardware/rp2040/3.6.0/lib/libpico.a(cdc_device.c.obj)
                0x1000781c                cdcd_control_xfer_cb
 .text.cdcd_xfer_cb
                0x100078f4       0xec /home/alexey/.arduino15/packages/rp2040/hardware/rp2040/3.6.0/lib/libpico.a(cdc_device.c.obj)
                0x100078f4                cdcd_xfer_cb
 .text.hidd_reset
                0x100079e0       0x14 /home/alexey/.arduino15/packages/rp2040/hardware/rp2040/3.6.0/lib/libpico.a(hid_device.c.obj)
                0x100079e0                hidd_reset
 .text.hidd_init
                0x100079f4        0xa /home/alexey/.arduino15/packages/rp2040/hardware/rp2040/3.6.0/lib/libpico.a(hid_device.c.obj)
                0x100079f4                hidd_init
 *fill*         0x100079fe        0x2 
 .text.hidd_open
                0x10007a00       0xb4 /home/alexey/.arduino15/packages/rp2040/hardware/rp2040/3.6.0/lib/libpico.a(hid_device.c.obj)
                0x10007a00                hidd_open
 .text.hidd_control_xfer_cb
                0x10007ab4      0x1e0 /home/alexey/.arduino15/packages/rp2040/hardware/rp2040/3.6.0/lib/libpico.a(hid_device.c.obj)
                0x10007ab4                hidd_control_xfer_cb
 .text.hidd_xfer_cb
                0x10007c94       0x7c /home/alexey/.arduino15/packages/rp2040/hardware/rp2040/3.6.0/lib/libpico.a(hid_device.c.obj)
                0x10007c94                hidd_xfer_cb
 .text.fail_scsi_op.constprop.0
                0x10007d10       0x54 /home/alexey/.arduino15/packages/rp2040/hardware/rp2040/3.6.0/lib/libpico.a(msc_device.c.obj)
 .text.proc_write10_cmd.constprop.0
                0x10007d64       0x54 /home/alexey/.arduino15/packages/rp2040/hardware/rp2040/3.6.0/lib/libpico.a(msc_device.c.obj)
 .text.proc_read10_cmd.constprop.0
                0x10007db8       0xb0 /home/alexey/.arduino15/packages/rp2040/hardware/rp2040/3.6.0/lib/libpico.a(msc_device.c.obj)
 .text.rdwr10_validate_cmd
                0x10007e68       0x58 /home/alexey/.arduino15/packages/rp2040/hardware/rp2040/3.6.0/lib/libpico.a(msc_device.c.obj)
                0x10007e68                rdwr10_validate_cmd
 .text.mscd_init
                0x10007ec0       0x14 /home/alexey/.arduino15/packages/rp2040/hardware/rp2040/3.6.0/lib/libpico.a(msc_device.c.obj)
                0x10007ec0                mscd_init
 .text.mscd_reset
                0x10007ed4       0x14 /home/alexey/.arduino15/packages/rp2040/hardware/rp2040/3.6.0/lib/libpico.a(msc_device.c.obj)
                0x10007ed4                mscd_reset
 .text.mscd_open
                0x10007ee8       0x68 /home/alexey/.arduino15/packages/rp2040/hardware/rp2040/3.6.0/lib/libpico.a(msc_device.c.obj)
                0x10007ee8                mscd_open
 .text.mscd_control_xfer_cb
                0x10007f50      0x130 /home/alexey/.arduino15/packages/rp2040/hardware/rp2040/3.6.0/lib/libpico.a(msc_device.c.obj)
                0x10007f50                mscd_control_xfer_cb
 .text.mscd_xfer_cb
                0x10008080      0x4e8 /home/alexey/.arduino15/packages/rp2040/hardware/rp2040/3.6.0/lib/libpico.a(msc_device.c.obj)
                0x10008080                mscd_xfer_cb
 .text.tusb_init
                0x10008568        0xa /home/alexey/.arduino15/packages/rp2040/hardware/rp2040/3.6.0/lib/libpico.a(tusb.c.obj)
                0x10008568                tusb_init
 .text.tusb_inited
                0x10008572        0x8 /home/alexey/.arduino15/packages/rp2040/hardware/rp2040/3.6.0/lib/libpico.a(tusb.c.obj)
                0x10008572                tusb_inited
 .text.tu_edpt_claim
                0x1000857a       0x50 /home/alexey/.arduino15/packages/rp2040/hardware/rp2040/3.6.0/lib/libpico.a(tusb.c.obj)
                0x1000857a                tu_edpt_claim
 .text.tu_edpt_release
                0x100085ca       0x36 /home/alexey/.arduino15/packages/rp2040/hardware/rp2040/3.6.0/lib/libpico.a(tusb.c.obj)
                0x100085ca                tu_edpt_release
 .text.tu_edpt_validate
                0x10008600       0x60 /home/alexey/.arduino15/packages/rp2040/hardware/rp2040/3.6.0/lib/libpico.a(tusb.c.obj)
                0x10008600                tu_edpt_validate
 .text.tu_edpt_bind_driver
                0x10008660       0x26 /home/alexey/.arduino15/packages/rp2040/hardware/rp2040/3.6.0/lib/libpico.a(tusb.c.obj)
                0x10008660                tu_edpt_bind_driver
 .text.advance_index
                0x10008686       0x16 /home/alexey/.arduino15/packages/rp2040/hardware/rp2040/3.6.0/lib/libpico.a(tusb_fifo.c.obj)
 .text._tu_fifo_peek
                0x1000869c       0x4c /home/alexey/.arduino15/packages/rp2040/hardware/rp2040/3.6.0/lib/libpico.a(tusb_fifo.c.obj)
 .text._ff_pull_const_addr
                0x100086e8       0x58 /home/alexey/.arduino15/packages/rp2040/hardware/rp2040/3.6.0/lib/libpico.a(tusb_fifo.c.obj)
 .text._tu_fifo_peek_n
                0x10008740      0x11e /home/alexey/.arduino15/packages/rp2040/hardware/rp2040/3.6.0/lib/libpico.a(tusb_fifo.c.obj)
 .text._tu_fifo_read_n
                0x1000885e       0x4a /home/alexey/.arduino15/packages/rp2040/hardware/rp2040/3.6.0/lib/libpico.a(tusb_fifo.c.obj)
 .text._ff_push_const_addr
                0x100088a8       0x48 /home/alexey/.arduino15/packages/rp2040/hardware/rp2040/3.6.0/lib/libpico.a(tusb_fifo.c.obj)
 .text._tu_fifo_write_n.part.0
                0x100088f0      0x1a0 /home/alexey/.arduino15/packages/rp2040/hardware/rp2040/3.6.0/lib/libpico.a(tusb_fifo.c.obj)
 .text.tu_fifo_config
                0x10008a90       0x64 /home/alexey/.arduino15/packages/rp2040/hardware/rp2040/3.6.0/lib/libpico.a(tusb_fifo.c.obj)
                0x10008a90                tu_fifo_config
 .text.tu_fifo_count
                0x10008af4       0x28 /home/alexey/.arduino15/packages/rp2040/hardware/rp2040/3.6.0/lib/libpico.a(tusb_fifo.c.obj)
                0x10008af4                tu_fifo_count
 .text.tu_fifo_empty
                0x10008b1c        0xe /home/alexey/.arduino15/packages/rp2040/hardware/rp2040/3.6.0/lib/libpico.a(tusb_fifo.c.obj)
                0x10008b1c                tu_fifo_empty
 .text.tu_fifo_full
                0x10008b2a       0x26 /home/alexey/.arduino15/packages/rp2040/hardware/rp2040/3.6.0/lib/libpico.a(tusb_fifo.c.obj)
                0x10008b2a                tu_fifo_full
 .text.tu_fifo_remaining
                0x10008b50       0x28 /home/alexey/.arduino15/packages/rp2040/hardware/rp2040/3.6.0/lib/libpico.a(tusb_fifo.c.obj)
                0x10008b50                tu_fifo_remaining
 .text.tu_fifo_read
                0x10008b78       0x42 /home/alexey/.arduino15/packages/rp2040/hardware/rp2040/3.6.0/lib/libpico.a(tusb_fifo.c.obj)
                0x10008b78                tu_fifo_read
 .text.tu_fifo_read_n
                0x10008bba        0xa /home/alexey/.arduino15/packages/rp2040/hardware/rp2040/3.6.0/lib/libpico.a(tusb_fifo.c.obj)
                0x10008bba                tu_fifo_read_n
 .text.tu_fifo_peek
                0x10008bc4       0x34 /home/alexey/.arduino15/packages/rp2040/hardware/rp2040/3.6.0/lib/libpico.a(tusb_fifo.c.obj)
                0x10008bc4                tu_fifo_peek
 .text.tu_fifo_write
                0x10008bf8       0x64 /home/alexey/.arduino15/packages/rp2040/hardware/rp2040/3.6.0/lib/libpico.a(tusb_fifo.c.obj)
                0x10008bf8                tu_fifo_write
 .text.tu_fifo_write_n
                0x10008c5c       0x12 /home/alexey/.arduino15/packages/rp2040/hardware/rp2040/3.6.0/lib/libpico.a(tusb_fifo.c.obj)
                0x10008c5c                tu_fifo_write_n
 .text.tu_fifo_clear
                0x10008c6e       0x3e /home/alexey/.arduino15/packages/rp2040/hardware/rp2040/3.6.0/lib/libpico.a(tusb_fifo.c.obj)
                0x10008c6e                tu_fifo_clear
 .text.tu_fifo_set_overwritable
                0x10008cac       0x46 /home/alexey/.arduino15/packages/rp2040/hardware/rp2040/3.6.0/lib/libpico.a(tusb_fifo.c.obj)
                0x10008cac                tu_fifo_set_overwritable
 *fill*         0x10008cf2        0x2 
 .text.running_on_fpga
                0x10008cf4       0x10 /home/alexey/.arduino15/packages/rp2040/hardware/rp2040/3.6.0/lib/libpico.a(platform.c.obj)
                0x10008cf4                running_on_fpga
 .text.hw_claim_lock
                0x10008d04       0x18 /home/alexey/.arduino15/packages/rp2040/hardware/rp2040/3.6.0/lib/libpico.a(claim.c.obj)
                0x10008d04                hw_claim_lock
 .text.hw_claim_unlock
                0x10008d1c       0x14 /home/alexey/.arduino15/packages/rp2040/hardware/rp2040/3.6.0/lib/libpico.a(claim.c.obj)
                0x10008d1c                hw_claim_unlock
 .text.hw_is_claimed
                0x10008d30       0x16 /home/alexey/.arduino15/packages/rp2040/hardware/rp2040/3.6.0/lib/libpico.a(claim.c.obj)
                0x10008d30                hw_is_claimed
 .text.hw_claim_or_assert
                0x10008d46       0x3a /home/alexey/.arduino15/packages/rp2040/hardware/rp2040/3.6.0/lib/libpico.a(claim.c.obj)
                0x10008d46                hw_claim_or_assert
 .text.hw_claim_unused_from_range
                0x10008d80       0x52 /home/alexey/.arduino15/packages/rp2040/hardware/rp2040/3.6.0/lib/libpico.a(claim.c.obj)
                0x10008d80                hw_claim_unused_from_range
 *fill*         0x10008dd2        0x2 
 .text.lock_init
                0x10008dd4       0x10 /home/alexey/.arduino15/packages/rp2040/hardware/rp2040/3.6.0/lib/libpico.a(lock_core.c.obj)
                0x10008dd4                lock_init
 .text.critical_section_init_with_lock_num
                0x10008de4       0x14 /home/alexey/.arduino15/packages/rp2040/hardware/rp2040/3.6.0/lib/libpico.a(critical_section.c.obj)
                0x10008de4                critical_section_init_with_lock_num
 .text.critical_section_init
                0x10008df8       0x14 /home/alexey/.arduino15/packages/rp2040/hardware/rp2040/3.6.0/lib/libpico.a(critical_section.c.obj)
                0x10008df8                critical_section_init
 .text.flash_get_unique_id
                0x10008e0c       0x42 /home/alexey/.arduino15/packages/rp2040/hardware/rp2040/3.6.0/lib/libpico.a(flash.c.obj)
                0x10008e0c                flash_get_unique_id
 *fill*         0x10008e4e        0x2 
 .text.hw_endpoint_init
                0x10008e50       0xd8 /home/alexey/.arduino15/packages/rp2040/hardware/rp2040/3.6.0/lib/libpico.a(dcd_rp2040.c.obj)
 .text.dcd_int_enable
                0x10008f28        0xc /home/alexey/.arduino15/packages/rp2040/hardware/rp2040/3.6.0/lib/libpico.a(dcd_rp2040.c.obj)
                0x10008f28                dcd_int_enable
 .text.dcd_set_address
                0x10008f34       0x14 /home/alexey/.arduino15/packages/rp2040/hardware/rp2040/3.6.0/lib/libpico.a(dcd_rp2040.c.obj)
                0x10008f34                dcd_set_address
 .text.dcd_connect
                0x10008f48       0x10 /home/alexey/.arduino15/packages/rp2040/hardware/rp2040/3.6.0/lib/libpico.a(dcd_rp2040.c.obj)
                0x10008f48                dcd_connect
 .text.dcd_init
                0x10008f58       0x64 /home/alexey/.arduino15/packages/rp2040/hardware/rp2040/3.6.0/lib/libpico.a(dcd_rp2040.c.obj)
                0x10008f58                dcd_init
 .text.dcd_edpt0_status_complete
                0x10008fbc       0x18 /home/alexey/.arduino15/packages/rp2040/hardware/rp2040/3.6.0/lib/libpico.a(dcd_rp2040.c.obj)
                0x10008fbc                dcd_edpt0_status_complete
 .text.dcd_edpt_open
                0x10008fd4       0x20 /home/alexey/.arduino15/packages/rp2040/hardware/rp2040/3.6.0/lib/libpico.a(dcd_rp2040.c.obj)
                0x10008fd4                dcd_edpt_open
 .text.dcd_edpt_close_all
                0x10008ff4        0x8 /home/alexey/.arduino15/packages/rp2040/hardware/rp2040/3.6.0/lib/libpico.a(dcd_rp2040.c.obj)
                0x10008ff4                dcd_edpt_close_all
 .text.dcd_edpt_xfer
                0x10008ffc       0x24 /home/alexey/.arduino15/packages/rp2040/hardware/rp2040/3.6.0/lib/libpico.a(dcd_rp2040.c.obj)
                0x10008ffc                dcd_edpt_xfer
 .text.dcd_edpt_stall
                0x10009020       0x34 /home/alexey/.arduino15/packages/rp2040/hardware/rp2040/3.6.0/lib/libpico.a(dcd_rp2040.c.obj)
                0x10009020                dcd_edpt_stall
 .text.dcd_edpt_clear_stall
                0x10009054       0x2c /home/alexey/.arduino15/packages/rp2040/hardware/rp2040/3.6.0/lib/libpico.a(dcd_rp2040.c.obj)
                0x10009054                dcd_edpt_clear_stall
 .text.rp2040_usb_init
                0x10009080       0x4c /home/alexey/.arduino15/packages/rp2040/hardware/rp2040/3.6.0/lib/libpico.a(rp2040_usb.c.obj)
                0x10009080                rp2040_usb_init
 .text.hw_endpoint_xfer_start
                0x100090cc       0x3c /home/alexey/.arduino15/packages/rp2040/hardware/rp2040/3.6.0/lib/libpico.a(rp2040_usb.c.obj)
                0x100090cc                hw_endpoint_xfer_start
 .text._ZStL23local_Rb_tree_decrementPSt18_Rb_tree_node_base
                0x10009108       0x32 /home/alexey/.arduino15/packages/rp2040/tools/pqt-gcc/2.1.0-a-d3d2e6b/bin/../lib/gcc/arm-none-eabi/12.3.0/../../../../arm-none-eabi/lib/thumb/libstdc++.a(tree.o)
 .text._ZStL25local_Rb_tree_rotate_leftPSt18_Rb_tree_node_baseRS0_
                0x1000913a       0x2e /home/alexey/.arduino15/packages/rp2040/tools/pqt-gcc/2.1.0-a-d3d2e6b/bin/../lib/gcc/arm-none-eabi/12.3.0/../../../../arm-none-eabi/lib/thumb/libstdc++.a(tree.o)
 .text._ZStL26local_Rb_tree_rotate_rightPSt18_Rb_tree_node_baseRS0_
                0x10009168       0x2e /home/alexey/.arduino15/packages/rp2040/tools/pqt-gcc/2.1.0-a-d3d2e6b/bin/../lib/gcc/arm-none-eabi/12.3.0/../../../../arm-none-eabi/lib/thumb/libstdc++.a(tree.o)
 .text._ZSt18_Rb_tree_decrementPSt18_Rb_tree_node_base
                0x10009196        0x8 /home/alexey/.arduino15/packages/rp2040/tools/pqt-gcc/2.1.0-a-d3d2e6b/bin/../lib/gcc/arm-none-eabi/12.3.0/../../../../arm-none-eabi/lib/thumb/libstdc++.a(tree.o)
                0x10009196                _ZSt18_Rb_tree_decrementPSt18_Rb_tree_node_base
 .text._ZSt29_Rb_tree_insert_and_rebalancebPSt18_Rb_tree_node_baseS0_RS_
                0x1000919e       0xc6 /home/alexey/.arduino15/packages/rp2040/tools/pqt-gcc/2.1.0-a-d3d2e6b/bin/../lib/gcc/arm-none-eabi/12.3.0/../../../../arm-none-eabi/lib/thumb/libstdc++.a(tree.o)
                0x1000919e                _ZSt29_Rb_tree_insert_and_rebalancebPSt18_Rb_tree_node_baseS0_RS_
 .text          0x10009264       0x14 /home/alexey/.arduino15/packages/rp2040/tools/pqt-gcc/2.1.0-a-d3d2e6b/bin/../lib/gcc/arm-none-eabi/12.3.0/../../../../arm-none-eabi/lib/thumb/libc.a(lib_a-calloc.o)
                0x10009264                calloc
 .text          0x10009278       0x9a /home/alexey/.arduino15/packages/rp2040/tools/pqt-gcc/2.1.0-a-d3d2e6b/bin/../lib/gcc/arm-none-eabi/12.3.0/../../../../arm-none-eabi/lib/thumb/libc.a(lib_a-callocr.o)
                0x10009278                _calloc_r
 .text          0x10009312        0x8 /home/alexey/.arduino15/packages/rp2040/tools/pqt-gcc/2.1.0-a-d3d2e6b/bin/../lib/gcc/arm-none-eabi/12.3.0/../../../../arm-none-eabi/lib/thumb/libc.a(lib_a-errno.o)
                0x10009312                __errno
 *fill*         0x1000931a        0x2 
 .text          0x1000931c      0x238 /home/alexey/.arduino15/packages/rp2040/tools/pqt-gcc/2.1.0-a-d3d2e6b/bin/../lib/gcc/arm-none-eabi/12.3.0/../../../../arm-none-eabi/lib/thumb/libc.a(lib_a-findfp.o)
                0x10009364                _cleanup_r
                0x100093a4                __sfmoreglue
                0x100093d0                _cleanup
                0x100093e0                __sfp_lock_acquire
                0x100093f0                __sfp_lock_release
                0x10009400                __sinit_lock_acquire
                0x10009410                __sinit_lock_release
                0x10009420                __sinit
                0x10009494                __sfp
                0x10009524                __fp_lock_all
                0x1000953c                __fp_unlock_all
 .text          0x10009554       0x70 /home/alexey/.arduino15/packages/rp2040/tools/pqt-gcc/2.1.0-a-d3d2e6b/bin/../lib/gcc/arm-none-eabi/12.3.0/../../../../arm-none-eabi/lib/thumb/libc.a(lib_a-fwalk.o)
                0x10009554                _fwalk
                0x1000958a                _fwalk_reent
 .text          0x100095c4       0x20 /home/alexey/.arduino15/packages/rp2040/tools/pqt-gcc/2.1.0-a-d3d2e6b/bin/../lib/gcc/arm-none-eabi/12.3.0/../../../../arm-none-eabi/lib/thumb/libc.a(lib_a-malloc.o)
                0x100095c4                malloc
                0x100095d4                free
 .text          0x100095e4      0x430 /home/alexey/.arduino15/packages/rp2040/tools/pqt-gcc/2.1.0-a-d3d2e6b/bin/../lib/gcc/arm-none-eabi/12.3.0/../../../../arm-none-eabi/lib/thumb/libc.a(lib_a-mallocr.o)
                0x100095e4                _malloc_r
 .text          0x10009a14       0x20 /home/alexey/.arduino15/packages/rp2040/tools/pqt-gcc/2.1.0-a-d3d2e6b/bin/../lib/gcc/arm-none-eabi/12.3.0/../../../../arm-none-eabi/lib/thumb/libc.a(lib_a-mlock.o)
                0x10009a14                __malloc_lock
                0x10009a24                __malloc_unlock
 .text          0x10009a34      0x5c4 /home/alexey/.arduino15/packages/rp2040/tools/pqt-gcc/2.1.0-a-d3d2e6b/bin/../lib/gcc/arm-none-eabi/12.3.0/../../../../arm-none-eabi/lib/thumb/libc.a(lib_a-nano-vfprintf_float.o)
                0x10009a34                __cvt
                0x10009b08                __exponent
                0x10009b88                _printf_float
 .text          0x10009ff8      0x428 /home/alexey/.arduino15/packages/rp2040/tools/pqt-gcc/2.1.0-a-d3d2e6b/bin/../lib/gcc/arm-none-eabi/12.3.0/../../../../arm-none-eabi/lib/thumb/libc.a(lib_a-nano-vfprintf_i.o)
                0x10009ff8                _printf_common
                0x1000a0d6                _printf_i
 .text          0x1000a420      0x41c /home/alexey/.arduino15/packages/rp2040/tools/pqt-gcc/2.1.0-a-d3d2e6b/bin/../lib/gcc/arm-none-eabi/12.3.0/../../../../arm-none-eabi/lib/thumb/libc.a(lib_a-nano-vfscanf_float.o)
                0x1000a420                _scanf_float
 .text          0x1000a83c       0x54 /home/alexey/.arduino15/packages/rp2040/tools/pqt-gcc/2.1.0-a-d3d2e6b/bin/../lib/gcc/arm-none-eabi/12.3.0/../../../../arm-none-eabi/lib/thumb/libc.a(lib_a-printf.o)
                0x1000a83c                _printf_r
                0x1000a83c                _iprintf_r
                0x1000a864                printf
                0x1000a864                iprintf
 .text          0x1000a890       0xe8 /home/alexey/.arduino15/packages/rp2040/tools/pqt-gcc/2.1.0-a-d3d2e6b/bin/../lib/gcc/arm-none-eabi/12.3.0/../../../../arm-none-eabi/lib/thumb/libc.a(lib_a-puts.o)
                0x1000a890                _puts_r
                0x1000a968                puts
 .text          0x1000a978       0x14 /home/alexey/.arduino15/packages/rp2040/tools/pqt-gcc/2.1.0-a-d3d2e6b/bin/../lib/gcc/arm-none-eabi/12.3.0/../../../../arm-none-eabi/lib/thumb/libc.a(lib_a-realloc.o)
                0x1000a978                realloc
 .text          0x1000a98c      0x354 /home/alexey/.arduino15/packages/rp2040/tools/pqt-gcc/2.1.0-a-d3d2e6b/bin/../lib/gcc/arm-none-eabi/12.3.0/../../../../arm-none-eabi/lib/thumb/libc.a(lib_a-reallocr.o)
                0x1000a98c                _realloc_r
 .text          0x1000ace0       0x24 /home/alexey/.arduino15/packages/rp2040/tools/pqt-gcc/2.1.0-a-d3d2e6b/bin/../lib/gcc/arm-none-eabi/12.3.0/../../../../arm-none-eabi/lib/thumb/libc.a(lib_a-sbrkr.o)
                0x1000ace0                _sbrk_r
 .text          0x1000ad04        0x8 /home/alexey/.arduino15/packages/rp2040/tools/pqt-gcc/2.1.0-a-d3d2e6b/bin/../lib/gcc/arm-none-eabi/12.3.0/../../../../arm-none-eabi/lib/thumb/libc.a(lib_a-sf_nan.o)
                0x1000ad04                nanf
 .text          0x1000ad0c       0x78 /home/alexey/.arduino15/packages/rp2040/tools/pqt-gcc/2.1.0-a-d3d2e6b/bin/../lib/gcc/arm-none-eabi/12.3.0/../../../../arm-none-eabi/lib/thumb/libc.a(lib_a-sprintf.o)
                0x1000ad0c                _siprintf_r
                0x1000ad0c                _sprintf_r
                0x1000ad44                sprintf
                0x1000ad44                siprintf
 .text          0x1000ad84       0x9c /home/alexey/.arduino15/packages/rp2040/tools/pqt-gcc/2.1.0-a-d3d2e6b/bin/../lib/gcc/arm-none-eabi/12.3.0/../../../../arm-none-eabi/lib/thumb/libc.a(lib_a-stdio.o)
                0x1000ad84                __sread
                0x1000adac                __seofread
                0x1000adb0                __swrite
                0x1000ade8                __sseek
                0x1000ae14                __sclose
 .text          0x1000ae20       0x14 /home/alexey/.arduino15/packages/rp2040/tools/pqt-gcc/2.1.0-a-d3d2e6b/bin/../lib/gcc/arm-none-eabi/12.3.0/../../../../arm-none-eabi/lib/thumb/libc.a(lib_a-strcmp.o)
                0x1000ae20                strcmp
 .text          0x1000ae34        0xe /home/alexey/.arduino15/packages/rp2040/tools/pqt-gcc/2.1.0-a-d3d2e6b/bin/../lib/gcc/arm-none-eabi/12.3.0/../../../../arm-none-eabi/lib/thumb/libc.a(lib_a-strlen.o)
                0x1000ae34                strlen
 .text          0x1000ae42       0x22 /home/alexey/.arduino15/packages/rp2040/tools/pqt-gcc/2.1.0-a-d3d2e6b/bin/../lib/gcc/arm-none-eabi/12.3.0/../../../../arm-none-eabi/lib/thumb/libc.a(lib_a-strncmp.o)
                0x1000ae42                strncmp
 .text          0x1000ae64      0xe34 /home/alexey/.arduino15/packages/rp2040/tools/pqt-gcc/2.1.0-a-d3d2e6b/bin/../lib/gcc/arm-none-eabi/12.3.0/../../../../arm-none-eabi/lib/thumb/libc.a(lib_a-strtod.o)
                0x1000ae94                _strtod_l
                0x1000bafc                _strtod_r
                0x1000bb0c                strtod_l
                0x1000bb24                strtod
                0x1000bb40                strtof_l
                0x1000bbec                strtof
 .text          0x1000bc98      0x150 /home/alexey/.arduino15/packages/rp2040/tools/pqt-gcc/2.1.0-a-d3d2e6b/bin/../lib/gcc/arm-none-eabi/12.3.0/../../../../arm-none-eabi/lib/thumb/libc.a(lib_a-strtol.o)
                0x1000bdb0                _strtol_r
                0x1000bdb8                strtol_l
                0x1000bdd0                strtol
 .text          0x1000bde8       0x4a /home/alexey/.arduino15/packages/rp2040/tools/pqt-gcc/2.1.0-a-d3d2e6b/bin/../lib/gcc/arm-none-eabi/12.3.0/../../../../arm-none-eabi/lib/thumb/libc.a(lib_a-vprintf.o)
                0x1000bde8                vprintf
                0x1000bde8                viprintf
                0x1000be0e                _viprintf_r
                0x1000be0e                _vprintf_r
 *fill*         0x1000be32        0x2 
 .text          0x1000be34       0xdc /home/alexey/.arduino15/packages/rp2040/tools/pqt-gcc/2.1.0-a-d3d2e6b/bin/../lib/gcc/arm-none-eabi/12.3.0/../../../../arm-none-eabi/lib/thumb/libc.a(lib_a-wbuf.o)
                0x1000be34                __swbuf_r
                0x1000befc                __swbuf
 .text          0x1000bf10       0x28 /home/alexey/.arduino15/packages/rp2040/tools/pqt-gcc/2.1.0-a-d3d2e6b/bin/../lib/gcc/arm-none-eabi/12.3.0/../../../../arm-none-eabi/lib/thumb/libc.a(lib_a-writer.o)
                0x1000bf10                _write_r
 .text          0x1000bf38       0xe0 /home/alexey/.arduino15/packages/rp2040/tools/pqt-gcc/2.1.0-a-d3d2e6b/bin/../lib/gcc/arm-none-eabi/12.3.0/../../../../arm-none-eabi/lib/thumb/libc.a(lib_a-wsetup.o)
                0x1000bf38                __swsetup_r
 .text          0x1000c018       0x24 /home/alexey/.arduino15/packages/rp2040/tools/pqt-gcc/2.1.0-a-d3d2e6b/bin/../lib/gcc/arm-none-eabi/12.3.0/../../../../arm-none-eabi/lib/thumb/libc.a(lib_a-closer.o)
                0x1000c018                _close_r
 .text          0x1000c03c      0xdc8 /home/alexey/.arduino15/packages/rp2040/tools/pqt-gcc/2.1.0-a-d3d2e6b/bin/../lib/gcc/arm-none-eabi/12.3.0/../../../../arm-none-eabi/lib/thumb/libc.a(lib_a-dtoa.o)
                0x1000c158                _dtoa_r
 .text          0x1000ce04       0xf8 /home/alexey/.arduino15/packages/rp2040/tools/pqt-gcc/2.1.0-a-d3d2e6b/bin/../lib/gcc/arm-none-eabi/12.3.0/../../../../arm-none-eabi/lib/thumb/libc.a(lib_a-fclose.o)
                0x1000ce04                _fclose_r
                0x1000ceec                fclose
 .text          0x1000cefc      0x1cc /home/alexey/.arduino15/packages/rp2040/tools/pqt-gcc/2.1.0-a-d3d2e6b/bin/../lib/gcc/arm-none-eabi/12.3.0/../../../../arm-none-eabi/lib/thumb/libc.a(lib_a-fflush.o)
                0x1000cefc                __sflush_r
                0x1000d01c                _fflush_r
                0x1000d0a0                fflush
 .text          0x1000d0c8      0x20c /home/alexey/.arduino15/packages/rp2040/tools/pqt-gcc/2.1.0-a-d3d2e6b/bin/../lib/gcc/arm-none-eabi/12.3.0/../../../../arm-none-eabi/lib/thumb/libc.a(lib_a-freer.o)
                0x1000d0c8                _malloc_trim_r
                0x1000d164                _free_r
 .text          0x1000d2d4      0x2bc /home/alexey/.arduino15/packages/rp2040/tools/pqt-gcc/2.1.0-a-d3d2e6b/bin/../lib/gcc/arm-none-eabi/12.3.0/../../../../arm-none-eabi/lib/thumb/libc.a(lib_a-fvwrite.o)
                0x1000d2d4                __sfvwrite_r
 .text          0x1000d590      0x54c /home/alexey/.arduino15/packages/rp2040/tools/pqt-gcc/2.1.0-a-d3d2e6b/bin/../lib/gcc/arm-none-eabi/12.3.0/../../../../arm-none-eabi/lib/thumb/libc.a(lib_a-gdtoa-gethex.o)
                0x1000d63c                __hexdig_fun
                0x1000d666                __gethex
 .text          0x1000dadc      0x19c /home/alexey/.arduino15/packages/rp2040/tools/pqt-gcc/2.1.0-a-d3d2e6b/bin/../lib/gcc/arm-none-eabi/12.3.0/../../../../arm-none-eabi/lib/thumb/libc.a(lib_a-gdtoa-hexnan.o)
                0x1000db00                __match
                0x1000db28                __hexnan
 .text          0x1000dc78       0x64 /home/alexey/.arduino15/packages/rp2040/tools/pqt-gcc/2.1.0-a-d3d2e6b/bin/../lib/gcc/arm-none-eabi/12.3.0/../../../../arm-none-eabi/lib/thumb/libc.a(lib_a-locale.o)
                0x1000dc78                _setlocale_r
                0x1000dcb8                __locale_mb_cur_max
                0x1000dcc8                setlocale
 .text          0x1000dcdc       0x14 /home/alexey/.arduino15/packages/rp2040/tools/pqt-gcc/2.1.0-a-d3d2e6b/bin/../lib/gcc/arm-none-eabi/12.3.0/../../../../arm-none-eabi/lib/thumb/libc.a(lib_a-localeconv.o)
                0x1000dcdc                __localeconv_l
                0x1000dce0                _localeconv_r
                0x1000dce8                localeconv
 .text          0x1000dcf0       0x28 /home/alexey/.arduino15/packages/rp2040/tools/pqt-gcc/2.1.0-a-d3d2e6b/bin/../lib/gcc/arm-none-eabi/12.3.0/../../../../arm-none-eabi/lib/thumb/libc.a(lib_a-lseekr.o)
                0x1000dcf0                _lseek_r
 .text          0x1000dd18       0xe8 /home/alexey/.arduino15/packages/rp2040/tools/pqt-gcc/2.1.0-a-d3d2e6b/bin/../lib/gcc/arm-none-eabi/12.3.0/../../../../arm-none-eabi/lib/thumb/libc.a(lib_a-makebuf.o)
                0x1000dd18                __swhatbuf_r
                0x1000dd74                __smakebuf_r
 .text          0x1000de00       0x38 /home/alexey/.arduino15/packages/rp2040/tools/pqt-gcc/2.1.0-a-d3d2e6b/bin/../lib/gcc/arm-none-eabi/12.3.0/../../../../arm-none-eabi/lib/thumb/libc.a(lib_a-mbtowc_r.o)
                0x1000de00                _mbtowc_r
                0x1000de14                __ascii_mbtowc
 .text          0x1000de38      0x9cc /home/alexey/.arduino15/packages/rp2040/tools/pqt-gcc/2.1.0-a-d3d2e6b/bin/../lib/gcc/arm-none-eabi/12.3.0/../../../../arm-none-eabi/lib/thumb/libc.a(lib_a-mprec.o)
                0x1000de38                _Balloc
                0x1000dec0                _Bfree
                0x1000df08                __multadd
                0x1000df90                __s2b
                0x1000e028                __hi0bits
                0x1000e074                __lo0bits
                0x1000e0d0                __i2b
                0x1000e100                __multiply
                0x1000e264                __pow5mult
                0x1000e31c                __lshift
                0x1000e3f4                __mcmp
                0x1000e42a                __mdiff
                0x1000e55c                __ulp
                0x1000e59c                __b2d
                0x1000e634                __d2b
                0x1000e6f4                __ratio
                0x1000e748                _mprec_log10
                0x1000e77c                __copybits
                0x1000e7be                __any_on
 .text          0x1000e804      0x3f8 /home/alexey/.arduino15/packages/rp2040/tools/pqt-gcc/2.1.0-a-d3d2e6b/bin/../lib/gcc/arm-none-eabi/12.3.0/../../../../arm-none-eabi/lib/thumb/libc.a(lib_a-nano-svfprintf.o)
                0x1000e804                __ssputs_r
                0x1000e8c4                __ssprint_r
                0x1000e9c4                _svfprintf_r
                0x1000e9c4                _svfiprintf_r
 .text          0x1000ebfc      0x3a8 /home/alexey/.arduino15/packages/rp2040/tools/pqt-gcc/2.1.0-a-d3d2e6b/bin/../lib/gcc/arm-none-eabi/12.3.0/../../../../arm-none-eabi/lib/thumb/libc.a(lib_a-nano-vfprintf.o)
                0x1000ec26                __sfputs_r
                0x1000ec6e                __sprint_r
                0x1000ecdc                _vfiprintf_r
                0x1000ecdc                _vfprintf_r
                0x1000ef8c                vfiprintf
                0x1000ef8c                vfprintf
 .text          0x1000efa4       0x28 /home/alexey/.arduino15/packages/rp2040/tools/pqt-gcc/2.1.0-a-d3d2e6b/bin/../lib/gcc/arm-none-eabi/12.3.0/../../../../arm-none-eabi/lib/thumb/libc.a(lib_a-readr.o)
                0x1000efa4                _read_r
 .text          0x1000efcc        0xc /home/alexey/.arduino15/packages/rp2040/tools/pqt-gcc/2.1.0-a-d3d2e6b/bin/../lib/gcc/arm-none-eabi/12.3.0/../../../../arm-none-eabi/lib/thumb/libc.a(lib_a-s_nan.o)
                0x1000efcc                nan
 .text          0x1000efd8       0x2c /home/alexey/.arduino15/packages/rp2040/tools/pqt-gcc/2.1.0-a-d3d2e6b/bin/../lib/gcc/arm-none-eabi/12.3.0/../../../../arm-none-eabi/lib/thumb/libc.a(lib_a-wctomb_r.o)
                0x1000efd8                _wctomb_r
                0x1000efe8                __ascii_wctomb
 .text          0x1000f004      0x120 /home/alexey/.arduino15/packages/rp2040/tools/pqt-gcc/2.1.0-a-d3d2e6b/bin/../lib/gcc/arm-none-eabi/12.3.0/../../../../arm-none-eabi/lib/thumb/libc.a(lib_a-fputwc.o)
                0x1000f004                __fputwc
                0x1000f080                _fputwc_r
                0x1000f0d6                fputwc
 .text          0x1000f124       0x24 /home/alexey/.arduino15/packages/rp2040/tools/pqt-gcc/2.1.0-a-d3d2e6b/bin/../lib/gcc/arm-none-eabi/12.3.0/../../../../arm-none-eabi/lib/thumb/libc.a(lib_a-fstatr.o)
                0x1000f124                _fstat_r
 .text          0x1000f148       0x24 /home/alexey/.arduino15/packages/rp2040/tools/pqt-gcc/2.1.0-a-d3d2e6b/bin/../lib/gcc/arm-none-eabi/12.3.0/../../../../arm-none-eabi/lib/thumb/libc.a(lib_a-isattyr.o)
                0x1000f148                _isatty_r
 .text          0x1000f16c       0x44 /home/alexey/.arduino15/packages/rp2040/tools/pqt-gcc/2.1.0-a-d3d2e6b/bin/../lib/gcc/arm-none-eabi/12.3.0/../../../../arm-none-eabi/lib/thumb/libc.a(lib_a-wcrtomb.o)
                0x1000f16c                _wcrtomb_r
                0x1000f198                wcrtomb
 .text._ZL27__getFreeRTOSRecursiveMutexP6__lock
                0x1000f1b0       0x68 /home/alexey/dev/pico/arduino-pico/Fade/build/../../../../../../../tmp/arduino/cores/c64b4fb940d8d4d7c6cb5c1115408555/core.a(lock.cpp.o)
 .text.__retarget_lock_init_recursive
                0x1000f218       0x50 /home/alexey/dev/pico/arduino-pico/Fade/build/../../../../../../../tmp/arduino/cores/c64b4fb940d8d4d7c6cb5c1115408555/core.a(lock.cpp.o)
                0x1000f218                __retarget_lock_init_recursive
 .text.__retarget_lock_close_recursive
                0x1000f268        0x2 /home/alexey/dev/pico/arduino-pico/Fade/build/../../../../../../../tmp/arduino/cores/c64b4fb940d8d4d7c6cb5c1115408555/core.a(lock.cpp.o)
                0x1000f268                __retarget_lock_close_recursive
 *fill*         0x1000f26a        0x2 