Archive member included to satisfy reference by file (symbol)

/home/alexey/dev/pico/arduino-pico/TM1637-pico/build/core/core.a(main.cpp.o)
                              /home/alexey/.arduino15/packages/rp2040/tools/pqt-gcc/2.1.0-a-d3d2e6b/bin/../lib/gcc/arm-none-eabi/12.3.0/../../../../arm-none-eabi/lib/thumb/crt0.o (main)
/home/alexey/dev/pico/arduino-pico/TM1637-pico/build/core/core.a(malloc-lock.cpp.o)
                              /home/alexey/dev/pico/arduino-pico/TM1637-pico/build/core/core.a(main.cpp.o) (__wrap_calloc)
/home/alexey/dev/pico/arduino-pico/TM1637-pico/build/core/core.a(wiring_private.cpp.o)
                              /home/alexey/dev/pico/arduino-pico/TM1637-pico/build/core/core.a(main.cpp.o) (interrupts)
/home/alexey/dev/pico/arduino-pico/TM1637-pico/build/core/core.a(CoreMutex.cpp.o)
                              /home/alexey/dev/pico/arduino-pico/TM1637-pico/build/core/core.a(wiring_private.cpp.o) (_ZN9CoreMutexC1EP5mutexh)
/home/alexey/dev/pico/arduino-pico/TM1637-pico/build/core/core.a(PIOProgram.cpp.o)
                              /home/alexey/dev/pico/arduino-pico/TM1637-pico/build/core/core.a(main.cpp.o) (_ZN10PIOProgramC1EPK11pio_program)
/home/alexey/dev/pico/arduino-pico/TM1637-pico/build/core/core.a(RP2040USB.cpp.o)
                              /home/alexey/dev/pico/arduino-pico/TM1637-pico/build/core/core.a(main.cpp.o) (_Z10__USBStartv)
/home/alexey/dev/pico/arduino-pico/TM1637-pico/build/core/core.a(SerialUSB.cpp.o)
                              /home/alexey/dev/pico/arduino-pico/TM1637-pico/build/core/core.a(main.cpp.o) (_ZN9SerialUSB5beginEm)
/home/alexey/dev/pico/arduino-pico/TM1637-pico/build/core/core.a(_freertos.cpp.o)
                              /home/alexey/dev/pico/arduino-pico/TM1637-pico/build/core/core.a(CoreMutex.cpp.o) (_Z28__get_freertos_mutex_for_ptrP5mutexb)
/home/alexey/dev/pico/arduino-pico/TM1637-pico/build/core/core.a(String.cpp.o)
                              /home/alexey/dev/pico/arduino-pico/TM1637-pico/build/core/core.a(main.cpp.o) (_ZN7arduino6StringD1Ev)
/home/alexey/dev/pico/arduino-pico/TM1637-pico/build/core/core.a(delay.cpp.o)
                              /home/alexey/dev/pico/arduino-pico/TM1637-pico/build/core/core.a(main.cpp.o) (delay)
/home/alexey/dev/pico/arduino-pico/TM1637-pico/build/core/core.a(stdlib_noniso.cpp.o)
                              /home/alexey/dev/pico/arduino-pico/TM1637-pico/build/core/core.a(String.cpp.o) (ltoa)
/home/alexey/.arduino15/packages/rp2040/hardware/rp2040/3.6.0/lib/libpico.a(sync.c.obj)
                              /home/alexey/dev/pico/arduino-pico/TM1637-pico/build/core/core.a(main.cpp.o) (next_striped_spin_lock_num)
/home/alexey/.arduino15/packages/rp2040/hardware/rp2040/3.6.0/lib/libpico.a(gpio.c.obj)
                              /home/alexey/dev/pico/arduino-pico/TM1637-pico/build/sketch/PicoTM1637.cpp.o (gpio_set_function)
/home/alexey/.arduino15/packages/rp2040/hardware/rp2040/3.6.0/lib/libpico.a(irq.c.obj)
                              /home/alexey/dev/pico/arduino-pico/TM1637-pico/build/core/core.a(main.cpp.o) (irq_set_enabled)
/home/alexey/.arduino15/packages/rp2040/hardware/rp2040/3.6.0/lib/libpico.a(irq_handler_chain.S.obj)
                              /home/alexey/.arduino15/packages/rp2040/hardware/rp2040/3.6.0/lib/libpico.a(irq.c.obj) (irq_handler_chain_slots)
/home/alexey/.arduino15/packages/rp2040/hardware/rp2040/3.6.0/lib/libpico.a(mutex.c.obj)
                              /home/alexey/dev/pico/arduino-pico/TM1637-pico/build/core/core.a(main.cpp.o) (mutex_init)
/home/alexey/.arduino15/packages/rp2040/hardware/rp2040/3.6.0/lib/libpico.a(time.c.obj)
                              /home/alexey/dev/pico/arduino-pico/TM1637-pico/build/core/core.a(RP2040USB.cpp.o) (alarm_pool_get_default)
/home/alexey/.arduino15/packages/rp2040/hardware/rp2040/3.6.0/lib/libpico.a(timer.c.obj)
                              /home/alexey/.arduino15/packages/rp2040/hardware/rp2040/3.6.0/lib/libpico.a(time.c.obj) (hardware_alarm_claim)
/home/alexey/.arduino15/packages/rp2040/hardware/rp2040/3.6.0/lib/libpico.a(pheap.c.obj)
                              /home/alexey/.arduino15/packages/rp2040/hardware/rp2040/3.6.0/lib/libpico.a(time.c.obj) (ph_post_alloc_init)
/home/alexey/.arduino15/packages/rp2040/hardware/rp2040/3.6.0/lib/libpico.a(queue.c.obj)
                              /home/alexey/dev/pico/arduino-pico/TM1637-pico/build/core/core.a(main.cpp.o) (queue_init_with_spinlock)
/home/alexey/.arduino15/packages/rp2040/hardware/rp2040/3.6.0/lib/libpico.a(clocks.c.obj)
                              /home/alexey/dev/pico/arduino-pico/TM1637-pico/build/sketch/PicoTM1637.cpp.o (clock_get_hz)
/home/alexey/.arduino15/packages/rp2040/hardware/rp2040/3.6.0/lib/libpico.a(pll.c.obj)
                              /home/alexey/.arduino15/packages/rp2040/hardware/rp2040/3.6.0/lib/libpico.a(clocks.c.obj) (pll_init)
/home/alexey/.arduino15/packages/rp2040/hardware/rp2040/3.6.0/lib/libpico.a(watchdog.c.obj)
[...]
Memory Configuration

Name             Origin             Length             Attributes
FLASH            0x10000000         0x001ff000         xr
RAM              0x20000000         0x00040000         xrw
SCRATCH_X        0x20040000         0x00001000         xrw
SCRATCH_Y        0x20041000         0x00001000         xrw
*default*        0x00000000         0xffffffff

Linker script and memory map

LOAD /home/alexey/.arduino15/packages/rp2040/tools/pqt-gcc/2.1.0-a-d3d2e6b/bin/../lib/gcc/arm-none-eabi/12.3.0/thumb/crti.o
LOAD /home/alexey/.arduino15/packages/rp2040/tools/pqt-gcc/2.1.0-a-d3d2e6b/bin/../lib/gcc/arm-none-eabi/12.3.0/thumb/crtbegin.o
LOAD /home/alexey/.arduino15/packages/rp2040/tools/pqt-gcc/2.1.0-a-d3d2e6b/bin/../lib/gcc/arm-none-eabi/12.3.0/../../../../arm-none-eabi/lib/thumb/crt0.o
                [!provide]                        PROVIDE (_EEPROM_start = 0x101ff000)
                [!provide]                        PROVIDE (_FS_start = 0x101ff000)
                [!provide]                        PROVIDE (_FS_end = 0x101ff000)

.flash_begin    0x10000000        0x0
                0x10000000                        __flash_binary_start = .

.boot2          0x10000000      0x100
                0x10000000                        __boot2_start__ = .
 *(.boot2)
 .boot2         0x10000000      0x100 /home/alexey/dev/pico/arduino-pico/TM1637-pico/build/boot2.o
                0x10000100                        __boot2_end__ = .
                0x00000001                        ASSERT (((__boot2_end__ - __boot2_start__) == 0x100), ERROR: Pico second stage bootloader must be 256 bytes in size)

.ota            0x10000100     0x24e4
 *(.OTA)
 .OTA           0x10000100     0x24e4 /home/alexey/.arduino15/packages/rp2040/hardware/rp2040/3.6.0/lib/ota.o
                0x10000100                _binary_ota_bin_start
                0x100025e4                _binary_ota_bin_end

.partition      0x100025e4      0xa1c
                0x10002ff0                        . = (__flash_binary_start + 0x2ff0)
 *fill*         0x100025e4      0xa0c 
                0x10002ff0        0x4 LONG 0x101ff000
                0x10002ff4        0x4 LONG 0x101ff000
                0x10002ff8        0x4 LONG 0x101ff000
                0x10002ffc        0x4 LONG 0x1ff000

.text           0x10003000     0xc780
                0x10003000                        __logical_binary_start = .
 *(.vectors)
 .vectors       0x10003000       0xd4 /home/alexey/.arduino15/packages/rp2040/hardware/rp2040/3.6.0/lib/libpico.a(crt0.S.obj)
                0x10003000                __vectors
                0x10003000                __VECTOR_TABLE
                0x100030c0                isr_invalid
                0x100030c0                __default_isrs_start
                0x100030c2                isr_nmi
                0x100030c4                isr_hardfault
                0x100030c6                isr_svcall
                0x100030c8                isr_pendsv
                0x100030ca                isr_systick
                0x100030cc                isr_irq30
                0x100030cc                __unhandled_user_irq
                0x100030cc                isr_irq13
                0x100030cc                isr_irq27
                0x100030cc                isr_irq31
                0x100030cc                isr_irq5
                0x100030cc                isr_irq11
                0x100030cc                isr_irq23
                0x100030cc                isr_irq18
                0x100030cc                isr_irq28
                0x100030cc                isr_irq19
                0x100030cc                isr_irq0
                0x100030cc                isr_irq6
                0x100030cc                isr_irq22
                0x100030cc                isr_irq17
                0x100030cc                isr_irq14
                0x100030cc                isr_irq2
                0x100030cc                isr_irq10
                0x100030cc                isr_irq8
                0x100030cc                isr_irq24
                0x100030cc                isr_irq1
                0x100030cc                isr_irq7
                0x100030cc                isr_irq21
                0x100030cc                isr_irq20
                0x100030cc                isr_irq15
                0x100030cc                isr_irq25
                0x100030cc                isr_irq4
                0x100030cc                isr_irq16
                0x100030cc                isr_irq29
                0x100030cc                isr_irq26
                0x100030cc                __default_isrs_end
                0x100030cc                isr_irq3
                0x100030cc                isr_irq12
                0x100030cc                isr_irq9
                0x100030d2                unhandled_user_irq_num_in_r0
 *(.binary_info_header)
 .binary_info_header
                0x100030d4        0x0 /home/alexey/.arduino15/packages/rp2040/hardware/rp2040/3.6.0/lib/libpico.a(crt0.S.obj)
                0x100030d4                        __binary_info_header_end = .
 *(.reset)
 .reset         0x100030d4       0xa0 /home/alexey/.arduino15/packages/rp2040/hardware/rp2040/3.6.0/lib/libpico.a(crt0.S.obj)
                0x100030d4                _entry_point
 *(.init)
 .init          0x10003174        0x4 /home/alexey/.arduino15/packages/rp2040/tools/pqt-gcc/2.1.0-a-d3d2e6b/bin/../lib/gcc/arm-none-eabi/12.3.0/thumb/crti.o
                0x10003174                _init
 *(EXCLUDE_FILE(*dvi.c.o *PicoDVI.cpp.o *divider.S.obj *interp.c.obj *libm.a: *libc.a:*lib_a-mem*.o *libgcc.a:) .text*)
 .text          0x10003178       0x98 /home/alexey/.arduino15/packages/rp2040/tools/pqt-gcc/2.1.0-a-d3d2e6b/bin/../lib/gcc/arm-none-eabi/12.3.0/thumb/crtbegin.o
 .text.pio_sm_put_blocking
                0x10003210       0x18 /home/alexey/dev/pico/arduino-pico/TM1637-pico/build/sketch/PicoTM1637.cpp.o
 .text._Z14set_display_onv
                0x10003228       0x24 /home/alexey/dev/pico/arduino-pico/TM1637-pico/build/sketch/PicoTM1637.cpp.o
                0x10003228                _Z14set_display_onv
 .text._Z18TM1637_put_2_bytesjj
                0x1000324c       0x28 /home/alexey/dev/pico/arduino-pico/TM1637-pico/build/sketch/PicoTM1637.cpp.o
                0x1000324c                _Z18TM1637_put_2_bytesjj
 .text._Z18TM1637_put_4_bytesjj
                0x10003274       0x38 /home/alexey/dev/pico/arduino-pico/TM1637-pico/build/sketch/PicoTM1637.cpp.o
                0x10003274                _Z18TM1637_put_4_bytesjj
 .text._Z10num_to_hexij
                0x100032ac       0x44 /home/alexey/dev/pico/arduino-pico/TM1637-pico/build/sketch/PicoTM1637.cpp.o
                0x100032ac                _Z10num_to_hexij
 .text._Z19fetch_char_encodingc
                0x100032f0       0x48 /home/alexey/dev/pico/arduino-pico/TM1637-pico/build/sketch/PicoTM1637.cpp.o
                0x100032f0                _Z19fetch_char_encodingc
 .text._Z14TM1637_displayib
                0x10003338       0x78 /home/alexey/dev/pico/arduino-pico/TM1637-pico/build/sketch/PicoTM1637.cpp.o
                0x10003338                _Z14TM1637_displayib
 .text._Z19TM1637_display_wordPcb
                0x100033b0       0x68 /home/alexey/dev/pico/arduino-pico/TM1637-pico/build/sketch/PicoTM1637.cpp.o
                0x100033b0                _Z19TM1637_display_wordPcb
 .text._Z20two_digit_to_segmentibb
                0x10003418       0x2c /home/alexey/dev/pico/arduino-pico/TM1637-pico/build/sketch/PicoTM1637.cpp.o
                0x10003418                _Z20two_digit_to_segmentibb
 .text._Z20TM1637_display_rightib
                0x10003444       0x12 /home/alexey/dev/pico/arduino-pico/TM1637-pico/build/sketch/PicoTM1637.cpp.o
                0x10003444                _Z20TM1637_display_rightib
 *fill*         0x10003456        0x2 
 .text._Z19TM1637_display_bothiib
                0x10003458       0x2c /home/alexey/dev/pico/arduino-pico/TM1637-pico/build/sketch/PicoTM1637.cpp.o
                0x10003458                _Z19TM1637_display_bothiib
 .text._Z21TM1637_set_brightnessi
                0x10003484        0xc /home/alexey/dev/pico/arduino-pico/TM1637-pico/build/sketch/PicoTM1637.cpp.o
                0x10003484                _Z21TM1637_set_brightnessi
 .text._Z12TM1637_clearv
                0x10003490       0x38 /home/alexey/dev/pico/arduino-pico/TM1637-pico/build/sketch/PicoTM1637.cpp.o
                0x10003490                _Z12TM1637_clearv
 .text._Z24TM1637_refresh_frequencyv
                0x100034c8       0x78 /home/alexey/dev/pico/arduino-pico/TM1637-pico/build/sketch/PicoTM1637.cpp.o
                0x100034c8                _Z24TM1637_refresh_frequencyv
 .text._Z11TM1637_initjj
                0x10003540      0x138 /home/alexey/dev/pico/arduino-pico/TM1637-pico/build/sketch/PicoTM1637.cpp.o
                0x10003540                _Z11TM1637_initjj
 .text.setup    0x10003678       0xe4 /home/alexey/dev/pico/arduino-pico/TM1637-pico/build/sketch/TM1637-pico.ino.cpp.o
                0x10003678                setup
 .text.loop     0x1000375c        0x2 /home/alexey/dev/pico/arduino-pico/TM1637-pico/build/sketch/TM1637-pico.ino.cpp.o
                0x1000375c                loop
 *fill*         0x1000375e        0x2 
 .text._ZN6RP204015_SystickHandlerEv
                0x10003760       0x1c /home/alexey/dev/pico/arduino-pico/TM1637-pico/build/core/core.a(main.cpp.o)
                0x10003760                _ZN6RP204015_SystickHandlerEv
 .text._ZN6_MFIFO12registerCoreEv.part.0
                0x1000377c       0x24 /home/alexey/dev/pico/arduino-pico/TM1637-pico/build/core/core.a(main.cpp.o)
 .text.main1    0x100037a0       0x30 /home/alexey/dev/pico/arduino-pico/TM1637-pico/build/core/core.a(main.cpp.o)
                0x100037a0                main1
 .text._ZN6_MFIFO5beginEi.part.0.constprop.0
                0x100037d0       0x44 /home/alexey/dev/pico/arduino-pico/TM1637-pico/build/core/core.a(main.cpp.o)
 .text._ZN6RP20405beginEv
                0x10003814       0xb8 /home/alexey/dev/pico/arduino-pico/TM1637-pico/build/core/core.a(main.cpp.o)
                0x10003814                _ZN6RP20405beginEv
 .text.initVariant
                0x100038cc        0x2 /home/alexey/dev/pico/arduino-pico/TM1637-pico/build/core/core.a(main.cpp.o)
                0x100038cc                initVariant
 *fill*         0x100038ce        0x2 
 .text._Z6__loopv
                0x100038d0       0x30 /home/alexey/dev/pico/arduino-pico/TM1637-pico/build/core/core.a(main.cpp.o)
                0x100038d0                _Z6__loopv
 .text.__wrap___getreent
                0x10003900       0x1c /home/alexey/dev/pico/arduino-pico/TM1637-pico/build/core/core.a(main.cpp.o)
                0x10003900                __wrap___getreent
 .text.startup._GLOBAL__sub_I_rp2040
                0x1000391c       0x28 /home/alexey/dev/pico/arduino-pico/TM1637-pico/build/core/core.a(main.cpp.o)
 .text.startup.main
                0x10003944      0x120 /home/alexey/dev/pico/arduino-pico/TM1637-pico/build/core/core.a(main.cpp.o)
                0x10003944                main
 .text.__wrap_malloc
                0x10003a64       0x18 /home/alexey/dev/pico/arduino-pico/TM1637-pico/build/core/core.a(malloc-lock.cpp.o)
                0x10003a64                __wrap_malloc
 .text.__wrap_calloc
                0x10003a7c       0x1c /home/alexey/dev/pico/arduino-pico/TM1637-pico/build/core/core.a(malloc-lock.cpp.o)
                0x10003a7c                __wrap_calloc
 .text.__wrap_realloc
                0x10003a98       0x1c /home/alexey/dev/pico/arduino-pico/TM1637-pico/build/core/core.a(malloc-lock.cpp.o)
                0x10003a98                __wrap_realloc
 .text.__wrap_free
                0x10003ab4       0x14 /home/alexey/dev/pico/arduino-pico/TM1637-pico/build/core/core.a(malloc-lock.cpp.o)
                0x10003ab4                __wrap_free
 .text.interrupts
                0x10003ac8       0x30 /home/alexey/dev/pico/arduino-pico/TM1637-pico/build/core/core.a(wiring_private.cpp.o)
                0x10003ac8                interrupts
 .text.noInterrupts
                0x10003af8       0x3c /home/alexey/dev/pico/arduino-pico/TM1637-pico/build/core/core.a(wiring_private.cpp.o)
                0x10003af8                noInterrupts
 .text.startup._GLOBAL__sub_I_interrupts
                0x10003b34       0x1c /home/alexey/dev/pico/arduino-pico/TM1637-pico/build/core/core.a(wiring_private.cpp.o)
 .text._ZN9CoreMutexC2EP5mutexh
                0x10003b50       0x68 /home/alexey/dev/pico/arduino-pico/TM1637-pico/build/core/core.a(CoreMutex.cpp.o)
                0x10003b50                _ZN9CoreMutexC2EP5mutexh
                0x10003b50                _ZN9CoreMutexC1EP5mutexh
 .text._ZN9CoreMutexD2Ev
                0x10003bb8       0x44 /home/alexey/dev/pico/arduino-pico/TM1637-pico/build/core/core.a(CoreMutex.cpp.o)
                0x10003bb8                _ZN9CoreMutexD2Ev
                0x10003bb8                _ZN9CoreMutexD1Ev
 .text._ZN10PIOProgramC2EPK11pio_program
                0x10003bfc        0xc /home/alexey/dev/pico/arduino-pico/TM1637-pico/build/core/core.a(PIOProgram.cpp.o)
                0x10003bfc                _ZN10PIOProgramC1EPK11pio_program
                0x10003bfc                _ZN10PIOProgramC2EPK11pio_program
 .text._ZN10PIOProgram7prepareEPP8pio_hw_tPiS3_
                0x10003c08      0x198 /home/alexey/dev/pico/arduino-pico/TM1637-pico/build/core/core.a(PIOProgram.cpp.o)
                0x10003c08                _ZN10PIOProgram7prepareEPP8pio_hw_tPiS3_
 .text.startup._GLOBAL__sub_I__ZN10PIOProgramC2EPK11pio_program
                0x10003da0       0x2c /home/alexey/dev/pico/arduino-pico/TM1637-pico/build/core/core.a(PIOProgram.cpp.o)
 .text._ZL10timer_tasklPv
                0x10003dcc       0x18 /home/alexey/dev/pico/arduino-pico/TM1637-pico/build/core/core.a(RP2040USB.cpp.o)
 .text._ZL7usb_irqv
                0x10003de4       0x28 /home/alexey/dev/pico/arduino-pico/TM1637-pico/build/core/core.a(RP2040USB.cpp.o)
 .text.tud_descriptor_device_cb
                0x10003e0c       0xb8 /home/alexey/dev/pico/arduino-pico/TM1637-pico/build/core/core.a(RP2040USB.cpp.o)
                0x10003e0c                tud_descriptor_device_cb
 .text._Z20__SetupDescHIDReportv
                0x10003ec4      0x1cc /home/alexey/dev/pico/arduino-pico/TM1637-pico/build/core/core.a(RP2040USB.cpp.o)
                0x10003ec4                _Z20__SetupDescHIDReportv
 .text.tud_hid_descriptor_report_cb
                0x10004090        0xc /home/alexey/dev/pico/arduino-pico/TM1637-pico/build/core/core.a(RP2040USB.cpp.o)
                0x10004090                tud_hid_descriptor_report_cb
 .text.tud_descriptor_configuration_cb
                0x1000409c        0xc /home/alexey/dev/pico/arduino-pico/TM1637-pico/build/core/core.a(RP2040USB.cpp.o)
                0x1000409c                tud_descriptor_configuration_cb
 .text._Z20__SetupUSBDescriptorv
                0x100040a8      0x1b4 /home/alexey/dev/pico/arduino-pico/TM1637-pico/build/core/core.a(RP2040USB.cpp.o)
                0x100040a8                _Z20__SetupUSBDescriptorv
 .text.tud_descriptor_string_cb
                0x1000425c       0x68 /home/alexey/dev/pico/arduino-pico/TM1637-pico/build/core/core.a(RP2040USB.cpp.o)
                0x1000425c                tud_descriptor_string_cb
 .text._Z10__USBStartv
                0x100042c4       0x9c /home/alexey/dev/pico/arduino-pico/TM1637-pico/build/core/core.a(RP2040USB.cpp.o)
                0x100042c4                _Z10__USBStartv
 .text.tud_hid_get_report_cb
                0x10004360        0x4 /home/alexey/dev/pico/arduino-pico/TM1637-pico/build/core/core.a(RP2040USB.cpp.o)
                0x10004360                tud_hid_get_report_cb
 .text.tud_hid_set_report_cb
                0x10004364        0x2 /home/alexey/dev/pico/arduino-pico/TM1637-pico/build/core/core.a(RP2040USB.cpp.o)
                0x10004364                tud_hid_set_report_cb
 .text.tud_msc_read10_cb
                0x10004366        0x6 /home/alexey/dev/pico/arduino-pico/TM1637-pico/build/core/core.a(RP2040USB.cpp.o)
                0x10004366                tud_msc_read10_cb
 .text.tud_msc_test_unit_ready_cb
                0x1000436c        0x4 /home/alexey/dev/pico/arduino-pico/TM1637-pico/build/core/core.a(RP2040USB.cpp.o)
                0x1000436c                tud_msc_test_unit_ready_cb
 .text.tud_msc_write10_cb
                0x10004370        0x6 /home/alexey/dev/pico/arduino-pico/TM1637-pico/build/core/core.a(RP2040USB.cpp.o)
                0x10004370                tud_msc_write10_cb
 .text.tud_msc_scsi_cb
                0x10004376        0x4 /home/alexey/dev/pico/arduino-pico/TM1637-pico/build/core/core.a(RP2040USB.cpp.o)
                0x10004376                tud_msc_scsi_cb
 .text.tud_msc_capacity_cb
                0x1000437a        0x8 /home/alexey/dev/pico/arduino-pico/TM1637-pico/build/core/core.a(RP2040USB.cpp.o)
                0x1000437a                tud_msc_capacity_cb
 .text.tud_msc_inquiry_cb
                0x10004382        0xa /home/alexey/dev/pico/arduino-pico/TM1637-pico/build/core/core.a(RP2040USB.cpp.o)
                0x10004382                tud_msc_inquiry_cb
 .text._ZN9SerialUSB5beginEmt
                0x1000438c        0xa /home/alexey/dev/pico/arduino-pico/TM1637-pico/build/core/core.a(SerialUSB.cpp.o)
                0x1000438c                _ZN9SerialUSB5beginEmt
 .text._ZN9SerialUSB5beginEm
                0x10004396        0xc /home/alexey/dev/pico/arduino-pico/TM1637-pico/build/core/core.a(SerialUSB.cpp.o)
                0x10004396                _ZN9SerialUSB5beginEm
 .text._ZN9SerialUSB3endEv
                0x100043a2        0x2 /home/alexey/dev/pico/arduino-pico/TM1637-pico/build/core/core.a(SerialUSB.cpp.o)
                0x100043a2                _ZN9SerialUSB3endEv
 .text._ZN9SerialUSB5writeEh
                0x100043a4       0x14 /home/alexey/dev/pico/arduino-pico/TM1637-pico/build/core/core.a(SerialUSB.cpp.o)
                0x100043a4                _ZN9SerialUSB5writeEh
 .text._ZN9SerialUSB4peekEv
                0x100043b8       0x50 /home/alexey/dev/pico/arduino-pico/TM1637-pico/build/core/core.a(SerialUSB.cpp.o)
                0x100043b8                _ZN9SerialUSB4peekEv
 .text._ZN9SerialUSB9availableEv
                0x10004408       0x44 /home/alexey/dev/pico/arduino-pico/TM1637-pico/build/core/core.a(SerialUSB.cpp.o)
                0x10004408                _ZN9SerialUSB9availableEv
 .text._ZN9SerialUSB17availableForWriteEv
                0x1000444c       0x44 /home/alexey/dev/pico/arduino-pico/TM1637-pico/build/core/core.a(SerialUSB.cpp.o)
                0x1000444c                _ZN9SerialUSB17availableForWriteEv
 .text._ZL16CheckSerialResetv
                0x10004490       0x74 /home/alexey/dev/pico/arduino-pico/TM1637-pico/build/core/core.a(SerialUSB.cpp.o)
 .text._ZN9SerialUSB4readEv
                0x10004504       0x5c /home/alexey/dev/pico/arduino-pico/TM1637-pico/build/core/core.a(SerialUSB.cpp.o)
                0x10004504                _ZN9SerialUSB4readEv
 .text._ZN9SerialUSB5flushEv
                0x10004560       0x40 /home/alexey/dev/pico/arduino-pico/TM1637-pico/build/core/core.a(SerialUSB.cpp.o)
                0x10004560                _ZN9SerialUSB5flushEv
 .text._ZN9SerialUSBcvbEv
                0x100045a0       0x40 /home/alexey/dev/pico/arduino-pico/TM1637-pico/build/core/core.a(SerialUSB.cpp.o)
                0x100045a0                _ZN9SerialUSBcvbEv
 .text._ZN9SerialUSB5writeEPKhj
                0x100045e0       0xf4 /home/alexey/dev/pico/arduino-pico/TM1637-pico/build/core/core.a(SerialUSB.cpp.o)
                0x100045e0                _ZN9SerialUSB5writeEPKhj
 .text._Z18__USBInstallSerialv
                0x100046d4        0x2 /home/alexey/dev/pico/arduino-pico/TM1637-pico/build/core/core.a(SerialUSB.cpp.o)
                0x100046d4                _Z18__USBInstallSerialv
 *fill*         0x100046d6        0x2 
 .text.tud_cdc_line_state_cb
                0x100046d8       0x10 /home/alexey/dev/pico/arduino-pico/TM1637-pico/build/core/core.a(SerialUSB.cpp.o)
                0x100046d8                tud_cdc_line_state_cb
 .text.tud_cdc_line_coding_cb
                0x100046e8       0x24 /home/alexey/dev/pico/arduino-pico/TM1637-pico/build/core/core.a(SerialUSB.cpp.o)
                0x100046e8                tud_cdc_line_coding_cb
 .text._ZN7arduino14serialEventRunEv
                0x1000470c       0x20 /home/alexey/dev/pico/arduino-pico/TM1637-pico/build/core/core.a(SerialUSB.cpp.o)
                0x1000470c                _ZN7arduino14serialEventRunEv
 .text.startup._GLOBAL__sub_I__Z18__USBInstallSerialv
                0x1000472c       0x1c /home/alexey/dev/pico/arduino-pico/TM1637-pico/build/core/core.a(SerialUSB.cpp.o)
 .text._Z28__get_freertos_mutex_for_ptrP5mutexb
                0x10004748       0x64 /home/alexey/dev/pico/arduino-pico/TM1637-pico/build/core/core.a(_freertos.cpp.o)
                0x10004748                _Z28__get_freertos_mutex_for_ptrP5mutexb
 .text._ZN7arduino6String10invalidateEv
                0x100047ac       0x18 /home/alexey/dev/pico/arduino-pico/TM1637-pico/build/core/core.a(String.cpp.o)
                0x100047ac                _ZN7arduino6String10invalidateEv
 .text._ZN7arduino6String12changeBufferEj
                0x100047c4       0x18 /home/alexey/dev/pico/arduino-pico/TM1637-pico/build/core/core.a(String.cpp.o)
                0x100047c4                _ZN7arduino6String12changeBufferEj
 .text._ZN7arduino6String7reserveEj
                0x100047dc       0x28 /home/alexey/dev/pico/arduino-pico/TM1637-pico/build/core/core.a(String.cpp.o)
                0x100047dc                _ZN7arduino6String7reserveEj
 .text._ZN7arduino6String4copyEPKcj
                0x10004804       0x32 /home/alexey/dev/pico/arduino-pico/TM1637-pico/build/core/core.a(String.cpp.o)
                0x10004804                _ZN7arduino6String4copyEPKcj
 .text._ZN7arduino6StringC2EPKc
                0x10004836       0x26 /home/alexey/dev/pico/arduino-pico/TM1637-pico/build/core/core.a(String.cpp.o)
                0x10004836                _ZN7arduino6StringC1EPKc
                0x10004836                _ZN7arduino6StringC2EPKc
 .text.delay    0x1000485c        0xc /home/alexey/dev/pico/arduino-pico/TM1637-pico/build/core/core.a(delay.cpp.o)
                0x1000485c                delay
 .text.spin_locks_reset
                0x10004868       0x1c /home/alexey/.arduino15/packages/rp2040/hardware/rp2040/3.6.0/lib/libpico.a(sync.c.obj)
                0x10004868                spin_locks_reset
 .text.next_striped_spin_lock_num
                0x10004884       0x18 /home/alexey/.arduino15/packages/rp2040/hardware/rp2040/3.6.0/lib/libpico.a(sync.c.obj)
                0x10004884                next_striped_spin_lock_num
 .text.spin_lock_claim_unused
                0x1000489c       0x20 /home/alexey/.arduino15/packages/rp2040/hardware/rp2040/3.6.0/lib/libpico.a(sync.c.obj)
                0x1000489c                spin_lock_claim_unused
 .text.gpio_set_function
                0x100048bc       0x2c /home/alexey/.arduino15/packages/rp2040/hardware/rp2040/3.6.0/lib/libpico.a(gpio.c.obj)
                0x100048bc                gpio_set_function
 .text.gpio_set_pulls
                0x100048e8       0x24 /home/alexey/.arduino15/packages/rp2040/hardware/rp2040/3.6.0/lib/libpico.a(gpio.c.obj)
                0x100048e8                gpio_set_pulls
 .text.set_raw_irq_handler_and_unlock
                0x1000490c       0x28 /home/alexey/.arduino15/packages/rp2040/hardware/rp2040/3.6.0/lib/libpico.a(irq.c.obj)
 .text.irq_is_enabled
                0x10004934       0x18 /home/alexey/.arduino15/packages/rp2040/hardware/rp2040/3.6.0/lib/libpico.a(irq.c.obj)
                0x10004934                irq_is_enabled
 .text.irq_set_mask_enabled
                0x1000494c       0x20 /home/alexey/.arduino15/packages/rp2040/hardware/rp2040/3.6.0/lib/libpico.a(irq.c.obj)
                0x1000494c                irq_set_mask_enabled
 .text.irq_set_enabled
                0x1000496c        0xe /home/alexey/.arduino15/packages/rp2040/hardware/rp2040/3.6.0/lib/libpico.a(irq.c.obj)
                0x1000496c                irq_set_enabled
 *fill*         0x1000497a        0x2 
 .text.irq_set_pending
                0x1000497c       0x10 /home/alexey/.arduino15/packages/rp2040/hardware/rp2040/3.6.0/lib/libpico.a(irq.c.obj)
                0x1000497c                irq_set_pending
 .text.irq_get_vtable_handler
                0x1000498c       0x10 /home/alexey/.arduino15/packages/rp2040/hardware/rp2040/3.6.0/lib/libpico.a(irq.c.obj)
                0x1000498c                irq_get_vtable_handler
 .text.irq_set_exclusive_handler
                0x1000499c       0x40 /home/alexey/.arduino15/packages/rp2040/hardware/rp2040/3.6.0/lib/libpico.a(irq.c.obj)
                0x1000499c                irq_set_exclusive_handler
 .text.irq_add_shared_handler
                0x100049dc      0x1a0 /home/alexey/.arduino15/packages/rp2040/hardware/rp2040/3.6.0/lib/libpico.a(irq.c.obj)
                0x100049dc                irq_add_shared_handler
 .text.irq_remove_handler
                0x10004b7c      0x164 /home/alexey/.arduino15/packages/rp2040/hardware/rp2040/3.6.0/lib/libpico.a(irq.c.obj)
                0x10004b7c                irq_remove_handler
 .text.irq_add_tail_to_free_list
                0x10004ce0       0xa0 /home/alexey/.arduino15/packages/rp2040/hardware/rp2040/3.6.0/lib/libpico.a(irq.c.obj)
                0x10004ce0                irq_add_tail_to_free_list
 .text.irq_init_priorities
                0x10004d80       0x24 /home/alexey/.arduino15/packages/rp2040/hardware/rp2040/3.6.0/lib/libpico.a(irq.c.obj)
                0x10004d80                irq_init_priorities
 .text.user_irq_claim_unused
                0x10004da4       0x28 /home/alexey/.arduino15/packages/rp2040/hardware/rp2040/3.6.0/lib/libpico.a(irq.c.obj)
                0x10004da4                user_irq_claim_unused
 .text.mutex_init
                0x10004dcc       0x1a /home/alexey/.arduino15/packages/rp2040/hardware/rp2040/3.6.0/lib/libpico.a(mutex.c.obj)
                0x10004dcc                mutex_init
 .text.recursive_mutex_init
                0x10004de6       0x1a /home/alexey/.arduino15/packages/rp2040/hardware/rp2040/3.6.0/lib/libpico.a(mutex.c.obj)
                0x10004de6                recursive_mutex_init
 .text.time_reached
                0x10004e00       0x28 /home/alexey/.arduino15/packages/rp2040/hardware/rp2040/3.6.0/lib/libpico.a(time.c.obj)
 .text.timer_pool_entry_comparator
                0x10004e28       0x30 /home/alexey/.arduino15/packages/rp2040/hardware/rp2040/3.6.0/lib/libpico.a(time.c.obj)
                0x10004e28                timer_pool_entry_comparator
 .text.alarm_pool_post_alloc_init
                0x10004e58       0x40 /home/alexey/.arduino15/packages/rp2040/hardware/rp2040/3.6.0/lib/libpico.a(time.c.obj)
 .text.sleep_until_callback
                0x10004e98       0x30 /home/alexey/.arduino15/packages/rp2040/hardware/rp2040/3.6.0/lib/libpico.a(time.c.obj)
 .text.ph_add_child_node.isra.0
                0x10004ec8       0x20 /home/alexey/.arduino15/packages/rp2040/hardware/rp2040/3.6.0/lib/libpico.a(time.c.obj)
 .text.add_alarm_under_lock
                0x10004ee8       0xcc /home/alexey/.arduino15/packages/rp2040/hardware/rp2040/3.6.0/lib/libpico.a(time.c.obj)
 .text.alarm_pool_alarm_callback
                0x10004fb4      0x18c /home/alexey/.arduino15/packages/rp2040/hardware/rp2040/3.6.0/lib/libpico.a(time.c.obj)
 .text.alarm_pool_init_default
                0x10005140       0x3c /home/alexey/.arduino15/packages/rp2040/hardware/rp2040/3.6.0/lib/libpico.a(time.c.obj)
                0x10005140                alarm_pool_init_default
 .text.alarm_pool_get_default
                0x1000517c        0x8 /home/alexey/.arduino15/packages/rp2040/hardware/rp2040/3.6.0/lib/libpico.a(time.c.obj)
                0x1000517c                alarm_pool_get_default
 .text.alarm_pool_add_alarm_at
                0x10005184       0xd4 /home/alexey/.arduino15/packages/rp2040/hardware/rp2040/3.6.0/lib/libpico.a(time.c.obj)
                0x10005184                alarm_pool_add_alarm_at
 .text.alarm_pool_cancel_alarm
                0x10005258       0x6a /home/alexey/.arduino15/packages/rp2040/hardware/rp2040/3.6.0/lib/libpico.a(time.c.obj)
                0x10005258                alarm_pool_cancel_alarm
 *fill*         0x100052c2        0x2 
 .text.sleep_until
                0x100052c4       0x98 /home/alexey/.arduino15/packages/rp2040/hardware/rp2040/3.6.0/lib/libpico.a(time.c.obj)
                0x100052c4                sleep_until
 .text.sleep_us
                0x1000535c       0x28 /home/alexey/.arduino15/packages/rp2040/hardware/rp2040/3.6.0/lib/libpico.a(time.c.obj)
                0x1000535c                sleep_us
 .text.sleep_ms
                0x10005384       0x14 /home/alexey/.arduino15/packages/rp2040/hardware/rp2040/3.6.0/lib/libpico.a(time.c.obj)
                0x10005384                sleep_ms
 .text.best_effort_wfe_or_timeout
                0x10005398       0x44 /home/alexey/.arduino15/packages/rp2040/hardware/rp2040/3.6.0/lib/libpico.a(time.c.obj)
                0x10005398                best_effort_wfe_or_timeout
 .text.hardware_alarm_irq_handler
                0x100053dc       0xac /home/alexey/.arduino15/packages/rp2040/hardware/rp2040/3.6.0/lib/libpico.a(timer.c.obj)
 .text.hardware_alarm_claim
                0x10005488       0x18 /home/alexey/.arduino15/packages/rp2040/hardware/rp2040/3.6.0/lib/libpico.a(timer.c.obj)
                0x10005488                hardware_alarm_claim
 .text.time_us_64
                0x100054a0       0x14 /home/alexey/.arduino15/packages/rp2040/hardware/rp2040/3.6.0/lib/libpico.a(timer.c.obj)
                0x100054a0                time_us_64
 .text.busy_wait_until
                0x100054b4       0x1c /home/alexey/.arduino15/packages/rp2040/hardware/rp2040/3.6.0/lib/libpico.a(timer.c.obj)
                0x100054b4                busy_wait_until
 .text.busy_wait_us
                0x100054d0       0x2c /home/alexey/.arduino15/packages/rp2040/hardware/rp2040/3.6.0/lib/libpico.a(timer.c.obj)
                0x100054d0                busy_wait_us
 .text.busy_wait_us_32
                0x100054fc       0x20 /home/alexey/.arduino15/packages/rp2040/hardware/rp2040/3.6.0/lib/libpico.a(timer.c.obj)
                0x100054fc                busy_wait_us_32
 .text.busy_wait_ms
                0x1000551c       0x2c /home/alexey/.arduino15/packages/rp2040/hardware/rp2040/3.6.0/lib/libpico.a(timer.c.obj)
                0x1000551c                busy_wait_ms
 .text.hardware_alarm_set_callback
                0x10005548       0x9c /home/alexey/.arduino15/packages/rp2040/hardware/rp2040/3.6.0/lib/libpico.a(timer.c.obj)
                0x10005548                hardware_alarm_set_callback
 .text.hardware_alarm_set_target
                0x100055e4       0xc0 /home/alexey/.arduino15/packages/rp2040/hardware/rp2040/3.6.0/lib/libpico.a(timer.c.obj)
                0x100055e4                hardware_alarm_set_target
 .text.hardware_alarm_cancel
                0x100056a4       0x40 /home/alexey/.arduino15/packages/rp2040/hardware/rp2040/3.6.0/lib/libpico.a(timer.c.obj)
                0x100056a4                hardware_alarm_cancel
 .text.ph_add_child_node.isra.0
                0x100056e4       0x20 /home/alexey/.arduino15/packages/rp2040/hardware/rp2040/3.6.0/lib/libpico.a(pheap.c.obj)
 .text.ph_merge_nodes
                0x10005704       0x36 /home/alexey/.arduino15/packages/rp2040/hardware/rp2040/3.6.0/lib/libpico.a(pheap.c.obj)
 .text.ph_clear
                0x1000573a       0x34 /home/alexey/.arduino15/packages/rp2040/hardware/rp2040/3.6.0/lib/libpico.a(pheap.c.obj)
                0x1000573a                ph_clear
 .text.ph_post_alloc_init
                0x1000576e        0xe /home/alexey/.arduino15/packages/rp2040/hardware/rp2040/3.6.0/lib/libpico.a(pheap.c.obj)
                0x1000576e                ph_post_alloc_init
 .text.ph_merge_two_pass
                0x1000577c       0x48 /home/alexey/.arduino15/packages/rp2040/hardware/rp2040/3.6.0/lib/libpico.a(pheap.c.obj)
                0x1000577c                ph_merge_two_pass
 .text.ph_remove_any_head
                0x100057c4       0x52 /home/alexey/.arduino15/packages/rp2040/hardware/rp2040/3.6.0/lib/libpico.a(pheap.c.obj)
 .text.ph_remove_head
                0x10005816       0x14 /home/alexey/.arduino15/packages/rp2040/hardware/rp2040/3.6.0/lib/libpico.a(pheap.c.obj)
                0x10005816                ph_remove_head
 .text.ph_remove_and_free_node
                0x1000582a       0x6e /home/alexey/.arduino15/packages/rp2040/hardware/rp2040/3.6.0/lib/libpico.a(pheap.c.obj)
                0x1000582a                ph_remove_and_free_node
 .text.queue_init_with_spinlock
                0x10005898       0x22 /home/alexey/.arduino15/packages/rp2040/hardware/rp2040/3.6.0/lib/libpico.a(queue.c.obj)
                0x10005898                queue_init_with_spinlock
 *fill*         0x100058ba        0x2 
 .text.clock_configure
                0x100058bc       0xec /home/alexey/.arduino15/packages/rp2040/hardware/rp2040/3.6.0/lib/libpico.a(clocks.c.obj)
                0x100058bc                clock_configure
 .text.clocks_init
                0x100059a8       0xf4 /home/alexey/.arduino15/packages/rp2040/hardware/rp2040/3.6.0/lib/libpico.a(clocks.c.obj)
                0x100059a8                clocks_init
 .text.clock_get_hz
                0x10005a9c        0xc /home/alexey/.arduino15/packages/rp2040/hardware/rp2040/3.6.0/lib/libpico.a(clocks.c.obj)
                0x10005a9c                clock_get_hz
 .text.pll_init
                0x10005aa8       0x9c /home/alexey/.arduino15/packages/rp2040/hardware/rp2040/3.6.0/lib/libpico.a(pll.c.obj)
                0x10005aa8                pll_init
 .text.watchdog_start_tick
                0x10005b44       0x10 /home/alexey/.arduino15/packages/rp2040/hardware/rp2040/3.6.0/lib/libpico.a(watchdog.c.obj)
                0x10005b44                watchdog_start_tick
 .text.xosc_init
                0x10005b54       0x28 /home/alexey/.arduino15/packages/rp2040/hardware/rp2040/3.6.0/lib/libpico.a(xosc.c.obj)
                0x10005b54                xosc_init
 .text.exception_get_vtable_handler
                0x10005b7c       0x10 /home/alexey/.arduino15/packages/rp2040/hardware/rp2040/3.6.0/lib/libpico.a(exception.c.obj)
                0x10005b7c                exception_get_vtable_handler
 .text.exception_set_exclusive_handler
                0x10005b8c       0x48 /home/alexey/.arduino15/packages/rp2040/hardware/rp2040/3.6.0/lib/libpico.a(exception.c.obj)
                0x10005b8c                exception_set_exclusive_handler
 .text.rom_func_lookup
                0x10005bd4       0x10 /home/alexey/.arduino15/packages/rp2040/hardware/rp2040/3.6.0/lib/libpico.a(bootrom.c.obj)
                0x10005bd4                rom_func_lookup
 .text.rom_data_lookup
                0x10005be4       0x10 /home/alexey/.arduino15/packages/rp2040/hardware/rp2040/3.6.0/lib/libpico.a(bootrom.c.obj)
                0x10005be4                rom_data_lookup
 .text.rom_funcs_lookup
                0x10005bf4       0x26 /home/alexey/.arduino15/packages/rp2040/hardware/rp2040/3.6.0/lib/libpico.a(bootrom.c.obj)
                0x10005bf4                rom_funcs_lookup
 *fill*         0x10005c1a        0x2 
 .text._pio_find_offset_for_program.isra.0
                0x10005c1c       0x48 /home/alexey/.arduino15/packages/rp2040/hardware/rp2040/3.6.0/lib/libpico.a(pio.c.obj)
 .text._pio_add_program_at_offset
                0x10005c64       0x84 /home/alexey/.arduino15/packages/rp2040/hardware/rp2040/3.6.0/lib/libpico.a(pio.c.obj)
 .text.pio_claim_unused_sm
                0x10005ce8       0x34 /home/alexey/.arduino15/packages/rp2040/hardware/rp2040/3.6.0/lib/libpico.a(pio.c.obj)
                0x10005ce8                pio_claim_unused_sm
 .text.pio_can_add_program
                0x10005d1c       0x2a /home/alexey/.arduino15/packages/rp2040/hardware/rp2040/3.6.0/lib/libpico.a(pio.c.obj)
                0x10005d1c                pio_can_add_program
 *fill*         0x10005d46        0x2 
 .text.pio_add_program
                0x10005d48       0x3c /home/alexey/.arduino15/packages/rp2040/hardware/rp2040/3.6.0/lib/libpico.a(pio.c.obj)
                0x10005d48                pio_add_program
 .text.pio_sm_set_pins_with_mask
                0x10005d84       0x7a /home/alexey/.arduino15/packages/rp2040/hardware/rp2040/3.6.0/lib/libpico.a(pio.c.obj)
                0x10005d84                pio_sm_set_pins_with_mask
 *fill*         0x10005dfe        0x2 
 .text.pio_sm_set_pindirs_with_mask
                0x10005e00       0x7c /home/alexey/.arduino15/packages/rp2040/hardware/rp2040/3.6.0/lib/libpico.a(pio.c.obj)
                0x10005e00                pio_sm_set_pindirs_with_mask
 .text.pio_sm_init
                0x10005e7c       0x8c /home/alexey/.arduino15/packages/rp2040/hardware/rp2040/3.6.0/lib/libpico.a(pio.c.obj)
                0x10005e7c                pio_sm_init
 .text          0x10005f08       0x10 /home/alexey/.arduino15/packages/rp2040/hardware/rp2040/3.6.0/lib/libpico.a(bit_ops_aeabi.S.obj)
 .text.ctzsi    0x10005f18        0xc /home/alexey/.arduino15/packages/rp2040/hardware/rp2040/3.6.0/lib/libpico.a(bit_ops_aeabi.S.obj)
                0x10005f18                __wrap___ctzsi2
 .text.__wrap___aeabi_darithmetic
                0x10005f24       0x80 /home/alexey/.arduino15/packages/rp2040/hardware/rp2040/3.6.0/lib/libpico.a(double_aeabi.S.obj)
                0x10005f24                __wrap___aeabi_drsub
                0x10005f2a                __wrap___aeabi_dsub
                0x10005f3c                __wrap___aeabi_dadd
                0x10005f4e                __wrap___aeabi_ddiv
                0x10005f8a                __wrap___aeabi_dmul
 .text.__wrap___aeabi_cdcmple
                0x10005fa4       0x6c /home/alexey/.arduino15/packages/rp2040/hardware/rp2040/3.6.0/lib/libpico.a(double_aeabi.S.obj)
                0x10005fa4                __wrap___aeabi_cdrcmple
                0x10005fb4                __wrap___aeabi_cdcmple
                0x10005fb4                __wrap___aeabi_cdcmpeq
 .text.__wrap___aeabi_dcmpeq
                0x10006010       0x10 /home/alexey/.arduino15/packages/rp2040/hardware/rp2040/3.6.0/lib/libpico.a(double_aeabi.S.obj)
                0x10006010                __wrap___aeabi_dcmpeq
 .text.__wrap___aeabi_dcmplt
                0x10006020        0xc /home/alexey/.arduino15/packages/rp2040/hardware/rp2040/3.6.0/lib/libpico.a(double_aeabi.S.obj)
                0x10006020                __wrap___aeabi_dcmplt
 .text.__wrap___aeabi_dcmple
                0x1000602c       0x10 /home/alexey/.arduino15/packages/rp2040/hardware/rp2040/3.6.0/lib/libpico.a(double_aeabi.S.obj)
                0x1000602c                __wrap___aeabi_dcmple
 .text.__wrap___aeabi_dcmpge
                0x1000603c       0x10 /home/alexey/.arduino15/packages/rp2040/hardware/rp2040/3.6.0/lib/libpico.a(double_aeabi.S.obj)
                0x1000603c                __wrap___aeabi_dcmpge
 .text.__wrap___aeabi_dcmpgt
                0x1000604c        0xa /home/alexey/.arduino15/packages/rp2040/hardware/rp2040/3.6.0/lib/libpico.a(double_aeabi.S.obj)
                0x1000604c                __wrap___aeabi_dcmpgt
 .text.__wrap___aeabi_dcmpun
                0x10006056       0x1c /home/alexey/.arduino15/packages/rp2040/hardware/rp2040/3.6.0/lib/libpico.a(double_aeabi.S.obj)
                0x10006056                __wrap___aeabi_dcmpun
 *fill*         0x10006072        0x2 
 .text.__wrap___aeabi_i2d
                0x10006074       0x38 /home/alexey/.arduino15/packages/rp2040/hardware/rp2040/3.6.0/lib/libpico.a(double_aeabi.S.obj)
                0x10006074                __wrap___aeabi_ui2d
                0x1000607c                __wrap___aeabi_i2d
 .text.__wrap___aeabi_d2iz
                0x100060ac       0x48 /home/alexey/.arduino15/packages/rp2040/hardware/rp2040/3.6.0/lib/libpico.a(double_aeabi.S.obj)
                0x100060ac                __wrap___aeabi_d2iz
                0x100060ac                double2int_z
 .text.__wrap___aeabi_d2uiz
                0x100060f4       0x18 /home/alexey/.arduino15/packages/rp2040/hardware/rp2040/3.6.0/lib/libpico.a(double_aeabi.S.obj)
                0x100060f4                double2uint
                0x100060f4                __wrap___aeabi_d2uiz
 .text.__wrap___aeabi_l2d
                0x1000610c       0x18 /home/alexey/.arduino15/packages/rp2040/hardware/rp2040/3.6.0/lib/libpico.a(double_aeabi.S.obj)
                0x1000610c                __wrap___aeabi_l2d
 .text.__wrap___aeabi_d2lz
                0x10006124       0x26 /home/alexey/.arduino15/packages/rp2040/hardware/rp2040/3.6.0/lib/libpico.a(double_aeabi.S.obj)
                0x10006124                __wrap___aeabi_d2lz
                0x10006124                double2int64_z
 *fill*         0x1000614a        0x2 
 .text.double2int64
                0x1000614c       0x18 /home/alexey/.arduino15/packages/rp2040/hardware/rp2040/3.6.0/lib/libpico.a(double_aeabi.S.obj)
                0x1000614c                double2int64
 .text.double2ufix64
                0x10006164       0x18 /home/alexey/.arduino15/packages/rp2040/hardware/rp2040/3.6.0/lib/libpico.a(double_aeabi.S.obj)
                0x10006164                double2ufix64
 .text.__wrap___aeabi_d2f
                0x1000617c       0x18 /home/alexey/.arduino15/packages/rp2040/hardware/rp2040/3.6.0/lib/libpico.a(double_aeabi.S.obj)
                0x1000617c                __wrap___aeabi_d2f
 .text.__aeabi_double_init
                0x10006194       0x58 /home/alexey/.arduino15/packages/rp2040/hardware/rp2040/3.6.0/lib/libpico.a(double_init_rom.c.obj)
                0x10006194                __aeabi_double_init
 .text.double_table_shim_on_use_helper
                0x100061ec       0x2c /home/alexey/.arduino15/packages/rp2040/hardware/rp2040/3.6.0/lib/libpico.a(double_v1_rom_shim.S.obj)
                0x100061ec                double_table_shim_on_use_helper
 .text.__wrap___aeabi_dsub
                0x10006218       0x10 /home/alexey/.arduino15/packages/rp2040/hardware/rp2040/3.6.0/lib/libpico.a(double_v1_rom_shim.S.obj)
                0x10006218                drsub_shim
                0x1000621e                dsub_shim
 .text.dadd_shim
                0x10006228      0x15c /home/alexey/.arduino15/packages/rp2040/hardware/rp2040/3.6.0/lib/libpico.a(double_v1_rom_shim.S.obj)
                0x10006228                dadd_shim
 .text.dmul_shim
                0x10006384      0x15c /home/alexey/.arduino15/packages/rp2040/hardware/rp2040/3.6.0/lib/libpico.a(double_v1_rom_shim.S.obj)
                0x10006384                dmul_shim
 .text.ddiv_shim
                0x100064e0      0x1b0 /home/alexey/.arduino15/packages/rp2040/hardware/rp2040/3.6.0/lib/libpico.a(double_v1_rom_shim.S.obj)
                0x100064e0                ddiv_shim
 .text.double2uint_shim
                0x10006690        0xe /home/alexey/.arduino15/packages/rp2040/hardware/rp2040/3.6.0/lib/libpico.a(double_v1_rom_shim.S.obj)
                0x10006690                double2uint_shim
                0x10006692                double2ufix_shim
 .text.double2int64_shim
                0x1000669e       0x1a /home/alexey/.arduino15/packages/rp2040/hardware/rp2040/3.6.0/lib/libpico.a(double_v1_rom_shim.S.obj)
                0x1000669e                double2int64_shim
                0x100066a0                double2fix64_shim
 .text.double2uint64_shim
                0x100066b8       0x70 /home/alexey/.arduino15/packages/rp2040/hardware/rp2040/3.6.0/lib/libpico.a(double_v1_rom_shim.S.obj)
                0x100066b8                double2uint64_shim
                0x100066ba                double2ufix64_shim
                0x100066da                d2fix_a
 .text.double2float_shim
                0x10006728       0x5c /home/alexey/.arduino15/packages/rp2040/hardware/rp2040/3.6.0/lib/libpico.a(double_v1_rom_shim.S.obj)
                0x10006728                double2float_shim
 .text.x2double_shims
                0x10006784       0x90 /home/alexey/.arduino15/packages/rp2040/hardware/rp2040/3.6.0/lib/libpico.a(double_v1_rom_shim.S.obj)
                0x10006784                uint2double_shim
                0x10006786                ufix2double_shim
                0x1000678c                int2double_shim
                0x1000678e                fix2double_shim
                0x10006794                uint642double_shim
                0x10006796                ufix642double_shim
                0x1000679c                int642double_shim
                0x1000679e                fix642double_shim
 .text.dunpacks
                0x10006814       0x3c /home/alexey/.arduino15/packages/rp2040/hardware/rp2040/3.6.0/lib/libpico.a(double_v1_rom_shim.S.obj)
                0x10006814                dunpacks
 .text.__wrap___aeabi_farithmetic
                0x10006850       0x48 /home/alexey/.arduino15/packages/rp2040/hardware/rp2040/3.6.0/lib/libpico.a(float_aeabi.S.obj)
                0x10006850                __wrap___aeabi_frsub
                0x10006856                __wrap___aeabi_fsub
                0x1000685c                __wrap___aeabi_fadd
                0x10006862                __wrap___aeabi_fdiv
                0x1000688a                __wrap___aeabi_fmul
 .text.__wrap___aeabi_cfcmple
                0x10006898       0x50 /home/alexey/.arduino15/packages/rp2040/hardware/rp2040/3.6.0/lib/libpico.a(float_aeabi.S.obj)
                0x10006898                __wrap___aeabi_cfrcmple
                0x100068a4                __wrap___aeabi_cfcmpeq
                0x100068a4                __wrap___aeabi_cfcmple
 .text.__wrap___aeabi_fcmplt
                0x100068e8        0xc /home/alexey/.arduino15/packages/rp2040/hardware/rp2040/3.6.0/lib/libpico.a(float_aeabi.S.obj)
                0x100068e8                __wrap___aeabi_fcmplt
 .text.__wrap___aeabi_fcmple
                0x100068f4       0x10 /home/alexey/.arduino15/packages/rp2040/hardware/rp2040/3.6.0/lib/libpico.a(float_aeabi.S.obj)
                0x100068f4                __wrap___aeabi_fcmple
 .text.__wrap___aeabi_fcmpgt
                0x10006904        0xa /home/alexey/.arduino15/packages/rp2040/hardware/rp2040/3.6.0/lib/libpico.a(float_aeabi.S.obj)
                0x10006904                __wrap___aeabi_fcmpgt
 .text.__wrap___aeabi_fcmpun
                0x1000690e       0x18 /home/alexey/.arduino15/packages/rp2040/hardware/rp2040/3.6.0/lib/libpico.a(float_aeabi.S.obj)
                0x1000690e                __wrap___aeabi_fcmpun
 .text.__wrap___aeabi_ui2f
                0x10006926        0xa /home/alexey/.arduino15/packages/rp2040/hardware/rp2040/3.6.0/lib/libpico.a(float_aeabi.S.obj)
                0x10006926                __wrap___aeabi_ui2f
 .text.__wrap___aeabi_i2f
                0x10006930       0x44 /home/alexey/.arduino15/packages/rp2040/hardware/rp2040/3.6.0/lib/libpico.a(float_aeabi.S.obj)
                0x10006930                __wrap___aeabi_i2f
 .text.__wrap___aeabi_f2uiz
                0x10006974        0xc /home/alexey/.arduino15/packages/rp2040/hardware/rp2040/3.6.0/lib/libpico.a(float_aeabi.S.obj)
                0x10006974                __wrap___aeabi_f2uiz
 .text.__aeabi_float_init
                0x10006980       0x5c /home/alexey/.arduino15/packages/rp2040/hardware/rp2040/3.6.0/lib/libpico.a(float_init_rom.c.obj)
                0x10006980                __aeabi_float_init
 .text.float_table_shim_on_use_helper
                0x100069dc       0x2c /home/alexey/.arduino15/packages/rp2040/hardware/rp2040/3.6.0/lib/libpico.a(float_v1_rom_shim.S.obj)
                0x100069dc                float_table_shim_on_use_helper
 .text.__aeabi_lmul
                0x10006a08       0x32 /home/alexey/.arduino15/packages/rp2040/hardware/rp2040/3.6.0/lib/libpico.a(pico_int64_ops_aeabi.S.obj)
                0x10006a08                __wrap___aeabi_lmul
 *fill*         0x10006a3a        0x2 
 .text          0x10006a3c       0x10 /home/alexey/.arduino15/packages/rp2040/hardware/rp2040/3.6.0/lib/libpico.a(mem_ops_aeabi.S.obj)
                0x10006a3c                __aeabi_mem_init
 .text.memset   0x10006a4c        0xc /home/alexey/.arduino15/packages/rp2040/hardware/rp2040/3.6.0/lib/libpico.a(mem_ops_aeabi.S.obj)
                0x10006a4c                __wrap_memset
 .text.memcpy   0x10006a58        0xc /home/alexey/.arduino15/packages/rp2040/hardware/rp2040/3.6.0/lib/libpico.a(mem_ops_aeabi.S.obj)
                0x10006a58                __wrap___aeabi_memcpy
                0x10006a58                __wrap_memcpy
 .text.multicore_fifo_pop_blocking_inline
                0x10006a64       0x14 /home/alexey/.arduino15/packages/rp2040/hardware/rp2040/3.6.0/lib/libpico.a(multicore.c.obj)
 .text.core1_trampoline
                0x10006a78        0x2 /home/alexey/.arduino15/packages/rp2040/hardware/rp2040/3.6.0/lib/libpico.a(multicore.c.obj)
 .text.core1_wrapper
                0x10006a7a        0xc /home/alexey/.arduino15/packages/rp2040/hardware/rp2040/3.6.0/lib/libpico.a(multicore.c.obj)
                0x10006a7a                core1_wrapper
 .text.multicore_fifo_push_blocking_inline
                0x10006a86       0x12 /home/alexey/.arduino15/packages/rp2040/hardware/rp2040/3.6.0/lib/libpico.a(multicore.c.obj)
 .text.multicore_fifo_pop_blocking
                0x10006a98        0x8 /home/alexey/.arduino15/packages/rp2040/hardware/rp2040/3.6.0/lib/libpico.a(multicore.c.obj)
                0x10006a98                multicore_fifo_pop_blocking
 .text.multicore_launch_core1_raw
                0x10006aa0       0x6a /home/alexey/.arduino15/packages/rp2040/hardware/rp2040/3.6.0/lib/libpico.a(multicore.c.obj)
                0x10006aa0                multicore_launch_core1_raw
 *fill*         0x10006b0a        0x2 
 .text.multicore_launch_core1_with_stack
                0x10006b0c       0x34 /home/alexey/.arduino15/packages/rp2040/hardware/rp2040/3.6.0/lib/libpico.a(multicore.c.obj)
                0x10006b0c                multicore_launch_core1_with_stack
 .text.multicore_launch_core1
                0x10006b40       0x20 /home/alexey/.arduino15/packages/rp2040/hardware/rp2040/3.6.0/lib/libpico.a(multicore.c.obj)
                0x10006b40                multicore_launch_core1
 .text.startup._retrieve_unique_id_on_boot
                0x10006b60       0x10 /home/alexey/.arduino15/packages/rp2040/hardware/rp2040/3.6.0/lib/libpico.a(unique_id.c.obj)
 .text.pico_get_unique_board_id_string
                0x10006b70       0x3c /home/alexey/.arduino15/packages/rp2040/hardware/rp2040/3.6.0/lib/libpico.a(unique_id.c.obj)
                0x10006b70                pico_get_unique_board_id_string
 .text.runtime_init
                0x10006bac       0xcc /home/alexey/.arduino15/packages/rp2040/hardware/rp2040/3.6.0/lib/libpico.a(runtime.c.obj)
                0x10006bac                runtime_init
 .text._exit    0x10006c78        0x4 /home/alexey/.arduino15/packages/rp2040/hardware/rp2040/3.6.0/lib/libpico.a(runtime.c.obj)
                0x10006c78                _exit
 .text._sbrk    0x10006c7c       0x30 /home/alexey/.arduino15/packages/rp2040/hardware/rp2040/3.6.0/lib/libpico.a(runtime.c.obj)
                0x10006c7c                _sbrk
 .text.exit     0x10006cac        0x6 /home/alexey/.arduino15/packages/rp2040/hardware/rp2040/3.6.0/lib/libpico.a(runtime.c.obj)
                0x10006cac                exit
 *fill*         0x10006cb2        0x2 
 .text.__assert_func
                0x10006cb4       0x34 /home/alexey/.arduino15/packages/rp2040/hardware/rp2040/3.6.0/lib/libpico.a(runtime.c.obj)
                0x10006cb4                __assert_func
 .text.panic    0x10006ce8       0x30 /home/alexey/.arduino15/packages/rp2040/hardware/rp2040/3.6.0/lib/libpico.a(runtime.c.obj)
                0x10006ce8                panic
 .text.hard_assertion_failure
                0x10006d18        0xc /home/alexey/.arduino15/packages/rp2040/hardware/rp2040/3.6.0/lib/libpico.a(runtime.c.obj)
                0x10006d18                hard_assertion_failure
 .text._Znwj    0x10006d24        0x8 /home/alexey/.arduino15/packages/rp2040/hardware/rp2040/3.6.0/lib/libpico.a(new_delete.cpp.obj)
                0x10006d24                _Znwj
 .text.set_sys_clock_pll
                0x10006d2c       0x78 /home/alexey/.arduino15/packages/rp2040/hardware/rp2040/3.6.0/lib/libpico.a(stdlib.c.obj)
                0x10006d2c                set_sys_clock_pll
 .text.check_sys_clock_khz
                0x10006da4       0x78 /home/alexey/.arduino15/packages/rp2040/hardware/rp2040/3.6.0/lib/libpico.a(stdlib.c.obj)
                0x10006da4                check_sys_clock_khz
 .text.critical_section_exit
                0x10006e1c       0x10 /home/alexey/.arduino15/packages/rp2040/hardware/rp2040/3.6.0/lib/libpico.a(usbd.c.obj)
 .text.get_driver
                0x10006e2c       0x40 /home/alexey/.arduino15/packages/rp2040/hardware/rp2040/3.6.0/lib/libpico.a(usbd.c.obj)
 .text.critical_section_enter_blocking
                0x10006e6c       0x16 /home/alexey/.arduino15/packages/rp2040/hardware/rp2040/3.6.0/lib/libpico.a(usbd.c.obj)
 .text.invoke_class_control
                0x10006e82       0x1a /home/alexey/.arduino15/packages/rp2040/hardware/rp2040/3.6.0/lib/libpico.a(usbd.c.obj)
 .text.configuration_reset
                0x10006e9c       0x54 /home/alexey/.arduino15/packages/rp2040/hardware/rp2040/3.6.0/lib/libpico.a(usbd.c.obj)
 .text.tud_mounted
                0x10006ef0       0x10 /home/alexey/.arduino15/packages/rp2040/hardware/rp2040/3.6.0/lib/libpico.a(usbd.c.obj)
                0x10006ef0                tud_mounted
 .text.tud_suspended
                0x10006f00       0x10 /home/alexey/.arduino15/packages/rp2040/hardware/rp2040/3.6.0/lib/libpico.a(usbd.c.obj)
                0x10006f00                tud_suspended
 .text.tud_inited
                0x10006f10       0x14 /home/alexey/.arduino15/packages/rp2040/hardware/rp2040/3.6.0/lib/libpico.a(usbd.c.obj)
                0x10006f10                tud_inited
 .text.tud_init
                0x10006f24       0x9c /home/alexey/.arduino15/packages/rp2040/hardware/rp2040/3.6.0/lib/libpico.a(usbd.c.obj)
                0x10006f24                tud_init
 .text.usbd_edpt_open
                0x10006fc0       0x34 /home/alexey/.arduino15/packages/rp2040/hardware/rp2040/3.6.0/lib/libpico.a(usbd.c.obj)
                0x10006fc0                usbd_edpt_open
 .text.usbd_open_edpt_pair
                0x10006ff4       0x4c /home/alexey/.arduino15/packages/rp2040/hardware/rp2040/3.6.0/lib/libpico.a(usbd.c.obj)
                0x10006ff4                usbd_open_edpt_pair
 .text.usbd_edpt_claim
                0x10007040       0x24 /home/alexey/.arduino15/packages/rp2040/hardware/rp2040/3.6.0/lib/libpico.a(usbd.c.obj)
                0x10007040                usbd_edpt_claim
 .text.usbd_edpt_release
                0x10007064       0x24 /home/alexey/.arduino15/packages/rp2040/hardware/rp2040/3.6.0/lib/libpico.a(usbd.c.obj)
                0x10007064                usbd_edpt_release
 .text.usbd_edpt_xfer
                0x10007088       0x48 /home/alexey/.arduino15/packages/rp2040/hardware/rp2040/3.6.0/lib/libpico.a(usbd.c.obj)
                0x10007088                usbd_edpt_xfer
 .text.usbd_edpt_busy
                0x100070d0       0x1c /home/alexey/.arduino15/packages/rp2040/hardware/rp2040/3.6.0/lib/libpico.a(usbd.c.obj)
                0x100070d0                usbd_edpt_busy
 .text.usbd_edpt_stall
                0x100070ec       0x3c /home/alexey/.arduino15/packages/rp2040/hardware/rp2040/3.6.0/lib/libpico.a(usbd.c.obj)
                0x100070ec                usbd_edpt_stall
 .text.usbd_edpt_clear_stall
                0x10007128       0x3c /home/alexey/.arduino15/packages/rp2040/hardware/rp2040/3.6.0/lib/libpico.a(usbd.c.obj)
                0x10007128                usbd_edpt_clear_stall
 .text.usbd_edpt_stalled
                0x10007164       0x1c /home/alexey/.arduino15/packages/rp2040/hardware/rp2040/3.6.0/lib/libpico.a(usbd.c.obj)
                0x10007164                usbd_edpt_stalled
 .text.tud_task_ext
                0x10007180      0x528 /home/alexey/.arduino15/packages/rp2040/hardware/rp2040/3.6.0/lib/libpico.a(usbd.c.obj)
                0x10007180                tud_task_ext
 .text._data_stage_xact
                0x100076a8       0x58 /home/alexey/.arduino15/packages/rp2040/hardware/rp2040/3.6.0/lib/libpico.a(usbd_control.c.obj)
 .text._status_stage_xact.isra.0
                0x10007700       0x12 /home/alexey/.arduino15/packages/rp2040/hardware/rp2040/3.6.0/lib/libpico.a(usbd_control.c.obj)
 *fill*         0x10007712        0x2 
 .text.tud_control_status
                0x10007714       0x24 /home/alexey/.arduino15/packages/rp2040/hardware/rp2040/3.6.0/lib/libpico.a(usbd_control.c.obj)
                0x10007714                tud_control_status
 .text.tud_control_xfer
                0x10007738       0x50 /home/alexey/.arduino15/packages/rp2040/hardware/rp2040/3.6.0/lib/libpico.a(usbd_control.c.obj)
                0x10007738                tud_control_xfer
 .text.usbd_control_reset
                0x10007788       0x14 /home/alexey/.arduino15/packages/rp2040/hardware/rp2040/3.6.0/lib/libpico.a(usbd_control.c.obj)
                0x10007788                usbd_control_reset
 .text.usbd_control_set_complete_callback
                0x1000779c        0xc /home/alexey/.arduino15/packages/rp2040/hardware/rp2040/3.6.0/lib/libpico.a(usbd_control.c.obj)
                0x1000779c                usbd_control_set_complete_callback
 .text.usbd_control_set_request
                0x100077a8       0x1c /home/alexey/.arduino15/packages/rp2040/hardware/rp2040/3.6.0/lib/libpico.a(usbd_control.c.obj)
                0x100077a8                usbd_control_set_request
 .text.usbd_control_xfer_cb
                0x100077c4       0xa4 /home/alexey/.arduino15/packages/rp2040/hardware/rp2040/3.6.0/lib/libpico.a(usbd_control.c.obj)
                0x100077c4                usbd_control_xfer_cb
 .text._prep_out_transaction.isra.0
                0x10007868       0x42 /home/alexey/.arduino15/packages/rp2040/hardware/rp2040/3.6.0/lib/libpico.a(cdc_device.c.obj)
 *fill*         0x100078aa        0x2 
 .text.tud_cdc_n_connected
                0x100078ac       0x30 /home/alexey/.arduino15/packages/rp2040/hardware/rp2040/3.6.0/lib/libpico.a(cdc_device.c.obj)
                0x100078ac                tud_cdc_n_connected
 .text.tud_cdc_n_available
                0x100078dc       0x18 /home/alexey/.arduino15/packages/rp2040/hardware/rp2040/3.6.0/lib/libpico.a(cdc_device.c.obj)
                0x100078dc                tud_cdc_n_available
 .text.tud_cdc_n_read
                0x100078f4       0x28 /home/alexey/.arduino15/packages/rp2040/hardware/rp2040/3.6.0/lib/libpico.a(cdc_device.c.obj)
                0x100078f4                tud_cdc_n_read
 .text.tud_cdc_n_peek
                0x1000791c       0x18 /home/alexey/.arduino15/packages/rp2040/hardware/rp2040/3.6.0/lib/libpico.a(cdc_device.c.obj)
                0x1000791c                tud_cdc_n_peek
 .text.tud_cdc_n_write_flush
                0x10007934       0x78 /home/alexey/.arduino15/packages/rp2040/hardware/rp2040/3.6.0/lib/libpico.a(cdc_device.c.obj)
                0x10007934                tud_cdc_n_write_flush
 .text.tud_cdc_n_write
                0x100079ac       0x30 /home/alexey/.arduino15/packages/rp2040/hardware/rp2040/3.6.0/lib/libpico.a(cdc_device.c.obj)
                0x100079ac                tud_cdc_n_write
 .text.tud_cdc_n_write_available
                0x100079dc       0x18 /home/alexey/.arduino15/packages/rp2040/hardware/rp2040/3.6.0/lib/libpico.a(cdc_device.c.obj)
                0x100079dc                tud_cdc_n_write_available
 .text.cdcd_init
                0x100079f4       0x7c /home/alexey/.arduino15/packages/rp2040/hardware/rp2040/3.6.0/lib/libpico.a(cdc_device.c.obj)
                0x100079f4                cdcd_init
 .text.cdcd_reset
                0x10007a70       0x30 /home/alexey/.arduino15/packages/rp2040/hardware/rp2040/3.6.0/lib/libpico.a(cdc_device.c.obj)
                0x10007a70                cdcd_reset
 .text.cdcd_open
                0x10007aa0       0xa0 /home/alexey/.arduino15/packages/rp2040/hardware/rp2040/3.6.0/lib/libpico.a(cdc_device.c.obj)
                0x10007aa0                cdcd_open
 .text.cdcd_control_xfer_cb
                0x10007b40       0xd8 /home/alexey/.arduino15/packages/rp2040/hardware/rp2040/3.6.0/lib/libpico.a(cdc_device.c.obj)
                0x10007b40                cdcd_control_xfer_cb
 .text.cdcd_xfer_cb
                0x10007c18       0xec /home/alexey/.arduino15/packages/rp2040/hardware/rp2040/3.6.0/lib/libpico.a(cdc_device.c.obj)
                0x10007c18                cdcd_xfer_cb
 .text.hidd_reset
                0x10007d04       0x14 /home/alexey/.arduino15/packages/rp2040/hardware/rp2040/3.6.0/lib/libpico.a(hid_device.c.obj)
                0x10007d04                hidd_reset
 .text.hidd_init
                0x10007d18        0xa /home/alexey/.arduino15/packages/rp2040/hardware/rp2040/3.6.0/lib/libpico.a(hid_device.c.obj)
                0x10007d18                hidd_init
 *fill*         0x10007d22        0x2 
 .text.hidd_open
                0x10007d24       0xb4 /home/alexey/.arduino15/packages/rp2040/hardware/rp2040/3.6.0/lib/libpico.a(hid_device.c.obj)
                0x10007d24                hidd_open
 .text.hidd_control_xfer_cb
                0x10007dd8      0x1e0 /home/alexey/.arduino15/packages/rp2040/hardware/rp2040/3.6.0/lib/libpico.a(hid_device.c.obj)
                0x10007dd8                hidd_control_xfer_cb
 .text.hidd_xfer_cb
                0x10007fb8       0x7c /home/alexey/.arduino15/packages/rp2040/hardware/rp2040/3.6.0/lib/libpico.a(hid_device.c.obj)
                0x10007fb8                hidd_xfer_cb
 .text.fail_scsi_op.constprop.0
                0x10008034       0x54 /home/alexey/.arduino15/packages/rp2040/hardware/rp2040/3.6.0/lib/libpico.a(msc_device.c.obj)
 .text.proc_write10_cmd.constprop.0
                0x10008088       0x54 /home/alexey/.arduino15/packages/rp2040/hardware/rp2040/3.6.0/lib/libpico.a(msc_device.c.obj)
 .text.proc_read10_cmd.constprop.0
                0x100080dc       0xb0 /home/alexey/.arduino15/packages/rp2040/hardware/rp2040/3.6.0/lib/libpico.a(msc_device.c.obj)
 .text.rdwr10_validate_cmd
                0x1000818c       0x58 /home/alexey/.arduino15/packages/rp2040/hardware/rp2040/3.6.0/lib/libpico.a(msc_device.c.obj)
                0x1000818c                rdwr10_validate_cmd
 .text.mscd_init
                0x100081e4       0x14 /home/alexey/.arduino15/packages/rp2040/hardware/rp2040/3.6.0/lib/libpico.a(msc_device.c.obj)
                0x100081e4                mscd_init
 .text.mscd_reset
                0x100081f8       0x14 /home/alexey/.arduino15/packages/rp2040/hardware/rp2040/3.6.0/lib/libpico.a(msc_device.c.obj)
                0x100081f8                mscd_reset
 .text.mscd_open
                0x1000820c       0x68 /home/alexey/.arduino15/packages/rp2040/hardware/rp2040/3.6.0/lib/libpico.a(msc_device.c.obj)
                0x1000820c                mscd_open
 .text.mscd_control_xfer_cb
                0x10008274      0x130 /home/alexey/.arduino15/packages/rp2040/hardware/rp2040/3.6.0/lib/libpico.a(msc_device.c.obj)
                0x10008274                mscd_control_xfer_cb
 .text.mscd_xfer_cb
                0x100083a4      0x4e8 /home/alexey/.arduino15/packages/rp2040/hardware/rp2040/3.6.0/lib/libpico.a(msc_device.c.obj)
                0x100083a4                mscd_xfer_cb
 .text.tusb_init
                0x1000888c        0xa /home/alexey/.arduino15/packages/rp2040/hardware/rp2040/3.6.0/lib/libpico.a(tusb.c.obj)
                0x1000888c                tusb_init
 .text.tusb_inited
                0x10008896        0x8 /home/alexey/.arduino15/packages/rp2040/hardware/rp2040/3.6.0/lib/libpico.a(tusb.c.obj)
                0x10008896                tusb_inited
 .text.tu_edpt_claim
                0x1000889e       0x50 /home/alexey/.arduino15/packages/rp2040/hardware/rp2040/3.6.0/lib/libpico.a(tusb.c.obj)
                0x1000889e                tu_edpt_claim
 .text.tu_edpt_release
                0x100088ee       0x36 /home/alexey/.arduino15/packages/rp2040/hardware/rp2040/3.6.0/lib/libpico.a(tusb.c.obj)
                0x100088ee                tu_edpt_release
 .text.tu_edpt_validate
                0x10008924       0x60 /home/alexey/.arduino15/packages/rp2040/hardware/rp2040/3.6.0/lib/libpico.a(tusb.c.obj)
                0x10008924                tu_edpt_validate
 .text.tu_edpt_bind_driver
                0x10008984       0x26 /home/alexey/.arduino15/packages/rp2040/hardware/rp2040/3.6.0/lib/libpico.a(tusb.c.obj)
                0x10008984                tu_edpt_bind_driver
 .text.advance_index
                0x100089aa       0x16 /home/alexey/.arduino15/packages/rp2040/hardware/rp2040/3.6.0/lib/libpico.a(tusb_fifo.c.obj)
 .text._tu_fifo_peek
                0x100089c0       0x4c /home/alexey/.arduino15/packages/rp2040/hardware/rp2040/3.6.0/lib/libpico.a(tusb_fifo.c.obj)
 .text._ff_pull_const_addr
                0x10008a0c       0x58 /home/alexey/.arduino15/packages/rp2040/hardware/rp2040/3.6.0/lib/libpico.a(tusb_fifo.c.obj)
 .text._tu_fifo_peek_n
                0x10008a64      0x11e /home/alexey/.arduino15/packages/rp2040/hardware/rp2040/3.6.0/lib/libpico.a(tusb_fifo.c.obj)
 .text._tu_fifo_read_n
                0x10008b82       0x4a /home/alexey/.arduino15/packages/rp2040/hardware/rp2040/3.6.0/lib/libpico.a(tusb_fifo.c.obj)
 .text._ff_push_const_addr
                0x10008bcc       0x48 /home/alexey/.arduino15/packages/rp2040/hardware/rp2040/3.6.0/lib/libpico.a(tusb_fifo.c.obj)
 .text._tu_fifo_write_n.part.0
                0x10008c14      0x1a0 /home/alexey/.arduino15/packages/rp2040/hardware/rp2040/3.6.0/lib/libpico.a(tusb_fifo.c.obj)
 .text.tu_fifo_config
                0x10008db4       0x64 /home/alexey/.arduino15/packages/rp2040/hardware/rp2040/3.6.0/lib/libpico.a(tusb_fifo.c.obj)
                0x10008db4                tu_fifo_config
 .text.tu_fifo_count
                0x10008e18       0x28 /home/alexey/.arduino15/packages/rp2040/hardware/rp2040/3.6.0/lib/libpico.a(tusb_fifo.c.obj)
                0x10008e18                tu_fifo_count
 .text.tu_fifo_empty
                0x10008e40        0xe /home/alexey/.arduino15/packages/rp2040/hardware/rp2040/3.6.0/lib/libpico.a(tusb_fifo.c.obj)
                0x10008e40                tu_fifo_empty
 .text.tu_fifo_full
                0x10008e4e       0x26 /home/alexey/.arduino15/packages/rp2040/hardware/rp2040/3.6.0/lib/libpico.a(tusb_fifo.c.obj)
                0x10008e4e                tu_fifo_full
 .text.tu_fifo_remaining
                0x10008e74       0x28 /home/alexey/.arduino15/packages/rp2040/hardware/rp2040/3.6.0/lib/libpico.a(tusb_fifo.c.obj)
                0x10008e74                tu_fifo_remaining
 .text.tu_fifo_read
                0x10008e9c       0x42 /home/alexey/.arduino15/packages/rp2040/hardware/rp2040/3.6.0/lib/libpico.a(tusb_fifo.c.obj)
                0x10008e9c                tu_fifo_read
 .text.tu_fifo_read_n
                0x10008ede        0xa /home/alexey/.arduino15/packages/rp2040/hardware/rp2040/3.6.0/lib/libpico.a(tusb_fifo.c.obj)
                0x10008ede                tu_fifo_read_n
 .text.tu_fifo_peek
                0x10008ee8       0x34 /home/alexey/.arduino15/packages/rp2040/hardware/rp2040/3.6.0/lib/libpico.a(tusb_fifo.c.obj)
                0x10008ee8                tu_fifo_peek
 .text.tu_fifo_write
                0x10008f1c       0x64 /home/alexey/.arduino15/packages/rp2040/hardware/rp2040/3.6.0/lib/libpico.a(tusb_fifo.c.obj)
                0x10008f1c                tu_fifo_write
 .text.tu_fifo_write_n
                0x10008f80       0x12 /home/alexey/.arduino15/packages/rp2040/hardware/rp2040/3.6.0/lib/libpico.a(tusb_fifo.c.obj)
                0x10008f80                tu_fifo_write_n
 .text.tu_fifo_clear
                0x10008f92       0x3e /home/alexey/.arduino15/packages/rp2040/hardware/rp2040/3.6.0/lib/libpico.a(tusb_fifo.c.obj)
                0x10008f92                tu_fifo_clear
 .text.tu_fifo_set_overwritable
                0x10008fd0       0x46 /home/alexey/.arduino15/packages/rp2040/hardware/rp2040/3.6.0/lib/libpico.a(tusb_fifo.c.obj)
                0x10008fd0                tu_fifo_set_overwritable
 *fill*         0x10009016        0x2 
 .text.running_on_fpga
                0x10009018       0x10 /home/alexey/.arduino15/packages/rp2040/hardware/rp2040/3.6.0/lib/libpico.a(platform.c.obj)
                0x10009018                running_on_fpga
 .text.hw_claim_lock
                0x10009028       0x18 /home/alexey/.arduino15/packages/rp2040/hardware/rp2040/3.6.0/lib/libpico.a(claim.c.obj)
                0x10009028                hw_claim_lock
 .text.hw_claim_unlock
                0x10009040       0x14 /home/alexey/.arduino15/packages/rp2040/hardware/rp2040/3.6.0/lib/libpico.a(claim.c.obj)
                0x10009040                hw_claim_unlock
 .text.hw_is_claimed
                0x10009054       0x16 /home/alexey/.arduino15/packages/rp2040/hardware/rp2040/3.6.0/lib/libpico.a(claim.c.obj)
                0x10009054                hw_is_claimed
 .text.hw_claim_or_assert
                0x1000906a       0x3a /home/alexey/.arduino15/packages/rp2040/hardware/rp2040/3.6.0/lib/libpico.a(claim.c.obj)
                0x1000906a                hw_claim_or_assert
 .text.hw_claim_unused_from_range
                0x100090a4       0x52 /home/alexey/.arduino15/packages/rp2040/hardware/rp2040/3.6.0/lib/libpico.a(claim.c.obj)
                0x100090a4                hw_claim_unused_from_range
 *fill*         0x100090f6        0x2 
 .text.lock_init
                0x100090f8       0x10 /home/alexey/.arduino15/packages/rp2040/hardware/rp2040/3.6.0/lib/libpico.a(lock_core.c.obj)
                0x100090f8                lock_init
 .text.critical_section_init_with_lock_num
                0x10009108       0x14 /home/alexey/.arduino15/packages/rp2040/hardware/rp2040/3.6.0/lib/libpico.a(critical_section.c.obj)
                0x10009108                critical_section_init_with_lock_num
 .text.critical_section_init
                0x1000911c       0x14 /home/alexey/.arduino15/packages/rp2040/hardware/rp2040/3.6.0/lib/libpico.a(critical_section.c.obj)
                0x1000911c                critical_section_init
 .text.flash_get_unique_id
                0x10009130       0x42 /home/alexey/.arduino15/packages/rp2040/hardware/rp2040/3.6.0/lib/libpico.a(flash.c.obj)
                0x10009130                flash_get_unique_id
 *fill*         0x10009172        0x2 
 .text.hw_endpoint_init
                0x10009174       0xd8 /home/alexey/.arduino15/packages/rp2040/hardware/rp2040/3.6.0/lib/libpico.a(dcd_rp2040.c.obj)
 .text.dcd_int_enable
                0x1000924c        0xc /home/alexey/.arduino15/packages/rp2040/hardware/rp2040/3.6.0/lib/libpico.a(dcd_rp2040.c.obj)
                0x1000924c                dcd_int_enable
 .text.dcd_set_address
                0x10009258       0x14 /home/alexey/.arduino15/packages/rp2040/hardware/rp2040/3.6.0/lib/libpico.a(dcd_rp2040.c.obj)
                0x10009258                dcd_set_address
 .text.dcd_connect
                0x1000926c       0x10 /home/alexey/.arduino15/packages/rp2040/hardware/rp2040/3.6.0/lib/libpico.a(dcd_rp2040.c.obj)
                0x1000926c                dcd_connect
 .text.dcd_init
                0x1000927c       0x64 /home/alexey/.arduino15/packages/rp2040/hardware/rp2040/3.6.0/lib/libpico.a(dcd_rp2040.c.obj)
                0x1000927c                dcd_init
 .text.dcd_edpt0_status_complete
                0x100092e0       0x18 /home/alexey/.arduino15/packages/rp2040/hardware/rp2040/3.6.0/lib/libpico.a(dcd_rp2040.c.obj)
                0x100092e0                dcd_edpt0_status_complete
 .text.dcd_edpt_open
                0x100092f8       0x20 /home/alexey/.arduino15/packages/rp2040/hardware/rp2040/3.6.0/lib/libpico.a(dcd_rp2040.c.obj)
                0x100092f8                dcd_edpt_open
 .text.dcd_edpt_close_all
                0x10009318        0x8 /home/alexey/.arduino15/packages/rp2040/hardware/rp2040/3.6.0/lib/libpico.a(dcd_rp2040.c.obj)
                0x10009318                dcd_edpt_close_all
 .text.dcd_edpt_xfer
                0x10009320       0x24 /home/alexey/.arduino15/packages/rp2040/hardware/rp2040/3.6.0/lib/libpico.a(dcd_rp2040.c.obj)
                0x10009320                dcd_edpt_xfer
 .text.dcd_edpt_stall
                0x10009344       0x34 /home/alexey/.arduino15/packages/rp2040/hardware/rp2040/3.6.0/lib/libpico.a(dcd_rp2040.c.obj)
                0x10009344                dcd_edpt_stall
 .text.dcd_edpt_clear_stall
                0x10009378       0x2c /home/alexey/.arduino15/packages/rp2040/hardware/rp2040/3.6.0/lib/libpico.a(dcd_rp2040.c.obj)
                0x10009378                dcd_edpt_clear_stall
 .text.rp2040_usb_init
                0x100093a4       0x4c /home/alexey/.arduino15/packages/rp2040/hardware/rp2040/3.6.0/lib/libpico.a(rp2040_usb.c.obj)
                0x100093a4                rp2040_usb_init
 .text.hw_endpoint_xfer_start
                0x100093f0       0x3c /home/alexey/.arduino15/packages/rp2040/hardware/rp2040/3.6.0/lib/libpico.a(rp2040_usb.c.obj)
                0x100093f0                hw_endpoint_xfer_start
 .text._ZStL23local_Rb_tree_decrementPSt18_Rb_tree_node_base
                0x1000942c       0x32 /home/alexey/.arduino15/packages/rp2040/tools/pqt-gcc/2.1.0-a-d3d2e6b/bin/../lib/gcc/arm-none-eabi/12.3.0/../../../../arm-none-eabi/lib/thumb/libstdc++.a(tree.o)
 .text._ZStL25local_Rb_tree_rotate_leftPSt18_Rb_tree_node_baseRS0_
                0x1000945e       0x2e /home/alexey/.arduino15/packages/rp2040/tools/pqt-gcc/2.1.0-a-d3d2e6b/bin/../lib/gcc/arm-none-eabi/12.3.0/../../../../arm-none-eabi/lib/thumb/libstdc++.a(tree.o)
 .text._ZStL26local_Rb_tree_rotate_rightPSt18_Rb_tree_node_baseRS0_
                0x1000948c       0x2e /home/alexey/.arduino15/packages/rp2040/tools/pqt-gcc/2.1.0-a-d3d2e6b/bin/../lib/gcc/arm-none-eabi/12.3.0/../../../../arm-none-eabi/lib/thumb/libstdc++.a(tree.o)
 .text._ZSt18_Rb_tree_decrementPSt18_Rb_tree_node_base
                0x100094ba        0x8 /home/alexey/.arduino15/packages/rp2040/tools/pqt-gcc/2.1.0-a-d3d2e6b/bin/../lib/gcc/arm-none-eabi/12.3.0/../../../../arm-none-eabi/lib/thumb/libstdc++.a(tree.o)
                0x100094ba                _ZSt18_Rb_tree_decrementPSt18_Rb_tree_node_base
 .text._ZSt29_Rb_tree_insert_and_rebalancebPSt18_Rb_tree_node_baseS0_RS_
                0x100094c2       0xc6 /home/alexey/.arduino15/packages/rp2040/tools/pqt-gcc/2.1.0-a-d3d2e6b/bin/../lib/gcc/arm-none-eabi/12.3.0/../../../../arm-none-eabi/lib/thumb/libstdc++.a(tree.o)
                0x100094c2                _ZSt29_Rb_tree_insert_and_rebalancebPSt18_Rb_tree_node_baseS0_RS_
 .text          0x10009588       0x14 /home/alexey/.arduino15/packages/rp2040/tools/pqt-gcc/2.1.0-a-d3d2e6b/bin/../lib/gcc/arm-none-eabi/12.3.0/../../../../arm-none-eabi/lib/thumb/libc.a(lib_a-calloc.o)
                0x10009588                calloc
 .text          0x1000959c       0x9a /home/alexey/.arduino15/packages/rp2040/tools/pqt-gcc/2.1.0-a-d3d2e6b/bin/../lib/gcc/arm-none-eabi/12.3.0/../../../../arm-none-eabi/lib/thumb/libc.a(lib_a-callocr.o)
                0x1000959c                _calloc_r
 .text          0x10009636        0x8 /home/alexey/.arduino15/packages/rp2040/tools/pqt-gcc/2.1.0-a-d3d2e6b/bin/../lib/gcc/arm-none-eabi/12.3.0/../../../../arm-none-eabi/lib/thumb/libc.a(lib_a-errno.o)
                0x10009636                __errno
 *fill*         0x1000963e        0x2 
 .text          0x10009640      0x238 /home/alexey/.arduino15/packages/rp2040/tools/pqt-gcc/2.1.0-a-d3d2e6b/bin/../lib/gcc/arm-none-eabi/12.3.0/../../../../arm-none-eabi/lib/thumb/libc.a(lib_a-findfp.o)
                0x10009688                _cleanup_r
                0x100096c8                __sfmoreglue
                0x100096f4                _cleanup
                0x10009704                __sfp_lock_acquire
                0x10009714                __sfp_lock_release
                0x10009724                __sinit_lock_acquire
                0x10009734                __sinit_lock_release
                0x10009744                __sinit
                0x100097b8                __sfp
                0x10009848                __fp_lock_all
                0x10009860                __fp_unlock_all
 .text          0x10009878       0x70 /home/alexey/.arduino15/packages/rp2040/tools/pqt-gcc/2.1.0-a-d3d2e6b/bin/../lib/gcc/arm-none-eabi/12.3.0/../../../../arm-none-eabi/lib/thumb/libc.a(lib_a-fwalk.o)
                0x10009878                _fwalk
                0x100098ae                _fwalk_reent
 .text          0x100098e8       0x20 /home/alexey/.arduino15/packages/rp2040/tools/pqt-gcc/2.1.0-a-d3d2e6b/bin/../lib/gcc/arm-none-eabi/12.3.0/../../../../arm-none-eabi/lib/thumb/libc.a(lib_a-malloc.o)
                0x100098e8                malloc
                0x100098f8                free
 .text          0x10009908      0x430 /home/alexey/.arduino15/packages/rp2040/tools/pqt-gcc/2.1.0-a-d3d2e6b/bin/../lib/gcc/arm-none-eabi/12.3.0/../../../../arm-none-eabi/lib/thumb/libc.a(lib_a-mallocr.o)
                0x10009908                _malloc_r
 .text          0x10009d38       0x20 /home/alexey/.arduino15/packages/rp2040/tools/pqt-gcc/2.1.0-a-d3d2e6b/bin/../lib/gcc/arm-none-eabi/12.3.0/../../../../arm-none-eabi/lib/thumb/libc.a(lib_a-mlock.o)
                0x10009d38                __malloc_lock
                0x10009d48                __malloc_unlock
 .text          0x10009d58      0x5c4 /home/alexey/.arduino15/packages/rp2040/tools/pqt-gcc/2.1.0-a-d3d2e6b/bin/../lib/gcc/arm-none-eabi/12.3.0/../../../../arm-none-eabi/lib/thumb/libc.a(lib_a-nano-vfprintf_float.o)
                0x10009d58                __cvt
                0x10009e2c                __exponent
                0x10009eac                _printf_float
 .text          0x1000a31c      0x428 /home/alexey/.arduino15/packages/rp2040/tools/pqt-gcc/2.1.0-a-d3d2e6b/bin/../lib/gcc/arm-none-eabi/12.3.0/../../../../arm-none-eabi/lib/thumb/libc.a(lib_a-nano-vfprintf_i.o)
                0x1000a31c                _printf_common
                0x1000a3fa                _printf_i
 .text          0x1000a744      0x41c /home/alexey/.arduino15/packages/rp2040/tools/pqt-gcc/2.1.0-a-d3d2e6b/bin/../lib/gcc/arm-none-eabi/12.3.0/../../../../arm-none-eabi/lib/thumb/libc.a(lib_a-nano-vfscanf_float.o)
                0x1000a744                _scanf_float
 .text          0x1000ab60       0x54 /home/alexey/.arduino15/packages/rp2040/tools/pqt-gcc/2.1.0-a-d3d2e6b/bin/../lib/gcc/arm-none-eabi/12.3.0/../../../../arm-none-eabi/lib/thumb/libc.a(lib_a-printf.o)
                0x1000ab60                _printf_r
                0x1000ab60                _iprintf_r
                0x1000ab88                printf
                0x1000ab88                iprintf
 .text          0x1000abb4       0xe8 /home/alexey/.arduino15/packages/rp2040/tools/pqt-gcc/2.1.0-a-d3d2e6b/bin/../lib/gcc/arm-none-eabi/12.3.0/../../../../arm-none-eabi/lib/thumb/libc.a(lib_a-puts.o)
                0x1000abb4                _puts_r
                0x1000ac8c                puts
 .text          0x1000ac9c       0x14 /home/alexey/.arduino15/packages/rp2040/tools/pqt-gcc/2.1.0-a-d3d2e6b/bin/../lib/gcc/arm-none-eabi/12.3.0/../../../../arm-none-eabi/lib/thumb/libc.a(lib_a-realloc.o)
                0x1000ac9c                realloc
 .text          0x1000acb0      0x354 /home/alexey/.arduino15/packages/rp2040/tools/pqt-gcc/2.1.0-a-d3d2e6b/bin/../lib/gcc/arm-none-eabi/12.3.0/../../../../arm-none-eabi/lib/thumb/libc.a(lib_a-reallocr.o)
                0x1000acb0                _realloc_r
 .text          0x1000b004       0x24 /home/alexey/.arduino15/packages/rp2040/tools/pqt-gcc/2.1.0-a-d3d2e6b/bin/../lib/gcc/arm-none-eabi/12.3.0/../../../../arm-none-eabi/lib/thumb/libc.a(lib_a-sbrkr.o)
                0x1000b004                _sbrk_r
 .text          0x1000b028        0x8 /home/alexey/.arduino15/packages/rp2040/tools/pqt-gcc/2.1.0-a-d3d2e6b/bin/../lib/gcc/arm-none-eabi/12.3.0/../../../../arm-none-eabi/lib/thumb/libc.a(lib_a-sf_nan.o)
                0x1000b028                nanf
 .text          0x1000b030       0x78 /home/alexey/.arduino15/packages/rp2040/tools/pqt-gcc/2.1.0-a-d3d2e6b/bin/../lib/gcc/arm-none-eabi/12.3.0/../../../../arm-none-eabi/lib/thumb/libc.a(lib_a-sprintf.o)
                0x1000b030                _siprintf_r
                0x1000b030                _sprintf_r
                0x1000b068                sprintf
                0x1000b068                siprintf
 .text          0x1000b0a8       0x9c /home/alexey/.arduino15/packages/rp2040/tools/pqt-gcc/2.1.0-a-d3d2e6b/bin/../lib/gcc/arm-none-eabi/12.3.0/../../../../arm-none-eabi/lib/thumb/libc.a(lib_a-stdio.o)
                0x1000b0a8                __sread
                0x1000b0d0                __seofread
                0x1000b0d4                __swrite
                0x1000b10c                __sseek
                0x1000b138                __sclose
 .text          0x1000b144       0x14 /home/alexey/.arduino15/packages/rp2040/tools/pqt-gcc/2.1.0-a-d3d2e6b/bin/../lib/gcc/arm-none-eabi/12.3.0/../../../../arm-none-eabi/lib/thumb/libc.a(lib_a-strcmp.o)
                0x1000b144                strcmp
 .text          0x1000b158        0xe /home/alexey/.arduino15/packages/rp2040/tools/pqt-gcc/2.1.0-a-d3d2e6b/bin/../lib/gcc/arm-none-eabi/12.3.0/../../../../arm-none-eabi/lib/thumb/libc.a(lib_a-strlen.o)
                0x1000b158                strlen
 .text          0x1000b166       0x22 /home/alexey/.arduino15/packages/rp2040/tools/pqt-gcc/2.1.0-a-d3d2e6b/bin/../lib/gcc/arm-none-eabi/12.3.0/../../../../arm-none-eabi/lib/thumb/libc.a(lib_a-strncmp.o)
                0x1000b166                strncmp
 .text          0x1000b188      0xe34 /home/alexey/.arduino15/packages/rp2040/tools/pqt-gcc/2.1.0-a-d3d2e6b/bin/../lib/gcc/arm-none-eabi/12.3.0/../../../../arm-none-eabi/lib/thumb/libc.a(lib_a-strtod.o)
                0x1000b1b8                _strtod_l
                0x1000be20                _strtod_r
                0x1000be30                strtod_l
                0x1000be48                strtod
                0x1000be64                strtof_l
                0x1000bf10                strtof
 .text          0x1000bfbc      0x150 /home/alexey/.arduino15/packages/rp2040/tools/pqt-gcc/2.1.0-a-d3d2e6b/bin/../lib/gcc/arm-none-eabi/12.3.0/../../../../arm-none-eabi/lib/thumb/libc.a(lib_a-strtol.o)
                0x1000c0d4                _strtol_r
                0x1000c0dc                strtol_l
                0x1000c0f4                strtol
 .text          0x1000c10c       0x4a /home/alexey/.arduino15/packages/rp2040/tools/pqt-gcc/2.1.0-a-d3d2e6b/bin/../lib/gcc/arm-none-eabi/12.3.0/../../../../arm-none-eabi/lib/thumb/libc.a(lib_a-vprintf.o)
                0x1000c10c                vprintf
                0x1000c10c                viprintf
                0x1000c132                _viprintf_r
                0x1000c132                _vprintf_r
 *fill*         0x1000c156        0x2 
 .text          0x1000c158       0xdc /home/alexey/.arduino15/packages/rp2040/tools/pqt-gcc/2.1.0-a-d3d2e6b/bin/../lib/gcc/arm-none-eabi/12.3.0/../../../../arm-none-eabi/lib/thumb/libc.a(lib_a-wbuf.o)
                0x1000c158                __swbuf_r
                0x1000c220                __swbuf
 .text          0x1000c234       0x28 /home/alexey/.arduino15/packages/rp2040/tools/pqt-gcc/2.1.0-a-d3d2e6b/bin/../lib/gcc/arm-none-eabi/12.3.0/../../../../arm-none-eabi/lib/thumb/libc.a(lib_a-writer.o)
                0x1000c234                _write_r
 .text          0x1000c25c       0xe0 /home/alexey/.arduino15/packages/rp2040/tools/pqt-gcc/2.1.0-a-d3d2e6b/bin/../lib/gcc/arm-none-eabi/12.3.0/../../../../arm-none-eabi/lib/thumb/libc.a(lib_a-wsetup.o)
                0x1000c25c                __swsetup_r
 .text          0x1000c33c       0x24 /home/alexey/.arduino15/packages/rp2040/tools/pqt-gcc/2.1.0-a-d3d2e6b/bin/../lib/gcc/arm-none-eabi/12.3.0/../../../../arm-none-eabi/lib/thumb/libc.a(lib_a-closer.o)
                0x1000c33c                _close_r
 .text          0x1000c360      0xdc8 /home/alexey/.arduino15/packages/rp2040/tools/pqt-gcc/2.1.0-a-d3d2e6b/bin/../lib/gcc/arm-none-eabi/12.3.0/../../../../arm-none-eabi/lib/thumb/libc.a(lib_a-dtoa.o)
                0x1000c47c                _dtoa_r
 .text          0x1000d128       0xf8 /home/alexey/.arduino15/packages/rp2040/tools/pqt-gcc/2.1.0-a-d3d2e6b/bin/../lib/gcc/arm-none-eabi/12.3.0/../../../../arm-none-eabi/lib/thumb/libc.a(lib_a-fclose.o)
                0x1000d128                _fclose_r
                0x1000d210                fclose
 .text          0x1000d220      0x1cc /home/alexey/.arduino15/packages/rp2040/tools/pqt-gcc/2.1.0-a-d3d2e6b/bin/../lib/gcc/arm-none-eabi/12.3.0/../../../../arm-none-eabi/lib/thumb/libc.a(lib_a-fflush.o)
                0x1000d220                __sflush_r
                0x1000d340                _fflush_r
                0x1000d3c4                fflush
 .text          0x1000d3ec      0x20c /home/alexey/.arduino15/packages/rp2040/tools/pqt-gcc/2.1.0-a-d3d2e6b/bin/../lib/gcc/arm-none-eabi/12.3.0/../../../../arm-none-eabi/lib/thumb/libc.a(lib_a-freer.o)
                0x1000d3ec                _malloc_trim_r
                0x1000d488                _free_r
 .text          0x1000d5f8      0x2bc /home/alexey/.arduino15/packages/rp2040/tools/pqt-gcc/2.1.0-a-d3d2e6b/bin/../lib/gcc/arm-none-eabi/12.3.0/../../../../arm-none-eabi/lib/thumb/libc.a(lib_a-fvwrite.o)
                0x1000d5f8                __sfvwrite_r
 .text          0x1000d8b4      0x54c /home/alexey/.arduino15/packages/rp2040/tools/pqt-gcc/2.1.0-a-d3d2e6b/bin/../lib/gcc/arm-none-eabi/12.3.0/../../../../arm-none-eabi/lib/thumb/libc.a(lib_a-gdtoa-gethex.o)
                0x1000d960                __hexdig_fun
                0x1000d98a                __gethex
 .text          0x1000de00      0x19c /home/alexey/.arduino15/packages/rp2040/tools/pqt-gcc/2.1.0-a-d3d2e6b/bin/../lib/gcc/arm-none-eabi/12.3.0/../../../../arm-none-eabi/lib/thumb/libc.a(lib_a-gdtoa-hexnan.o)
                0x1000de24                __match
                0x1000de4c                __hexnan
 .text          0x1000df9c       0x64 /home/alexey/.arduino15/packages/rp2040/tools/pqt-gcc/2.1.0-a-d3d2e6b/bin/../lib/gcc/arm-none-eabi/12.3.0/../../../../arm-none-eabi/lib/thumb/libc.a(lib_a-locale.o)
                0x1000df9c                _setlocale_r
                0x1000dfdc                __locale_mb_cur_max
                0x1000dfec                setlocale
 .text          0x1000e000       0x14 /home/alexey/.arduino15/packages/rp2040/tools/pqt-gcc/2.1.0-a-d3d2e6b/bin/../lib/gcc/arm-none-eabi/12.3.0/../../../../arm-none-eabi/lib/thumb/libc.a(lib_a-localeconv.o)
                0x1000e000                __localeconv_l
                0x1000e004                _localeconv_r
                0x1000e00c                localeconv
 .text          0x1000e014       0x28 /home/alexey/.arduino15/packages/rp2040/tools/pqt-gcc/2.1.0-a-d3d2e6b/bin/../lib/gcc/arm-none-eabi/12.3.0/../../../../arm-none-eabi/lib/thumb/libc.a(lib_a-lseekr.o)
                0x1000e014                _lseek_r
 .text          0x1000e03c       0xe8 /home/alexey/.arduino15/packages/rp2040/tools/pqt-gcc/2.1.0-a-d3d2e6b/bin/../lib/gcc/arm-none-eabi/12.3.0/../../../../arm-none-eabi/lib/thumb/libc.a(lib_a-makebuf.o)
                0x1000e03c                __swhatbuf_r
                0x1000e098                __smakebuf_r
 .text          0x1000e124       0x38 /home/alexey/.arduino15/packages/rp2040/tools/pqt-gcc/2.1.0-a-d3d2e6b/bin/../lib/gcc/arm-none-eabi/12.3.0/../../../../arm-none-eabi/lib/thumb/libc.a(lib_a-mbtowc_r.o)
                0x1000e124                _mbtowc_r
                0x1000e138                __ascii_mbtowc
 .text          0x1000e15c      0x9cc /home/alexey/.arduino15/packages/rp2040/tools/pqt-gcc/2.1.0-a-d3d2e6b/bin/../lib/gcc/arm-none-eabi/12.3.0/../../../../arm-none-eabi/lib/thumb/libc.a(lib_a-mprec.o)
                0x1000e15c                _Balloc
                0x1000e1e4                _Bfree
                0x1000e22c                __multadd
                0x1000e2b4                __s2b
                0x1000e34c                __hi0bits
                0x1000e398                __lo0bits
                0x1000e3f4                __i2b
                0x1000e424                __multiply
                0x1000e588                __pow5mult
                0x1000e640                __lshift
                0x1000e718                __mcmp
                0x1000e74e                __mdiff
                0x1000e880                __ulp
                0x1000e8c0                __b2d
                0x1000e958                __d2b
                0x1000ea18                __ratio
                0x1000ea6c                _mprec_log10
                0x1000eaa0                __copybits
                0x1000eae2                __any_on
 .text          0x1000eb28      0x3f8 /home/alexey/.arduino15/packages/rp2040/tools/pqt-gcc/2.1.0-a-d3d2e6b/bin/../lib/gcc/arm-none-eabi/12.3.0/../../../../arm-none-eabi/lib/thumb/libc.a(lib_a-nano-svfprintf.o)
                0x1000eb28                __ssputs_r
                0x1000ebe8                __ssprint_r
                0x1000ece8                _svfprintf_r
                0x1000ece8                _svfiprintf_r
 .text          0x1000ef20      0x3a8 /home/alexey/.arduino15/packages/rp2040/tools/pqt-gcc/2.1.0-a-d3d2e6b/bin/../lib/gcc/arm-none-eabi/12.3.0/../../../../arm-none-eabi/lib/thumb/libc.a(lib_a-nano-vfprintf.o)
                0x1000ef4a                __sfputs_r
                0x1000ef92                __sprint_r
                0x1000f000                _vfiprintf_r
                0x1000f000                _vfprintf_r
                0x1000f2b0                vfiprintf
                0x1000f2b0                vfprintf
 .text          0x1000f2c8       0x28 /home/alexey/.arduino15/packages/rp2040/tools/pqt-gcc/2.1.0-a-d3d2e6b/bin/../lib/gcc/arm-none-eabi/12.3.0/../../../../arm-none-eabi/lib/thumb/libc.a(lib_a-readr.o)
                0x1000f2c8                _read_r
 .text          0x1000f2f0        0xc /home/alexey/.arduino15/packages/rp2040/tools/pqt-gcc/2.1.0-a-d3d2e6b/bin/../lib/gcc/arm-none-eabi/12.3.0/../../../../arm-none-eabi/lib/thumb/libc.a(lib_a-s_nan.o)
                0x1000f2f0                nan
 .text          0x1000f2fc       0x2c /home/alexey/.arduino15/packages/rp2040/tools/pqt-gcc/2.1.0-a-d3d2e6b/bin/../lib/gcc/arm-none-eabi/12.3.0/../../../../arm-none-eabi/lib/thumb/libc.a(lib_a-wctomb_r.o)
                0x1000f2fc                _wctomb_r
                0x1000f30c                __ascii_wctomb
 .text          0x1000f328      0x120 /home/alexey/.arduino15/packages/rp2040/tools/pqt-gcc/2.1.0-a-d3d2e6b/bin/../lib/gcc/arm-none-eabi/12.3.0/../../../../arm-none-eabi/lib/thumb/libc.a(lib_a-fputwc.o)
                0x1000f328                __fputwc
                0x1000f3a4                _fputwc_r
                0x1000f3fa                fputwc
 .text          0x1000f448       0x24 /home/alexey/.arduino15/packages/rp2040/tools/pqt-gcc/2.1.0-a-d3d2e6b/bin/../lib/gcc/arm-none-eabi/12.3.0/../../../../arm-none-eabi/lib/thumb/libc.a(lib_a-fstatr.o)
                0x1000f448                _fstat_r
 .text          0x1000f46c       0x24 /home/alexey/.arduino15/packages/rp2040/tools/pqt-gcc/2.1.0-a-d3d2e6b/bin/../lib/gcc/arm-none-eabi/12.3.0/../../../../arm-none-eabi/lib/thumb/libc.a(lib_a-isattyr.o)
                0x1000f46c                _isatty_r
 .text          0x1000f490       0x44 /home/alexey/.arduino15/packages/rp2040/tools/pqt-gcc/2.1.0-a-d3d2e6b/bin/../lib/gcc/arm-none-eabi/12.3.0/../../../../arm-none-eabi/lib/thumb/libc.a(lib_a-wcrtomb.o)
                0x1000f490                _wcrtomb_r
                0x1000f4bc                wcrtomb
 .text._ZL27__getFreeRTOSRecursiveMutexP6__lock
                0x1000f4d4       0x68 /home/alexey/dev/pico/arduino-pico/TM1637-pico/build/core/core.a(lock.cpp.o)
 .text.__retarget_lock_init_recursive
                0x1000f53c       0x50 /home/alexey/dev/pico/arduino-pico/TM1637-pico/build/core/core.a(lock.cpp.o)
                0x1000f53c                __retarget_lock_init_recursive
 .text.__retarget_lock_close_recursive
                0x1000f58c        0x2 /home/alexey/dev/pico/arduino-pico/TM1637-pico/build/core/core.a(lock.cpp.o)
                0x1000f58c                __retarget_lock_close_recursive
 *fill*         0x1000f58e        0x2 
 .text.__retarget_lock_acquire_recursive
                0x1000f590       0x20 /home/alexey/dev/pico/arduino-pico/TM1637-pico/build/core/core.a(lock.cpp.o)
                0x1000f590                __retarget_lock_acquire_recursive
 .text.__retarget_lock_release_recursive
                0x1000f5b0       0x20 /home/alexey/dev/pico/arduino-pico/TM1637-pico/build/core/core.a(lock.cpp.o)
                0x1000f5b0                __retarget_lock_release_recursive
 .text._write   0x1000f5d0        0x4 /home/alexey/dev/pico/arduino-pico/TM1637-pico/build/core/core.a(posix.cpp.o)
                0x1000f5d0                _write
 .text._close   0x1000f5d4       0x10 /home/alexey/dev/pico/arduino-pico/TM1637-pico/build/core/core.a(posix.cpp.o)
                0x1000f5d4                _close
 .text._fstat   0x1000f5e4       0x10 /home/alexey/dev/pico/arduino-pico/TM1637-pico/build/core/core.a(posix.cpp.o)
                0x1000f5e4                _fstat
 .text._isatty  0x1000f5f4       0x10 /home/alexey/dev/pico/arduino-pico/TM1637-pico/build/core/core.a(posix.cpp.o)
                0x1000f5f4                _isatty
 .text._lseek   0x1000f604       0x10 /home/alexey/dev/pico/arduino-pico/TM1637-pico/build/core/core.a(posix.cpp.o)
                0x1000f604                _lseek